 nodehun

 Timestamp is 57cb3293 (Sat Sep  3 20:29:07 2016)

 Preferred load address is 0000000180000000

 Start         Length     Name                   Class
 0001:00000000 00000130H .text$di                CODE
 0001:00000130 00051790H .text$mn                CODE
 0001:000518c0 00000020H .text$mn$00             CODE
 0001:000518e0 00000610H .text$x                 CODE
 0001:00051ef0 00000184H .text$yd                CODE
 0002:00000000 000002d0H .idata$5                DATA
 0002:000002d0 00000010H .00cfg                  DATA
 0002:000002e0 00000008H .CRT$XCA                DATA
 0002:000002e8 00000038H .CRT$XCC                DATA
 0002:00000320 00000010H .CRT$XCL                DATA
 0002:00000330 00000010H .CRT$XCU                DATA
 0002:00000340 00000008H .CRT$XCZ                DATA
 0002:00000348 00000008H .CRT$XIA                DATA
 0002:00000350 00000038H .CRT$XIC                DATA
 0002:00000388 00000008H .CRT$XIZ                DATA
 0002:00000390 00000008H .CRT$XLA                DATA
 0002:00000398 00000008H .CRT$XLZ                DATA
 0002:000003a0 00000008H .CRT$XPA                DATA
 0002:000003a8 00000010H .CRT$XPX                DATA
 0002:000003b8 00000008H .CRT$XPXA               DATA
 0002:000003c0 00000008H .CRT$XPZ                DATA
 0002:000003c8 00000008H .CRT$XTA                DATA
 0002:000003d0 00000010H .CRT$XTZ                DATA
 0002:000003e0 00010e58H .rdata                  DATA
 0002:00011238 00000028H .rdata$T                DATA
 0002:00011260 00000f44H .rdata$r                DATA
 0002:000121a4 00000484H .rdata$zzzdbg           DATA
 0002:00012628 00000008H .rtc$IAA                DATA
 0002:00012630 00000008H .rtc$IZZ                DATA
 0002:00012638 00000008H .rtc$TAA                DATA
 0002:00012640 00000010H .rtc$TZZ                DATA
 0002:00012650 00004940H .xdata                  DATA
 0002:00016f90 00000304H .xdata$x                DATA
 0002:00017294 00000020H .didat$2                DATA
 0002:000172b4 00000024H .didat$3                DATA
 0002:000172d8 00000190H .didat$4                DATA
 0002:00017468 00000b28H .didat$6                DATA
 0002:00017f90 00000190H .didat$7                DATA
 0002:00018120 00000054H .edata                  DATA
 0002:00018174 00000014H .idata$2                DATA
 0002:00018188 00000018H .idata$3                DATA
 0002:000181a0 000002d0H .idata$4                DATA
 0002:00018470 00000682H .idata$6                DATA
 0003:00000000 000211d0H .data                   DATA
 0003:000211d0 00000590H .data$r                 DATA
 0003:00021760 00000190H .didat$5                DATA
 0003:000218f0 000019bcH .bss                    DATA
 0004:00000000 00003cf0H .pdata                  DATA
 0005:00000000 000000bcH .gfids$x                DATA
 0005:000000bc 000001ecH .gfids$y                DATA
 0006:00000000 00000004H .tls                    DATA
 0006:00000004 00000004H .tls$                   DATA
 0006:00000008 00000001H .tls$ZZZ                DATA
 0007:00000000 00000060H .rsrc$01                DATA
 0007:00000060 00000180H .rsrc$02                DATA

  Address         Publics by Value              Rva+Base               Lib:Object

 0000:00000000       __dynamic_value_reloc_table 0000000000000000     <absolute>
 0000:00000000       __guard_iat_count          0000000000000000     <absolute>
 0000:00000000       __guard_longjmp_table      0000000000000000     <absolute>
 0000:00000000       __guard_longjmp_count      0000000000000000     <absolute>
 0000:00000000       __guard_iat_table          0000000000000000     <absolute>
 0000:00000000       __guard_fids_count         0000000000000000     <absolute>
 0000:00000000       ___safe_se_handler_table   0000000000000000     <absolute>
 0000:00000000       ___safe_se_handler_count   0000000000000000     <absolute>
 0000:00000000       __guard_fids_table         0000000000000000     <absolute>
 0000:00000100       __guard_flags              0000000000000100     <absolute>
 0000:00000000       __ImageBase                0000000180000000     <linker-defined>
 0001:00000130       ?_Deallocate@std@@YAXPEAX_K1@Z 0000000180001130 f i nodehun.obj
 0001:000001a0       ?NODE_SET_METHOD@node@@YAXV?$Local@VTemplate@v8@@@v8@@PEBDP6AXAEBV?$FunctionCallbackInfo@VValue@v8@@@3@@Z@Z 00000001800011a0 f i nodehun.obj
 0001:00000250       ?NODE_SET_PROTOTYPE_METHOD@node@@YAXV?$Local@VFunctionTemplate@v8@@@v8@@PEBDP6AXAEBV?$FunctionCallbackInfo@VValue@v8@@@3@@Z@Z 0000000180001250 f i nodehun.obj
 0001:00000360       ??1ObjectWrap@node@@UEAA@XZ 0000000180001360 f i nodehun.obj
 0001:000003d0       ?Wrap@ObjectWrap@node@@IEAAXV?$Local@VObject@v8@@@v8@@@Z 00000001800013d0 f i nodehun.obj
 0001:000004b0       ?Ref@ObjectWrap@node@@MEAAXXZ 00000001800014b0 f i nodehun.obj
 0001:000004f0       ?Unref@ObjectWrap@node@@MEAAXXZ 00000001800014f0 f i nodehun.obj
 0001:000005a0       ?WeakCallback@ObjectWrap@node@@CAXAEBV?$WeakCallbackInfo@VObjectWrap@node@@@v8@@@Z 00000001800015a0 f i nodehun.obj
 0001:00000600       ??_EObjectWrap@node@@UEAAPEAXI@Z 0000000180001600 f i * CIL library *:* CIL module *
 0001:00000600       ??_GObjectWrap@node@@UEAAPEAXI@Z 0000000180001600 f i nodehun.obj
 0001:00000640       ??_GSpellDictionary@Nodehun@@UEAAPEAXI@Z 0000000180001640 f i nodehun.obj
 0001:00000640       ??_ESpellDictionary@Nodehun@@UEAAPEAXI@Z 0000000180001640 f i * CIL library *:* CIL module *
 0001:000006c0       ?Init@SpellDictionary@Nodehun@@SAXV?$Local@VObject@v8@@@v8@@0@Z 00000001800016c0 f   nodehun.obj
 0001:00000980       ?createNewNodehun@SpellDictionary@Nodehun@@KAXAEBV?$FunctionCallbackInfo@VValue@v8@@@v8@@@Z 0000000180001980 f   nodehun.obj
 0001:00000d00       ?createNewNodehunWork@SpellDictionary@Nodehun@@KAXPEAUuv_work_s@@@Z 0000000180001d00 f   nodehun.obj
 0001:00000d70       ?createNewNodehunFinish@SpellDictionary@Nodehun@@KAXPEAUuv_work_s@@H@Z 0000000180001d70 f   nodehun.obj
 0001:00000ed0       ?New@SpellDictionary@Nodehun@@KAXAEBV?$FunctionCallbackInfo@VValue@v8@@@v8@@@Z 0000000180001ed0 f   nodehun.obj
 0001:000011a0       ?isCorrect@SpellDictionary@Nodehun@@KAXAEBV?$FunctionCallbackInfo@VValue@v8@@@v8@@@Z 00000001800021a0 f   nodehun.obj
 0001:000014c0       ?isCorrectSync@SpellDictionary@Nodehun@@KAXAEBV?$FunctionCallbackInfo@VValue@v8@@@v8@@@Z 00000001800024c0 f   nodehun.obj
 0001:00001640       ?checkCorrect@SpellDictionary@Nodehun@@KAXPEAUuv_work_s@@@Z 0000000180002640 f   nodehun.obj
 0001:000016c0       ?sendCorrect@SpellDictionary@Nodehun@@KAXPEAUuv_work_s@@H@Z 00000001800026c0 f   nodehun.obj
 0001:00001870       ?spellSuggest@SpellDictionary@Nodehun@@KAXAEBV?$FunctionCallbackInfo@VValue@v8@@@v8@@@Z 0000000180002870 f   nodehun.obj
 0001:00001b90       ?spellSuggestSync@SpellDictionary@Nodehun@@KAXAEBV?$FunctionCallbackInfo@VValue@v8@@@v8@@@Z 0000000180002b90 f   nodehun.obj
 0001:00001de0       ?spellSuggestions@SpellDictionary@Nodehun@@KAXAEBV?$FunctionCallbackInfo@VValue@v8@@@v8@@@Z 0000000180002de0 f   nodehun.obj
 0001:00002100       ?spellSuggestionsSync@SpellDictionary@Nodehun@@KAXAEBV?$FunctionCallbackInfo@VValue@v8@@@v8@@@Z 0000000180003100 f   nodehun.obj
 0001:00002380       ?spellCheck@SpellDictionary@Nodehun@@IEAAHPEA_NPEAPEAPEADPEBD@Z 0000000180003380 f   nodehun.obj
 0001:00002400       ?checkSuggestions@SpellDictionary@Nodehun@@KAXPEAUuv_work_s@@@Z 0000000180003400 f   nodehun.obj
 0001:00002440       ?sendSuggestions@SpellDictionary@Nodehun@@KAXPEAUuv_work_s@@H@Z 0000000180003440 f   nodehun.obj
 0001:00002750       ?addDictionary@SpellDictionary@Nodehun@@KAXAEBV?$FunctionCallbackInfo@VValue@v8@@@v8@@@Z 0000000180003750 f   nodehun.obj
 0001:00002a40       ?addDictionarySync@SpellDictionary@Nodehun@@KAXAEBV?$FunctionCallbackInfo@VValue@v8@@@v8@@@Z 0000000180003a40 f   nodehun.obj
 0001:00002b80       ?addDictionaryWork@SpellDictionary@Nodehun@@KAXPEAUuv_work_s@@@Z 0000000180003b80 f   nodehun.obj
 0001:00002bf0       ?addDictionaryFinish@SpellDictionary@Nodehun@@KAXPEAUuv_work_s@@H@Z 0000000180003bf0 f   nodehun.obj
 0001:00002d60       ?addWord@SpellDictionary@Nodehun@@KAXAEBV?$FunctionCallbackInfo@VValue@v8@@@v8@@@Z 0000000180003d60 f   nodehun.obj
 0001:00002d70       ?addWordSync@SpellDictionary@Nodehun@@KAXAEBV?$FunctionCallbackInfo@VValue@v8@@@v8@@@Z 0000000180003d70 f   nodehun.obj
 0001:00002d80       ?removeWord@SpellDictionary@Nodehun@@KAXAEBV?$FunctionCallbackInfo@VValue@v8@@@v8@@@Z 0000000180003d80 f   nodehun.obj
 0001:00002d90       ?removeWordSync@SpellDictionary@Nodehun@@KAXAEBV?$FunctionCallbackInfo@VValue@v8@@@v8@@@Z 0000000180003d90 f   nodehun.obj
 0001:00002da0       ?addRemoveWordInit@SpellDictionary@Nodehun@@KAXAEBV?$FunctionCallbackInfo@VValue@v8@@@v8@@_N@Z 0000000180003da0 f   nodehun.obj
 0001:00003180       ?addRemoveWordInitSync@SpellDictionary@Nodehun@@KAXAEBV?$FunctionCallbackInfo@VValue@v8@@@v8@@_N@Z 0000000180004180 f   nodehun.obj
 0001:000032d0       ?addRemoveWord@SpellDictionary@Nodehun@@IEAA_NPEBD_N@Z 00000001800042d0 f   nodehun.obj
 0001:00003350       ?addRemoveWordWork@SpellDictionary@Nodehun@@KAXPEAUuv_work_s@@@Z 0000000180004350 f   nodehun.obj
 0001:00003390       ?addRemoveWordFinish@SpellDictionary@Nodehun@@KAXPEAUuv_work_s@@H@Z 0000000180004390 f   nodehun.obj
 0001:00003570       ?stem@SpellDictionary@Nodehun@@KAXAEBV?$FunctionCallbackInfo@VValue@v8@@@v8@@@Z 0000000180004570 f   nodehun.obj
 0001:00003840       ?stemSync@SpellDictionary@Nodehun@@KAXAEBV?$FunctionCallbackInfo@VValue@v8@@@v8@@@Z 0000000180004840 f   nodehun.obj
 0001:00003af0       ?stemWork@SpellDictionary@Nodehun@@KAXPEAUuv_work_s@@@Z 0000000180004af0 f   nodehun.obj
 0001:00003b70       ?analyzeFinish@SpellDictionary@Nodehun@@KAXPEAUuv_work_s@@H@Z 0000000180004b70 f   nodehun.obj
 0001:00003b70       ?stemFinish@SpellDictionary@Nodehun@@KAXPEAUuv_work_s@@H@Z 0000000180004b70 f   nodehun.obj
 0001:00003dc0       ?generate@SpellDictionary@Nodehun@@KAXAEBV?$FunctionCallbackInfo@VValue@v8@@@v8@@@Z 0000000180004dc0 f   nodehun.obj
 0001:00004150       ?generateSync@SpellDictionary@Nodehun@@KAXAEBV?$FunctionCallbackInfo@VValue@v8@@@v8@@@Z 0000000180005150 f   nodehun.obj
 0001:000044c0       ?generateWork@SpellDictionary@Nodehun@@KAXPEAUuv_work_s@@@Z 00000001800054c0 f   nodehun.obj
 0001:00004560       ?generateFinish@SpellDictionary@Nodehun@@KAXPEAUuv_work_s@@H@Z 0000000180005560 f   nodehun.obj
 0001:00004830       ?analyze@SpellDictionary@Nodehun@@KAXAEBV?$FunctionCallbackInfo@VValue@v8@@@v8@@@Z 0000000180005830 f   nodehun.obj
 0001:00004b00       ?analyzeSync@SpellDictionary@Nodehun@@KAXAEBV?$FunctionCallbackInfo@VValue@v8@@@v8@@@Z 0000000180005b00 f   nodehun.obj
 0001:00004d60       ?analyzeWork@SpellDictionary@Nodehun@@KAXPEAUuv_work_s@@@Z 0000000180005d60 f   nodehun.obj
 0001:00004df0       ??1?$basic_string@DU?$char_traits@D@std@@V?$allocator@D@2@@std@@QEAA@XZ 0000000180005df0 f i nodehun.obj
 0001:00004e80       ?append@?$basic_string@DU?$char_traits@D@std@@V?$allocator@D@2@@std@@QEAAAEAV12@PEBD_K@Z 0000000180005e80 f i nodehun.obj
 0001:00004fd0       ?append@?$basic_string@DU?$char_traits@D@std@@V?$allocator@D@2@@std@@QEAAAEAV12@AEBV12@_K1@Z 0000000180005fd0 f i nodehun.obj
 0001:00005100       ?_Xlen@?$basic_string@DU?$char_traits@D@std@@V?$allocator@D@2@@std@@QEBAXXZ 0000000180006100 f i nodehun.obj
 0001:00005120       ?_Copy@?$basic_string@DU?$char_traits@D@std@@V?$allocator@D@2@@std@@QEAAX_K0@Z 0000000180006120 f i nodehun.obj
 0001:000052a0       ??$Unwrap@VSpellDictionary@Nodehun@@@ObjectWrap@node@@SAPEAVSpellDictionary@Nodehun@@V?$Local@VObject@v8@@@v8@@@Z 00000001800062a0 f i nodehun.obj
 0001:00005370       __local_stdio_printf_options 0000000180006370 f i hunspell:hunspell.obj
 0001:00005380       sprintf                    0000000180006380 f i hunspell:hunspell.obj
 0001:000053e0       ?Init@Hunspell@@AEAAXPEBD00_N@Z 00000001800063e0 f   hunspell:hunspell.obj
 0001:00005590       ??1Hunspell@@QEAA@XZ       0000000180006590 f   hunspell:hunspell.obj
 0001:00005680       ??_GSuggestMgr@@QEAAPEAXI@Z 0000000180006680 f i hunspell:hunspell.obj
 0001:00005700       ?add_dic@Hunspell@@QEAAHPEBD0@Z 0000000180006700 f   hunspell:hunspell.obj
 0001:000057a0       ?cleanword@Hunspell@@AEAAHPEADPEBDPEAH2@Z 00000001800067a0 f   hunspell:hunspell.obj
 0001:00005ba0       ?mkallcap@Hunspell@@AEAAXPEAD@Z 0000000180006ba0 f   hunspell:hunspell.obj
 0001:00005df0       ?mkallsmall2@Hunspell@@AEAAHPEADPEAUw_char@@H@Z 0000000180006df0 f   hunspell:hunspell.obj
 0001:00005f20       ?spellsharps@Hunspell@@AEAAPEAUhentry@@PEAD0HH0PEAHPEAPEAD@Z 0000000180006f20 f   hunspell:hunspell.obj
 0001:00006090       ?is_keepcase@Hunspell@@AEAAHPEBUhentry@@@Z 0000000180007090 f   hunspell:hunspell.obj
 0001:00006100       ?insert_sug@Hunspell@@AEAAHPEAPEAPEADPEADH@Z 0000000180007100 f   hunspell:hunspell.obj
 0001:00006190       ?spell@Hunspell@@QEAAHPEBDPEAHPEAPEAD@Z 0000000180007190 f   hunspell:hunspell.obj
 0001:000070f0       ?checkword@Hunspell@@AEAAPEAUhentry@@PEBDPEAHPEAPEAD@Z 00000001800080f0 f   hunspell:hunspell.obj
 0001:00007860       ?suggest@Hunspell@@QEAAHPEAPEAPEADPEBD@Z 0000000180008860 f   hunspell:hunspell.obj
 0001:000090e0       ?stem@Hunspell@@QEAAHPEAPEAPEADPEAPEADH@Z 000000018000a0e0 f   hunspell:hunspell.obj
 0001:000095f0       ?stem@Hunspell@@QEAAHPEAPEAPEADPEBD@Z 000000018000a5f0 f   hunspell:hunspell.obj
 0001:00009680       ?mkinitcap@Hunspell@@AEAAXPEAD@Z 000000018000a680 f   hunspell:hunspell.obj
 0001:00009860       ?mkinitcap2@Hunspell@@AEAAHPEADPEAUw_char@@H@Z 000000018000a860 f   hunspell:hunspell.obj
 0001:00009920       ?cat_result@Hunspell@@AEAAXPEAD0@Z 000000018000a920 f   hunspell:hunspell.obj
 0001:000099d0       ?analyze@Hunspell@@QEAAHPEAPEAPEADPEBD@Z 000000018000a9d0 f   hunspell:hunspell.obj
 0001:0000a6c0       ?generate@Hunspell@@QEAAHPEAPEAPEADPEBDPEAPEADH@Z 000000018000b6c0 f   hunspell:hunspell.obj
 0001:0000a9d0       ?generate@Hunspell@@QEAAHPEAPEAPEADPEBD1@Z 000000018000b9d0 f   hunspell:hunspell.obj
 0001:0000aa80       ?get_xml_par@Hunspell@@AEAAHPEADPEBDH@Z 000000018000ba80 f   hunspell:hunspell.obj
 0001:0000abc0       ?check_xml_par@Hunspell@@AEAAHPEBD00@Z 000000018000bbc0 f   hunspell:hunspell.obj
 0001:0000aca0       ?get_xml_list@Hunspell@@AEAAHPEAPEAPEADPEADPEBD@Z 000000018000bca0 f   hunspell:hunspell.obj
 0001:0000adc0       ?spellml@Hunspell@@AEAAHPEAPEAPEADPEBD@Z 000000018000bdc0 f   hunspell:hunspell.obj
 0001:0000b240       ?u16_u8@@YAPEADPEADHPEBUw_char@@H@Z 000000018000c240 f   hunspell:csutil.obj
 0001:0000b2f0       ?u8_u16@@YAHPEAUw_char@@HPEBD@Z 000000018000c2f0 f   hunspell:csutil.obj
 0001:0000b590       ?flag_qsort@@YAXQEAGHH@Z   000000018000c590 f   hunspell:csutil.obj
 0001:0000b650       ?flag_bsearch@@YAHQEAGGH@Z 000000018000c650 f   hunspell:csutil.obj
 0001:0000b6a0       ?mystrdup@@YAPEADPEBD@Z    000000018000c6a0 f   hunspell:csutil.obj
 0001:0000b730       ?myrevstrdup@@YAPEADPEBD@Z 000000018000c730 f   hunspell:csutil.obj
 0001:0000b7d0       ?line_tok@@YAHPEBDPEAPEAPEADD@Z 000000018000c7d0 f   hunspell:csutil.obj
 0001:0000b900       ?line_uniq@@YAPEADPEADD@Z  000000018000c900 f   hunspell:csutil.obj
 0001:0000ba60       ?line_uniq_app@@YAPEADPEAPEADD@Z 000000018000ca60 f   hunspell:csutil.obj
 0001:0000bcc0       ?morphcmp@@YAHPEBD0@Z      000000018000ccc0 f   hunspell:csutil.obj
 0001:0000bfb0       ?get_sfxcount@@YAHPEBD@Z   000000018000cfb0 f   hunspell:csutil.obj
 0001:0000c070       ?mystrrep@@YAPEADPEADPEBD1@Z 000000018000d070 f   hunspell:csutil.obj
 0001:0000c1d0       ?reverseword@@YAHPEAD@Z    000000018000d1d0 f   hunspell:csutil.obj
 0001:0000c210       ?reverseword_utf@@YAHPEAD@Z 000000018000d210 f   hunspell:csutil.obj
 0001:0000c380       ?uniqlist@@YAHPEAPEADH@Z   000000018000d380 f   hunspell:csutil.obj
 0001:0000c470       ?mkallsmall_utf@@YAXPEAUw_char@@HH@Z 000000018000d470 f   hunspell:csutil.obj
 0001:0000c560       ?mkallcap_utf@@YAXPEAUw_char@@HH@Z 000000018000d560 f   hunspell:csutil.obj
 0001:0000c650       ?get_current_cs@@YAPEAUcs_info@@PEBD@Z 000000018000d650 f   hunspell:csutil.obj
 0001:0000c770       ?get_lang_num@@YAHPEBD@Z   000000018000d770 f   hunspell:csutil.obj
 0001:0000c7f0       ?initialize_utf_tbl@@YAHXZ 000000018000d7f0 f   hunspell:csutil.obj
 0001:0000c8b0       ?get_captype@@YAHPEADHPEAUcs_info@@@Z 000000018000d8b0 f   hunspell:csutil.obj
 0001:0000c990       ?get_captype_utf8@@YAHPEAUw_char@@HH@Z 000000018000d990 f   hunspell:csutil.obj
 0001:0000cb50       ?remove_ignored_chars_utf@@YAXPEADQEAGH@Z 000000018000db50 f   hunspell:csutil.obj
 0001:0000cd30       ?remove_ignored_chars@@YAXPEAD0@Z 000000018000dd30 f   hunspell:csutil.obj
 0001:0000cda0       ?parse_string@@YAHPEADPEAPEADH@Z 000000018000dda0 f   hunspell:csutil.obj
 0001:0000cec0       ?parse_array@@YAHPEADPEAPEADPEAPEAGPEAHHH@Z 000000018000dec0 f   hunspell:csutil.obj
 0001:0000cf90       ?Init@HashMgr@@AEAAXPEBD00_N@Z 000000018000df90 f   hunspell:hashmgr.obj
 0001:0000d040       ??1HashMgr@@QEAA@XZ        000000018000e040 f   hunspell:hashmgr.obj
 0001:0000d240       ?lookup@HashMgr@@QEBAPEAUhentry@@PEBD@Z 000000018000e240 f   hunspell:hashmgr.obj
 0001:0000d2b0       ?add_word@HashMgr@@AEAAHPEBDHHPEAGH0_N@Z 000000018000e2b0 f   hunspell:hashmgr.obj
 0001:0000d670       ?add_hidden_capitalized_word@HashMgr@@AEAAHPEADHHPEAGH0H@Z 000000018000e670 f   hunspell:hashmgr.obj
 0001:0000d980       ?get_clen_and_captype@HashMgr@@AEAAHPEBDHPEAH@Z 000000018000e980 f   hunspell:hashmgr.obj
 0001:0000da20       ?remove@HashMgr@@QEAAHPEBD@Z 000000018000ea20 f   hunspell:hashmgr.obj
 0001:0000db90       ?remove_forbidden_flag@HashMgr@@AEAAHPEBD@Z 000000018000eb90 f   hunspell:hashmgr.obj
 0001:0000dd10       ?add@HashMgr@@QEAAHPEBD@Z  000000018000ed10 f   hunspell:hashmgr.obj
 0001:0000ddd0       ?load_tables@HashMgr@@AEAAHPEBD0_N@Z 000000018000edd0 f   hunspell:hashmgr.obj
 0001:0000e2b0       ?hash@HashMgr@@QEBAHPEBD@Z 000000018000f2b0 f   hunspell:hashmgr.obj
 0001:0000e320       ?decode_flags@HashMgr@@QEAAHPEAPEAGPEADPEAVIStrMgr@@@Z 000000018000f320 f   hunspell:hashmgr.obj
 0001:0000e5d0       ?decode_flag@HashMgr@@QEAAGPEBD@Z 000000018000f5d0 f   hunspell:hashmgr.obj
 0001:0000e660       ?encode_flag@HashMgr@@QEAAPEADG@Z 000000018000f660 f   hunspell:hashmgr.obj
 0001:0000e7b0       ?load_config@HashMgr@@AEAAHPEBD0_N@Z 000000018000f7b0 f   hunspell:hashmgr.obj
 0001:0000ecd0       ?parse_aliasf@HashMgr@@AEAAHPEADPEAVIStrMgr@@@Z 000000018000fcd0 f   hunspell:hashmgr.obj
 0001:0000f0a0       ?get_aliasf@HashMgr@@QEAAHHPEAPEAGPEAVIStrMgr@@@Z 00000001800100a0 f   hunspell:hashmgr.obj
 0001:0000f0f0       ?parse_aliasm@HashMgr@@AEAAHPEADPEAVIStrMgr@@@Z 00000001800100f0 f   hunspell:hashmgr.obj
 0001:0000f450       ?add@RepList@@QEAAHPEAD0@Z 0000000180010450 f   hunspell:replist.obj
 0001:0000f580       ?conv@RepList@@QEAAHPEBDPEAD@Z 0000000180010580 f   hunspell:replist.obj
 0001:0000f720       ?HENTRY_FIND@@YAPEADPEAUhentry@@PEBD@Z 0000000180010720 f i hunspell:suggestmgr.obj
 0001:0000f770       ??0SuggestMgr@@QEAA@PEBDHPEAVAffixMgr@@@Z 0000000180010770 f   hunspell:suggestmgr.obj
 0001:0000f960       ?testsug@SuggestMgr@@AEAAHPEAPEADPEBDHHHPEAHPEAJ@Z 0000000180010960 f   hunspell:suggestmgr.obj
 0001:0000fa60       ?suggest@SuggestMgr@@QEAAHPEAPEAPEADPEBDHPEAH@Z 0000000180010a60 f   hunspell:suggestmgr.obj
 0001:0000ffd0       ?capchars_utf@SuggestMgr@@AEAAHPEAPEADPEBUw_char@@HHH@Z 0000000180010fd0 f   hunspell:suggestmgr.obj
 0001:000101a0       ?capchars@SuggestMgr@@AEAAHPEAPEADPEBDHH@Z 00000001800111a0 f   hunspell:suggestmgr.obj
 0001:00010270       ?mapchars@SuggestMgr@@AEAAHPEAPEADPEBDHH@Z 0000000180011270 f   hunspell:suggestmgr.obj
 0001:00010380       ?map_related@SuggestMgr@@AEAAHPEBDPEADHHPEAPEADHHPEBUmapentry@@HPEAHPEAJ@Z 0000000180011380 f   hunspell:suggestmgr.obj
 0001:00010770       ?replchars@SuggestMgr@@AEAAHPEAPEADPEBDHH@Z 0000000180011770 f   hunspell:suggestmgr.obj
 0001:00010c60       ?doubletwochars@SuggestMgr@@AEAAHPEAPEADPEBDHH@Z 0000000180011c60 f   hunspell:suggestmgr.obj
 0001:00010de0       ?doubletwochars_utf@SuggestMgr@@AEAAHPEAPEADPEBUw_char@@HHH@Z 0000000180011de0 f   hunspell:suggestmgr.obj
 0001:000110c0       ?badcharkey@SuggestMgr@@AEAAHPEAPEADPEBDHH@Z 00000001800120c0 f   hunspell:suggestmgr.obj
 0001:00011580       ?badcharkey_utf@SuggestMgr@@AEAAHPEAPEADPEBUw_char@@HHH@Z 0000000180012580 f   hunspell:suggestmgr.obj
 0001:00011d90       ?badchar@SuggestMgr@@AEAAHPEAPEADPEBDHH@Z 0000000180012d90 f   hunspell:suggestmgr.obj
 0001:00012000       ?badchar_utf@SuggestMgr@@AEAAHPEAPEADPEBUw_char@@HHH@Z 0000000180013000 f   hunspell:suggestmgr.obj
 0001:00012370       ?extrachar_utf@SuggestMgr@@AEAAHPEAPEADPEBUw_char@@HHH@Z 0000000180013370 f   hunspell:suggestmgr.obj
 0001:000126d0       ?extrachar@SuggestMgr@@AEAAHPEAPEADPEBDHH@Z 00000001800136d0 f   hunspell:suggestmgr.obj
 0001:000128f0       ?forgotchar@SuggestMgr@@AEAAHPEAPEADPEBDHH@Z 00000001800138f0 f   hunspell:suggestmgr.obj
 0001:00012b90       ?forgotchar_utf@SuggestMgr@@AEAAHPEAPEADPEBUw_char@@HHH@Z 0000000180013b90 f   hunspell:suggestmgr.obj
 0001:00012ef0       ?twowords@SuggestMgr@@AEAAHPEAPEADPEBDHH@Z 0000000180013ef0 f   hunspell:suggestmgr.obj
 0001:00013320       ?swapchar@SuggestMgr@@AEAAHPEAPEADPEBDHH@Z 0000000180014320 f   hunspell:suggestmgr.obj
 0001:00013720       ?swapchar_utf@SuggestMgr@@AEAAHPEAPEADPEBUw_char@@HHH@Z 0000000180014720 f   hunspell:suggestmgr.obj
 0001:00013dc0       ?longswapchar@SuggestMgr@@AEAAHPEAPEADPEBDHH@Z 0000000180014dc0 f   hunspell:suggestmgr.obj
 0001:00014020       ?longswapchar_utf@SuggestMgr@@AEAAHPEAPEADPEBUw_char@@HHH@Z 0000000180015020 f   hunspell:suggestmgr.obj
 0001:00014370       ?movechar@SuggestMgr@@AEAAHPEAPEADPEBDHH@Z 0000000180015370 f   hunspell:suggestmgr.obj
 0001:000147e0       ?movechar_utf@SuggestMgr@@AEAAHPEAPEADPEBUw_char@@HHH@Z 00000001800157e0 f   hunspell:suggestmgr.obj
 0001:00014df0       ?ngsuggest@SuggestMgr@@QEAAHPEAPEADPEADHPEAPEAVHashMgr@@H@Z 0000000180015df0 f   hunspell:suggestmgr.obj
 0001:00016e50       ?checkword@SuggestMgr@@AEAAHPEBDHHPEAHPEAJ@Z 0000000180017e50 f   hunspell:suggestmgr.obj
 0001:00017270       ?check_forbidden@SuggestMgr@@AEAAHPEBDH@Z 0000000180018270 f   hunspell:suggestmgr.obj
 0001:00017490       ?suggest_morph@SuggestMgr@@QEAAPEADPEBD@Z 0000000180018490 f   hunspell:suggestmgr.obj
 0001:00017ad0       ?suggest_hentry_gen@SuggestMgr@@AEAAPEADPEAUhentry@@PEAD@Z 0000000180018ad0 f   hunspell:suggestmgr.obj
 0001:00017f80       ?suggest_gen@SuggestMgr@@QEAAPEADPEAPEADHPEAD@Z 0000000180018f80 f   hunspell:suggestmgr.obj
 0001:000186b0       ?ngram@SuggestMgr@@AEAAHHPEADPEBDH@Z 00000001800196b0 f   hunspell:suggestmgr.obj
 0001:00018a70       ?leftcommonsubstring@SuggestMgr@@AEAAHPEADPEBD@Z 0000000180019a70 f   hunspell:suggestmgr.obj
 0001:00018cb0       ?commoncharacterpositions@SuggestMgr@@AEAAHPEADPEBDPEAH@Z 0000000180019cb0 f   hunspell:suggestmgr.obj
 0001:00018f00       ?lcs@SuggestMgr@@AEAAXPEBD0PEAH1PEAPEAD@Z 0000000180019f00 f   hunspell:suggestmgr.obj
 0001:000191c0       ?Init@AffixMgr@@AEAAXPEBDPEAPEAVHashMgr@@PEAH0_N@Z 000000018001a1c0 f   hunspell:affixmgr.obj
 0001:00019430       ??1AffixMgr@@QEAA@XZ       000000018001a430 f   hunspell:affixmgr.obj
 0001:00019b20       ??_GRepList@@QEAAPEAXI@Z   000000018001ab20 f i hunspell:affixmgr.obj
 0001:00019ba0       ?parse_file@AffixMgr@@AEAAHPEBD0_N@Z 000000018001aba0 f   hunspell:affixmgr.obj
 0001:0001ae30       ?build_pfxtree@AffixMgr@@AEAAHPEAVPfxEntry@@@Z 000000018001be30 f   hunspell:affixmgr.obj
 0001:0001af10       ?build_sfxtree@AffixMgr@@AEAAHPEAVSfxEntry@@@Z 000000018001bf10 f   hunspell:affixmgr.obj
 0001:0001b000       ?process_pfx_tree_to_list@AffixMgr@@AEAAHXZ 000000018001c000 f   hunspell:affixmgr.obj
 0001:0001b070       ?process_pfx_in_order@AffixMgr@@AEAAPEAVPfxEntry@@PEAV2@0@Z 000000018001c070 f   hunspell:affixmgr.obj
 0001:0001b0c0       ?process_sfx_tree_to_list@AffixMgr@@AEAAHXZ 000000018001c0c0 f   hunspell:affixmgr.obj
 0001:0001b140       ?process_sfx_in_order@AffixMgr@@AEAAPEAVSfxEntry@@PEAV2@0@Z 000000018001c140 f   hunspell:affixmgr.obj
 0001:0001b190       ?process_pfx_order@AffixMgr@@AEAAHXZ 000000018001c190 f   hunspell:affixmgr.obj
 0001:0001b2f0       ?process_sfx_order@AffixMgr@@AEAAHXZ 000000018001c2f0 f   hunspell:affixmgr.obj
 0001:0001b450       ?debugflag@AffixMgr@@AEAAXPEADG@Z 000000018001c450 f   hunspell:affixmgr.obj
 0001:0001b570       ?encodeit@AffixMgr@@AEAAHAEAUaffentry@@PEAD@Z 000000018001c570 f   hunspell:affixmgr.obj
 0001:0001b650       ?prefix_check@AffixMgr@@QEAAPEAUhentry@@PEBDHDG@Z 000000018001c650 f   hunspell:affixmgr.obj
 0001:0001b8f0       ?prefix_check_twosfx@AffixMgr@@QEAAPEAUhentry@@PEBDHDG@Z 000000018001c8f0 f   hunspell:affixmgr.obj
 0001:0001ba00       ?prefix_check_morph@AffixMgr@@QEAAPEADPEBDHDG@Z 000000018001ca00 f   hunspell:affixmgr.obj
 0001:0001bcb0       ?prefix_check_twosfx_morph@AffixMgr@@QEAAPEADPEBDHDG@Z 000000018001ccb0 f   hunspell:affixmgr.obj
 0001:0001bf00       ?cpdrep_check@AffixMgr@@QEAAHPEBDH@Z 000000018001cf00 f   hunspell:affixmgr.obj
 0001:0001c340       ?cpdpat_check@AffixMgr@@QEAAHPEBDHPEAUhentry@@1D@Z 000000018001d340 f   hunspell:affixmgr.obj
 0001:0001c530       ?cpdcase_check@AffixMgr@@QEAAHPEBDH@Z 000000018001d530 f   hunspell:affixmgr.obj
 0001:0001c690       ?defcpd_check@AffixMgr@@QEAAHPEAPEAPEAUhentry@@FPEAU2@PEAPEAU2@D@Z 000000018001d690 f   hunspell:affixmgr.obj
 0001:0001cce0       ?get_syllable@AffixMgr@@QEAAFPEBDH@Z 000000018001dce0 f   hunspell:affixmgr.obj
 0001:0001ce30       ?compound_check@AffixMgr@@QEAAPEAUhentry@@PEBDHFFFFPEAPEAU2@DDPEAH@Z 000000018001de30 f   hunspell:affixmgr.obj
 0001:0001f840       ?compound_check_morph@AffixMgr@@QEAAHPEBDHFFFFPEAPEAUhentry@@DPEAPEADPEAD@Z 0000000180020840 f   hunspell:affixmgr.obj
 0001:00021fc0       ?suffix_check@AffixMgr@@QEAAPEAUhentry@@PEBDHHPEAVPfxEntry@@PEAPEADHPEAHGGD@Z 0000000180022fc0 f   hunspell:affixmgr.obj
 0001:00022650       ?suffix_check_twosfx@AffixMgr@@QEAAPEAUhentry@@PEBDHHPEAVPfxEntry@@G@Z 0000000180023650 f   hunspell:affixmgr.obj
 0001:000227b0       ?suffix_check_twosfx_morph@AffixMgr@@QEAAPEADPEBDHHPEAVPfxEntry@@G@Z 00000001800237b0 f   hunspell:affixmgr.obj
 0001:00022e80       ?suffix_check_morph@AffixMgr@@QEAAPEADPEBDHHPEAVPfxEntry@@GGD@Z 0000000180023e80 f   hunspell:affixmgr.obj
 0001:00023db0       ?affix_check@AffixMgr@@QEAAPEAUhentry@@PEBDHGD@Z 0000000180024db0 f   hunspell:affixmgr.obj
 0001:00023e90       ?affix_check_morph@AffixMgr@@QEAAPEADPEBDHGD@Z 0000000180024e90 f   hunspell:affixmgr.obj
 0001:00024150       ?morphgen@AffixMgr@@QEAAPEADPEADHPEBGG00H@Z 0000000180025150 f   hunspell:affixmgr.obj
 0001:000245a0       ?expand_rootword@AffixMgr@@QEAAHPEAUguessword@@HPEBDHPEBGGPEADH3@Z 00000001800255a0 f   hunspell:affixmgr.obj
 0001:00024df0       ?get_encoding@AffixMgr@@QEAAPEADXZ 0000000180025df0 f   hunspell:affixmgr.obj
 0001:00024e60       ?get_key_string@AffixMgr@@QEAAPEADXZ 0000000180025e60 f   hunspell:affixmgr.obj
 0001:00024ee0       ?lookup@AffixMgr@@QEAAPEAUhentry@@PEBD@Z 0000000180025ee0 f   hunspell:affixmgr.obj
 0001:00025010       ?parse_flag@AffixMgr@@AEAAHPEADPEAGPEAVIStrMgr@@@Z 0000000180026010 f   hunspell:affixmgr.obj
 0001:000250a0       ?parse_cpdsyllable@AffixMgr@@AEAAHPEADPEAVIStrMgr@@@Z 00000001800260a0 f   hunspell:affixmgr.obj
 0001:00025270       ?parse_reptable@AffixMgr@@AEAAHPEADPEAVIStrMgr@@@Z 0000000180026270 f   hunspell:affixmgr.obj
 0001:00025630       ?parse_convtable@AffixMgr@@AEAAHPEADPEAVIStrMgr@@PEAPEAVRepList@@PEBD@Z 0000000180026630 f   hunspell:affixmgr.obj
 0001:000259c0       ?parse_phonetable@AffixMgr@@AEAAHPEADPEAVIStrMgr@@@Z 00000001800269c0 f   hunspell:affixmgr.obj
 0001:00025df0       ?parse_checkcpdtable@AffixMgr@@AEAAHPEADPEAVIStrMgr@@@Z 0000000180026df0 f   hunspell:affixmgr.obj
 0001:000261f0       ?parse_defcpdtable@AffixMgr@@AEAAHPEADPEAVIStrMgr@@@Z 00000001800271f0 f   hunspell:affixmgr.obj
 0001:00026670       ?parse_maptable@AffixMgr@@AEAAHPEADPEAVIStrMgr@@@Z 0000000180027670 f   hunspell:affixmgr.obj
 0001:00026b00       ?parse_breaktable@AffixMgr@@AEAAHPEADPEAVIStrMgr@@@Z 0000000180027b00 f   hunspell:affixmgr.obj
 0001:00026df0       ?reverse_condition@AffixMgr@@AEAAXPEAD@Z 0000000180027df0 f   hunspell:affixmgr.obj
 0001:00026e70       ?parse_affix@AffixMgr@@AEAAHPEADDPEAVIStrMgr@@0@Z 0000000180027e70 f   hunspell:affixmgr.obj
 0001:000278e0       ?redundant_condition@AffixMgr@@AEAAHDPEADHPEBDH@Z 00000001800288e0 f   hunspell:affixmgr.obj
 0001:00027b30       ?resize@?$vector@Uaffentry@@V?$allocator@Uaffentry@@@std@@@std@@QEAAX_K@Z 0000000180028b30 f i hunspell:affixmgr.obj
 0001:00027c40       ?_Reserve@?$vector@Uaffentry@@V?$allocator@Uaffentry@@@std@@@std@@IEAAX_K@Z 0000000180028c40 f i hunspell:affixmgr.obj
 0001:00027d10       ?deallocate@?$_Wrap_alloc@V?$allocator@Uaffentry@@@std@@@std@@QEAAXPEAUaffentry@@_K@Z 0000000180028d10 f i hunspell:affixmgr.obj
 0001:00027d80       ?_Reallocate@?$vector@Uaffentry@@V?$allocator@Uaffentry@@@std@@@std@@IEAAX_K@Z 0000000180028d80 f i hunspell:affixmgr.obj
 0001:00027ea0       ??_EIStrMgr@@UEAAPEAXI@Z   0000000180028ea0 f i * CIL library *:* CIL module *
 0001:00027ea0       ??_GIStrMgr@@UEAAPEAXI@Z   0000000180028ea0 f i hunspell:strmgr.obj
 0001:00027ed0       ?what@exception@stdext@@UEBAPEBDXZ 0000000180028ed0 f i hunspell:strmgr.obj
 0001:00027ef0       ?_Raise@exception@stdext@@QEBAXXZ 0000000180028ef0 f i hunspell:strmgr.obj
 0001:00027f50       ?imbue@?$basic_streambuf@DU?$char_traits@D@std@@@std@@MEAAXAEBVlocale@2@@Z 0000000180028f50 f i libcpmt:cout.obj
 0001:00027f50       ?_Lock@?$basic_streambuf@DU?$char_traits@D@std@@@std@@UEAAXXZ 0000000180028f50 f i libcpmt:cout.obj
 0001:00027f50       ?_Unlock@?$basic_streambuf@DU?$char_traits@D@std@@@std@@UEAAXXZ 0000000180028f50 f i libcpmt:cout.obj
 0001:00027f50       ?_Doraise@exception@stdext@@MEBAXXZ 0000000180028f50 f i hunspell:strmgr.obj
 0001:00027f50       __except_validate_context_record 0000000180028f50 f i libvcruntime:jbcxrval.obj
 0001:00027f50       _guard_check_icall_nop     0000000180028f50 f i LIBCMT:guard_support.obj
 0001:00027f60       ??_Eexception@stdext@@UEAAPEAXI@Z 0000000180028f60 f i * CIL library *:* CIL module *
 0001:00027f60       ??_Eruntime_error@std@@UEAAPEAXI@Z 0000000180028f60 f i * CIL library *:* CIL module *
 0001:00027f60       ??_Gexception@stdext@@UEAAPEAXI@Z 0000000180028f60 f i hunspell:strmgr.obj
 0001:00027f60       ??_Gruntime_error@std@@UEAAPEAXI@Z 0000000180028f60 f i hunspell:strmgr.obj
 0001:00027f90       ??1runtime_error@std@@UEAA@XZ 0000000180028f90 f i hunspell:strmgr.obj
 0001:00027fa0       ??_G_Iostream_error_category@std@@UEAAPEAXI@Z 0000000180028fa0 f i hunspell:strmgr.obj
 0001:00027fa0       ??_Eerror_category@std@@UEAAPEAXI@Z 0000000180028fa0 f i * CIL library *:* CIL module *
 0001:00027fa0       ??_Gerror_category@std@@UEAAPEAXI@Z 0000000180028fa0 f i hunspell:strmgr.obj
 0001:00027fa0       ??_E_Iostream_error_category@std@@UEAAPEAXI@Z 0000000180028fa0 f i * CIL library *:* CIL module *
 0001:00027fd0       ?default_error_condition@error_category@std@@UEBA?AVerror_condition@2@H@Z 0000000180028fd0 f i hunspell:strmgr.obj
 0001:00027fe0       ?equivalent@error_category@std@@UEBA_NHAEBVerror_condition@2@@Z 0000000180028fe0 f i hunspell:strmgr.obj
 0001:00028040       ?equivalent@error_category@std@@UEBA_NAEBVerror_code@2@H@Z 0000000180029040 f i hunspell:strmgr.obj
 0001:00028060       ?_Makestr@_System_error@std@@CA?AV?$basic_string@DU?$char_traits@D@std@@V?$allocator@D@2@@2@Verror_code@2@V32@@Z 0000000180029060 f i hunspell:strmgr.obj
 0001:00028160       ??_Efailure@ios_base@std@@UEAAPEAXI@Z 0000000180029160 f i * CIL library *:* CIL module *
 0001:00028160       ??_E_System_error@std@@UEAAPEAXI@Z 0000000180029160 f i * CIL library *:* CIL module *
 0001:00028160       ??_Gfailure@ios_base@std@@UEAAPEAXI@Z 0000000180029160 f i hunspell:strmgr.obj
 0001:00028160       ??_G_System_error@std@@UEAAPEAXI@Z 0000000180029160 f i hunspell:strmgr.obj
 0001:00028190       ?name@_Iostream_error_category@std@@UEBAPEBDXZ 0000000180029190 f i hunspell:strmgr.obj
 0001:000281a0       ?message@_Iostream_error_category@std@@UEBA?AV?$basic_string@DU?$char_traits@D@std@@V?$allocator@D@2@@2@H@Z 00000001800291a0 f i hunspell:strmgr.obj
 0001:00028220       ?clear@ios_base@std@@QEAAXH_N@Z 0000000180029220 f i hunspell:strmgr.obj
 0001:00028790       ??0StrMgr@@QEAA@PEBD0@Z    0000000180029790 f   hunspell:strmgr.obj
 0001:00028810       ??_EStrMgr@@UEAAPEAXI@Z    0000000180029810 f i * CIL library *:* CIL module *
 0001:00028810       ??_GStrMgr@@UEAAPEAXI@Z    0000000180029810 f i hunspell:strmgr.obj
 0001:00028870       ?getline@StrMgr@@UEAAPEADXZ 0000000180029870 f   hunspell:strmgr.obj
 0001:000288e0       ?getlinenum@StrMgr@@UEAAHXZ 00000001800298e0 f   hunspell:strmgr.obj
 0001:000288f0       ?assign@?$basic_string@DU?$char_traits@D@std@@V?$allocator@D@2@@std@@QEAAAEAV12@AEBV12@_K1@Z 00000001800298f0 f i hunspell:strmgr.obj
 0001:00028a20       ?_Assign_rv@?$basic_string@DU?$char_traits@D@std@@V?$allocator@D@2@@std@@QEAAX$$QEAV12@@Z 0000000180029a20 f i hunspell:strmgr.obj
 0001:00028aa0       ?erase@?$basic_string@DU?$char_traits@D@std@@V?$allocator@D@2@@std@@QEAAAEAV12@_K0@Z 0000000180029aa0 f i hunspell:strmgr.obj
 0001:00028b70       ?assign@?$basic_string@DU?$char_traits@D@std@@V?$allocator@D@2@@std@@QEAAAEAV12@PEBD_K@Z 0000000180029b70 f i hunspell:strmgr.obj
 0001:00028ca0       ??$_Immortalize@V_Iostream_error_category@std@@@std@@YAAEAV_Iostream_error_category@0@XZ 0000000180029ca0 f i hunspell:strmgr.obj
 0001:00028d20       ??$?6U?$char_traits@D@std@@@std@@YAAEAV?$basic_ostream@DU?$char_traits@D@std@@@0@AEAV10@PEBD@Z 0000000180029d20 f i hunspell:strmgr.obj
 0001:00028f70       ??0sentry@?$basic_ostream@DU?$char_traits@D@std@@@std@@QEAA@AEAV12@@Z 0000000180029f70 f i hunspell:strmgr.obj
 0001:00028fe0       ?flush@?$basic_ostream@DU?$char_traits@D@std@@@std@@QEAAAEAV12@XZ 0000000180029fe0 f i hunspell:strmgr.obj
 0001:000290d0       fprintf                    000000018002a0d0 f i hunspell:filemgr.obj
 0001:00029120       ??0FileMgr@@QEAA@PEBD0@Z   000000018002a120 f   hunspell:filemgr.obj
 0001:00029220       ??_EFileMgr@@UEAAPEAXI@Z   000000018002a220 f i * CIL library *:* CIL module *
 0001:00029220       ??_GFileMgr@@UEAAPEAXI@Z   000000018002a220 f i hunspell:filemgr.obj
 0001:00029260       ??1FileMgr@@UEAA@XZ        000000018002a260 f   hunspell:filemgr.obj
 0001:000292e0       ?getline@FileMgr@@UEAAPEADXZ 000000018002a2e0 f   hunspell:filemgr.obj
 0001:00029360       ?getlinenum@FileMgr@@UEAAHXZ 000000018002a360 f   hunspell:filemgr.obj
 0001:00029370       ?init_phonet_hash@@YAXAEAUphonetable@@@Z 000000018002a370 f   hunspell:phonet.obj
 0001:00029420       ?phonet@@YAHPEBDPEADHAEAUphonetable@@@Z 000000018002a420 f   hunspell:phonet.obj
 0001:00029bd0       ?add@PfxEntry@@QEAAPEADPEBDH@Z 000000018002abd0 f   hunspell:affentry.obj
 0001:00029d00       ?test_condition@PfxEntry@@QEAAHPEBD@Z 000000018002ad00 f i hunspell:affentry.obj
 0001:0002a0a0       ?checkword@PfxEntry@@QEAAPEAUhentry@@PEBDHDG@Z 000000018002b0a0 f   hunspell:affentry.obj
 0001:0002a360       ?check_twosfx@PfxEntry@@QEAAPEAUhentry@@PEBDHDG@Z 000000018002b360 f   hunspell:affentry.obj
 0001:0002a490       ?check_twosfx_morph@PfxEntry@@QEAAPEADPEBDHDG@Z 000000018002b490 f   hunspell:affentry.obj
 0001:0002a5b0       ?check_morph@PfxEntry@@QEAAPEADPEBDHDG@Z 000000018002b5b0 f   hunspell:affentry.obj
 0001:0002ad30       ??0SfxEntry@@QEAA@PEAVAffixMgr@@PEAUaffentry@@@Z 000000018002bd30 f   hunspell:affentry.obj
 0001:0002ade0       ?add@SfxEntry@@QEAAPEADPEBDH@Z 000000018002bde0 f   hunspell:affentry.obj
 0001:0002af30       ?nextchar@SfxEntry@@QEAAPEADPEAD@Z 000000018002bf30 f i hunspell:affentry.obj
 0001:0002af70       ?test_condition@SfxEntry@@QEAAHPEBD0@Z 000000018002bf70 f i hunspell:affentry.obj
 0001:0002b390       ?checkword@SfxEntry@@QEAAPEAUhentry@@PEBDHHPEAVPfxEntry@@PEAPEADHPEAHGGG@Z 000000018002c390 f   hunspell:affentry.obj
 0001:0002b680       ?check_twosfx@SfxEntry@@QEAAPEAUhentry@@PEBDHHPEAVPfxEntry@@G@Z 000000018002c680 f   hunspell:affentry.obj
 0001:0002b810       ?check_twosfx_morph@SfxEntry@@QEAAPEADPEBDHHPEAVPfxEntry@@G@Z 000000018002c810 f   hunspell:affentry.obj
 0001:0002bc40       ?get_next_homonym@SfxEntry@@QEAAPEAUhentry@@PEAU2@HPEAVPfxEntry@@GG@Z 000000018002cc40 f   hunspell:affentry.obj
 0001:0002bf00       ??0Hunzip@@QEAA@PEBD0@Z    000000018002cf00 f   hunspell:hunzip.obj
 0001:0002bf90       ?getcode@Hunzip@@IEAAHPEBD@Z 000000018002cf90 f   hunspell:hunzip.obj
 0001:0002c320       ?getbuf@Hunzip@@IEAAHXZ    000000018002d320 f   hunspell:hunzip.obj
 0001:0002c4b0       ?getline@Hunzip@@QEAAPEBDXZ 000000018002d4b0 f   hunspell:hunzip.obj
 0001:0002c6e0       __imp_load_uv_queue_work   000000018002d6e0 f   node:node.exe
 0001:0002c6ec       __tailMerge_node_exe       000000018002d6ec f i node:node.exe
 0001:0002c765       __imp_load_?Global@Context@v8@@QEAA?AV?$Local@VObject@v8@@@2@XZ 000000018002d765 f   node:node.exe
 0001:0002c771       __imp_load_?Value@External@v8@@QEBAPEAXXZ 000000018002d771 f   node:node.exe
 0001:0002c77d       __imp_load_?New@External@v8@@SA?AV?$Local@VExternal@v8@@@2@PEAVIsolate@2@PEAX@Z 000000018002d77d f   node:node.exe
 0001:0002c789       __imp_load_?New@Signature@v8@@SA?AV?$Local@VSignature@v8@@@2@PEAVIsolate@2@V?$Local@VFunctionTemplate@v8@@@2@@Z 000000018002d789 f   node:node.exe
 0001:0002c795       __imp_load_?ThrowException@Isolate@v8@@QEAA?AV?$Local@VValue@v8@@@2@V32@@Z 000000018002d795 f   node:node.exe
 0001:0002c7a1       __imp_load_?GetCurrentContext@Isolate@v8@@QEAA?AV?$Local@VContext@v8@@@2@XZ 000000018002d7a1 f   node:node.exe
 0001:0002c7ad       __imp_load_?GetCurrent@Isolate@v8@@SAPEAV12@XZ 000000018002d7ad f   node:node.exe
 0001:0002c7b9       __imp_load_?CreateHandle@HandleScope@v8@@KAPEAPEAVObject@internal@2@PEAVIsolate@42@PEAV342@@Z 000000018002d7b9 f   node:node.exe
 0001:0002c7c5       __imp_load_??1HandleScope@v8@@QEAA@XZ 000000018002d7c5 f   node:node.exe
 0001:0002c7d1       __imp_load_??0HandleScope@v8@@QEAA@PEAVIsolate@1@@Z 000000018002d7d1 f   node:node.exe
 0001:0002c7dd       __imp_load_?Set@Template@v8@@QEAAXV?$Local@VName@v8@@@2@V?$Local@VData@v8@@@2@W4PropertyAttribute@2@@Z 000000018002d7dd f   node:node.exe
 0001:0002c7e9       __imp_load_?Error@Exception@v8@@SA?AV?$Local@VValue@v8@@@2@V?$Local@VString@v8@@@2@@Z 000000018002d7e9 f   node:node.exe
 0001:0002c7f5       __imp_load_?TypeError@Exception@v8@@SA?AV?$Local@VValue@v8@@@2@V?$Local@VString@v8@@@2@@Z 000000018002d7f5 f   node:node.exe
 0001:0002c801       __imp_load_?New@Array@v8@@SA?AV?$Local@VArray@v8@@@2@PEAVIsolate@2@H@Z 000000018002d801 f   node:node.exe
 0001:0002c80d       __imp_load_?SetClassName@FunctionTemplate@v8@@QEAAXV?$Local@VString@v8@@@2@@Z 000000018002d80d f   node:node.exe
 0001:0002c819       __imp_load_?PrototypeTemplate@FunctionTemplate@v8@@QEAA?AV?$Local@VObjectTemplate@v8@@@2@XZ 000000018002d819 f   node:node.exe
 0001:0002c825       __imp_load_?InstanceTemplate@FunctionTemplate@v8@@QEAA?AV?$Local@VObjectTemplate@v8@@@2@XZ 000000018002d825 f   node:node.exe
 0001:0002c831       __imp_load_?GetFunction@FunctionTemplate@v8@@QEAA?AV?$Local@VFunction@v8@@@2@XZ 000000018002d831 f   node:node.exe
 0001:0002c83d       __imp_load_?New@FunctionTemplate@v8@@SA?AV?$Local@VFunctionTemplate@v8@@@2@PEAVIsolate@2@P6AXAEBV?$FunctionCallbackInfo@VValue@v8@@@2@@ZV?$Local@VValue@v8@@@2@V?$Local@VSignature@v8@@@2@H@Z 000000018002d83d f   node:node.exe
 0001:0002c849       __imp_load_?ClearWeak@V8@v8@@CAPEAXPEAPEAVObject@internal@2@@Z 000000018002d849 f   node:node.exe
 0001:0002c855       __imp_load_?MakeWeak@V8@v8@@CAXPEAPEAVObject@internal@2@PEAXP6AXAEBV?$WeakCallbackInfo@X@2@@ZW4WeakCallbackType@2@@Z 000000018002d855 f   node:node.exe
 0001:0002c861       __imp_load_?DisposeGlobal@V8@v8@@CAXPEAPEAVObject@internal@2@@Z 000000018002d861 f   node:node.exe
 0001:0002c86d       __imp_load_?GlobalizeReference@V8@v8@@CAPEAPEAVObject@internal@2@PEAVIsolate@42@PEAPEAV342@@Z 000000018002d86d f   node:node.exe
 0001:0002c879       __imp_load_?IsExternal@Value@v8@@QEBA_NXZ 000000018002d879 f   node:node.exe
 0001:0002c885       __imp_load_?IsFunction@Value@v8@@QEBA_NXZ 000000018002d885 f   node:node.exe
 0001:0002c891       __imp_load_??1Utf8Value@String@v8@@QEAA@XZ 000000018002d891 f   node:node.exe
 0001:0002c89d       __imp_load_??0Utf8Value@String@v8@@QEAA@V?$Local@VValue@v8@@@2@@Z 000000018002d89d f   node:node.exe
 0001:0002c8a9       __imp_load_?NewFromUtf8@String@v8@@SA?AV?$Local@VString@v8@@@2@PEAVIsolate@2@PEBDW4NewStringType@12@H@Z 000000018002d8a9 f   node:node.exe
 0001:0002c8b5       __imp_load_?SlowGetAlignedPointerFromInternalField@Object@v8@@AEAAPEAXH@Z 000000018002d8b5 f   node:node.exe
 0001:0002c8c1       __imp_load_?SetAlignedPointerInInternalField@Object@v8@@QEAAXHPEAX@Z 000000018002d8c1 f   node:node.exe
 0001:0002c8cd       __imp_load_?InternalFieldCount@Object@v8@@QEAAHXZ 000000018002d8cd f   node:node.exe
 0001:0002c8d9       __imp_load_?Set@Object@v8@@QEAA_NV?$Local@VValue@v8@@@2@0@Z 000000018002d8d9 f   node:node.exe
 0001:0002c8e5       __imp_load_?Set@Object@v8@@QEAA_NIV?$Local@VValue@v8@@@2@@Z 000000018002d8e5 f   node:node.exe
 0001:0002c8f1       __imp_load_?Call@Function@v8@@QEAA?AV?$Local@VValue@v8@@@2@V32@HQEAV32@@Z 000000018002d8f1 f   node:node.exe
 0001:0002c8fd       __imp_load_?NewInstance@Function@v8@@QEBA?AV?$Local@VObject@v8@@@2@HQEAV?$Local@VValue@v8@@@2@@Z 000000018002d8fd f   node:node.exe
 0001:0002c909       __imp_load_?SetInternalFieldCount@ObjectTemplate@v8@@QEAAXH@Z 000000018002d909 f   node:node.exe
 0001:0002c915       __imp_load_node_module_register 000000018002d915 f   node:node.exe
 0001:0002c921       __imp_load_?HasInstance@Buffer@node@@YA_NV?$Local@VValue@v8@@@v8@@@Z 000000018002d921 f   node:node.exe
 0001:0002c92d       __imp_load_?Data@Buffer@node@@YAPEADV?$Local@VObject@v8@@@v8@@@Z 000000018002d92d f   node:node.exe
 0001:0002c939       __imp_load_?Length@Buffer@node@@YA_KV?$Local@VValue@v8@@@v8@@@Z 000000018002d939 f   node:node.exe
 0001:0002c945       __imp_load_uv_rwlock_wrlock 000000018002d945 f   node:node.exe
 0001:0002c951       __imp_load_uv_rwlock_rdlock 000000018002d951 f   node:node.exe
 0001:0002c95d       __imp_load_uv_rwlock_init  000000018002d95d f   node:node.exe
 0001:0002c969       __imp_load_uv_rwlock_wrunlock 000000018002d969 f   node:node.exe
 0001:0002c975       __imp_load_uv_rwlock_rdunlock 000000018002d975 f   node:node.exe
 0001:0002c981       __imp_load_uv_rwlock_destroy 000000018002d981 f   node:node.exe
 0001:0002c98d       __imp_load_uv_default_loop 000000018002d98d f   node:node.exe
 0001:0002c999       __imp_load_?ToString@Value@v8@@QEBA?AV?$Local@VString@v8@@@2@XZ 000000018002d999 f   node:node.exe
 0001:0002c9a8       ??0bad_alloc@std@@QEAA@AEBV01@@Z 000000018002d9a8 f i libcpmt:xthrow.obj
 0001:0002c9e8       ??0bad_alloc@std@@QEAA@XZ  000000018002d9e8 f i libcpmt:xthrow.obj
 0001:0002ca08       ??0exception@std@@QEAA@AEBV01@@Z 000000018002da08 f i libcpmt:xthrow.obj
 0001:0002ca40       ??0length_error@std@@QEAA@AEBV01@@Z 000000018002da40 f i libcpmt:xthrow.obj
 0001:0002ca80       ??0length_error@std@@QEAA@PEBD@Z 000000018002da80 f i libcpmt:xthrow.obj
 0001:0002cacc       ??0logic_error@std@@QEAA@AEBV01@@Z 000000018002dacc f i libcpmt:xthrow.obj
 0001:0002cb0c       ??0out_of_range@std@@QEAA@AEBV01@@Z 000000018002db0c f i libcpmt:xthrow.obj
 0001:0002cb4c       ??0out_of_range@std@@QEAA@PEBD@Z 000000018002db4c f i libcpmt:xthrow.obj
 0001:0002cb98       ??0runtime_error@std@@QEAA@AEBV01@@Z 000000018002db98 f i libcpmt:xthrow.obj
 0001:0002cbd8       ??0runtime_error@std@@QEAA@PEBD@Z 000000018002dbd8 f i libcpmt:xthrow.obj
 0001:0002cc24       ??1out_of_range@std@@UEAA@XZ 000000018002dc24 f i libcpmt:xthrow.obj
 0001:0002cc24       ??1bad_cast@std@@UEAA@XZ   000000018002dc24 f i libcpmt:cout.obj
 0001:0002cc24       ??1bad_exception@std@@UEAA@XZ 000000018002dc24 f i libvcruntime:frame.obj
 0001:0002cc24       ??1bad_array_new_length@std@@UEAA@XZ 000000018002dc24 f i LIBCMT:throw_bad_alloc.obj
 0001:0002cc24       ??1bad_alloc@std@@UEAA@XZ  000000018002dc24 f i libcpmt:xthrow.obj
 0001:0002cc24       ??1length_error@std@@UEAA@XZ 000000018002dc24 f i libcpmt:xthrow.obj
 0001:0002cc38       ??_Eout_of_range@std@@UEAAPEAXI@Z 000000018002dc38 f i libcpmt:xthrow.obj
 0001:0002cc38       ??_Ebad_array_new_length@std@@UEAAPEAXI@Z 000000018002dc38 f i LIBCMT:throw_bad_alloc.obj
 0001:0002cc38       ??_Gbad_exception@std@@UEAAPEAXI@Z 000000018002dc38 f i libvcruntime:frame.obj
 0001:0002cc38       ??_Gexception@std@@UEAAPEAXI@Z 000000018002dc38 f i libcpmt:xthrow.obj
 0001:0002cc38       ??_Gbad_alloc@std@@UEAAPEAXI@Z 000000018002dc38 f i libcpmt:xthrow.obj
 0001:0002cc38       ??_Ebad_exception@std@@UEAAPEAXI@Z 000000018002dc38 f i libvcruntime:frame.obj
 0001:0002cc38       ??_Elength_error@std@@UEAAPEAXI@Z 000000018002dc38 f i libcpmt:xthrow.obj
 0001:0002cc38       ??_Ebad_alloc@std@@UEAAPEAXI@Z 000000018002dc38 f i libcpmt:xthrow.obj
 0001:0002cc38       ??_Gout_of_range@std@@UEAAPEAXI@Z 000000018002dc38 f i libcpmt:xthrow.obj
 0001:0002cc38       ??_Glength_error@std@@UEAAPEAXI@Z 000000018002dc38 f i libcpmt:xthrow.obj
 0001:0002cc38       ??_Glogic_error@std@@UEAAPEAXI@Z 000000018002dc38 f i libcpmt:xthrow.obj
 0001:0002cc38       ??_Ebad_cast@std@@UEAAPEAXI@Z 000000018002dc38 f i libcpmt:cout.obj
 0001:0002cc38       ??_Gbad_array_new_length@std@@UEAAPEAXI@Z 000000018002dc38 f i LIBCMT:throw_bad_alloc.obj
 0001:0002cc38       ??_Gbad_cast@std@@UEAAPEAXI@Z 000000018002dc38 f i libcpmt:cout.obj
 0001:0002cc38       ??_Elogic_error@std@@UEAAPEAXI@Z 000000018002dc38 f i libcpmt:xthrow.obj
 0001:0002cc38       ??_Eexception@std@@UEAAPEAXI@Z 000000018002dc38 f i libcpmt:xthrow.obj
 0001:0002cc7c       ?_Xlength_error@std@@YAXPEBD@Z 000000018002dc7c f   libcpmt:xthrow.obj
 0001:0002cca0       ?_Xout_of_range@std@@YAXPEBD@Z 000000018002dca0 f   libcpmt:xthrow.obj
 0001:0002ccc4       ?what@exception@std@@UEBAPEBDXZ 000000018002dcc4 f i libcpmt:xthrow.obj
 0001:0002ccd8       ??$use_facet@V?$codecvt@DDU_Mbstatet@@@std@@@std@@YAAEBV?$codecvt@DDU_Mbstatet@@@0@AEBVlocale@0@@Z 000000018002dcd8 f i libcpmt:cout.obj
 0001:0002ce10       ??$use_facet@V?$ctype@D@std@@@std@@YAAEBV?$ctype@D@0@AEBVlocale@0@@Z 000000018002de10 f i libcpmt:cout.obj
 0001:0002cf48       ??0?$basic_ostream@DU?$char_traits@D@std@@@std@@QEAA@PEAV?$basic_streambuf@DU?$char_traits@D@std@@@1@_N@Z 000000018002df48 f i libcpmt:cout.obj
 0001:0002d010       ??0?$basic_streambuf@DU?$char_traits@D@std@@@std@@IEAA@XZ 000000018002e010 f i libcpmt:cout.obj
 0001:0002d0c0       ??0_Init_cout@std@@QEAA@XZ 000000018002e0c0 f i libcpmt:cout.obj
 0001:0002d12c       ??0_Locinfo@std@@QEAA@PEBD@Z 000000018002e12c f i libcpmt:cout.obj
 0001:0002d1c4       ??0bad_cast@std@@QEAA@AEBV01@@Z 000000018002e1c4 f i libcpmt:cout.obj
 0001:0002d204       ??0bad_cast@std@@QEAA@XZ   000000018002e204 f i libcpmt:cout.obj
 0001:0002d224       ??1?$_Yarn@D@std@@QEAA@XZ  000000018002e224 f i libcpmt:cout.obj
 0001:0002d224       ??1?$_Yarn@_W@std@@QEAA@XZ 000000018002e224 f i libcpmt:cout.obj
 0001:0002d244       ??1?$basic_filebuf@DU?$char_traits@D@std@@@std@@UEAA@XZ 000000018002e244 f i libcpmt:cout.obj
 0001:0002d2f0       ??1?$basic_ios@DU?$char_traits@D@std@@@std@@UEAA@XZ 000000018002e2f0 f i libcpmt:cout.obj
 0001:0002d314       ??1_Locinfo@std@@QEAA@XZ   000000018002e314 f i libcpmt:cout.obj
 0001:0002d3b4       ??1locale@std@@QEAA@XZ     000000018002e3b4 f i libcpmt:cout.obj
 0001:0002d414       ??_E?$basic_ostream@DU?$char_traits@D@std@@@std@@$4PPPPPPPM@A@EAAPEAXI@Z 000000018002e414 f i libcpmt:cout.obj
 0001:0002d420       ??_G?$basic_filebuf@DU?$char_traits@D@std@@@std@@UEAAPEAXI@Z 000000018002e420 f i libcpmt:cout.obj
 0001:0002d420       ??_E?$basic_filebuf@DU?$char_traits@D@std@@@std@@UEAAPEAXI@Z 000000018002e420 f i libcpmt:cout.obj
 0001:0002d454       ??_E?$basic_ios@DU?$char_traits@D@std@@@std@@UEAAPEAXI@Z 000000018002e454 f i libcpmt:cout.obj
 0001:0002d454       ??_G?$basic_ios@DU?$char_traits@D@std@@@std@@UEAAPEAXI@Z 000000018002e454 f i libcpmt:cout.obj
 0001:0002d4a0       ??_E?$basic_ostream@DU?$char_traits@D@std@@@std@@UEAAPEAXI@Z 000000018002e4a0 f i libcpmt:cout.obj
 0001:0002d4a0       ??_G?$basic_ostream@DU?$char_traits@D@std@@@std@@UEAAPEAXI@Z 000000018002e4a0 f i libcpmt:cout.obj
 0001:0002d510       ??_E?$basic_streambuf@DU?$char_traits@D@std@@@std@@UEAAPEAXI@Z 000000018002e510 f i libcpmt:cout.obj
 0001:0002d510       ??_G?$basic_streambuf@DU?$char_traits@D@std@@@std@@UEAAPEAXI@Z 000000018002e510 f i libcpmt:cout.obj
 0001:0002d560       ??_G?$codecvt@DDU_Mbstatet@@@std@@MEAAPEAXI@Z 000000018002e560 f i libcpmt:cout.obj
 0001:0002d560       ??_E?$codecvt@DDU_Mbstatet@@@std@@MEAAPEAXI@Z 000000018002e560 f i libcpmt:cout.obj
 0001:0002d58c       ??_G?$ctype@D@std@@MEAAPEAXI@Z 000000018002e58c f i libcpmt:cout.obj
 0001:0002d58c       ??_E?$ctype@D@std@@MEAAPEAXI@Z 000000018002e58c f i libcpmt:cout.obj
 0001:0002d5f8       ??_G_Facet_base@std@@UEAAPEAXI@Z 000000018002e5f8 f i libcpmt:cout.obj
 0001:0002d5f8       ??_E_Facet_base@std@@UEAAPEAXI@Z 000000018002e5f8 f i libcpmt:cout.obj
 0001:0002d624       ??_Eios_base@std@@UEAAPEAXI@Z 000000018002e624 f i libcpmt:cout.obj
 0001:0002d624       ??_Gios_base@std@@UEAAPEAXI@Z 000000018002e624 f i libcpmt:cout.obj
 0001:0002d670       ??_Glocale@std@@QEAAPEAXI@Z 000000018002e670 f i libcpmt:cout.obj
 0001:0002d700       ?_Decref@facet@locale@std@@UEAAPEAV_Facet_base@3@XZ 000000018002e700 f i libcpmt:cout.obj
 0001:0002d710       ?_Endwrite@?$basic_filebuf@DU?$char_traits@D@std@@@std@@IEAA_NXZ 000000018002e710 f i libcpmt:cout.obj
 0001:0002d8c4       ?_Getcat@?$codecvt@DDU_Mbstatet@@@std@@SA_KPEAPEBVfacet@locale@2@PEBV42@@Z 000000018002e8c4 f i libcpmt:cout.obj
 0001:0002d988       ?_Getcat@?$ctype@D@std@@SA_KPEAPEBVfacet@locale@2@PEBV42@@Z 000000018002e988 f i libcpmt:cout.obj
 0001:0002da6c       ?_Incref@facet@locale@std@@UEAAXXZ 000000018002ea6c f i libcpmt:cout.obj
 0001:0002da74       ?_Init@?$basic_filebuf@DU?$char_traits@D@std@@@std@@IEAAXPEAU_iobuf@@W4_Initfl@12@@Z 000000018002ea74 f i libcpmt:cout.obj
 0001:0002db60       ?_Init@ios_base@std@@IEAAXXZ 000000018002eb60 f i libcpmt:cout.obj
 0001:0002dbe0       ?_Initcvt@?$basic_filebuf@DU?$char_traits@D@std@@@std@@IEAAXPEBV?$codecvt@DDU_Mbstatet@@@2@@Z 000000018002ebe0 f i libcpmt:cout.obj
 0001:0002dc80       ?_Lock@?$basic_filebuf@DU?$char_traits@D@std@@@std@@UEAAXXZ 000000018002ec80 f i libcpmt:cout.obj
 0001:0002dc9c       ?_Unlock@?$basic_filebuf@DU?$char_traits@D@std@@@std@@UEAAXXZ 000000018002ec9c f i libcpmt:cout.obj
 0001:0002dcb8       ?append@?$basic_string@DU?$char_traits@D@std@@V?$allocator@D@2@@std@@QEAAAEAV12@_KD@Z 000000018002ecb8 f i libcpmt:cout.obj
 0001:0002dda8       ?do_length@?$codecvt@DDU_Mbstatet@@@std@@MEBAHAEAU_Mbstatet@@PEBD1_K@Z 000000018002eda8 f i libcpmt:cout.obj
 0001:0002ddbc       _get_startup_argv_mode     000000018002edbc f i LIBCMT:argv_mode.obj
 0001:0002ddbc       DllMain                    000000018002edbc f i LIBCMT:dll_dllmain_stub.obj
 0001:0002ddbc       ?do_encoding@codecvt_base@std@@MEBAHXZ 000000018002edbc f i libcpmt:cout.obj
 0001:0002ddbc       ?do_max_length@codecvt_base@std@@MEBAHXZ 000000018002edbc f i libcpmt:cout.obj
 0001:0002ddc4       ?do_narrow@?$ctype@D@std@@MEBAPEBDPEBD0DPEAD@Z 000000018002edc4 f i libcpmt:cout.obj
 0001:0002dde4       ?do_in@?$codecvt@DDU_Mbstatet@@@std@@MEBAHAEAU_Mbstatet@@PEBD1AEAPEBDPEAD3AEAPEAD@Z 000000018002ede4 f i libcpmt:cout.obj
 0001:0002dde4       ?do_out@?$codecvt@DDU_Mbstatet@@@std@@MEBAHAEAU_Mbstatet@@PEBD1AEAPEBDPEAD3AEAPEAD@Z 000000018002ede4 f i libcpmt:cout.obj
 0001:0002de00       ?do_tolower@?$ctype@D@std@@MEBADD@Z 000000018002ee00 f i libcpmt:cout.obj
 0001:0002de10       ?do_tolower@?$ctype@D@std@@MEBAPEBDPEADPEBD@Z 000000018002ee10 f i libcpmt:cout.obj
 0001:0002de70       ?do_toupper@?$ctype@D@std@@MEBADD@Z 000000018002ee70 f i libcpmt:cout.obj
 0001:0002de80       ?do_toupper@?$ctype@D@std@@MEBAPEBDPEADPEBD@Z 000000018002ee80 f i libcpmt:cout.obj
 0001:0002dee0       ?do_unshift@?$codecvt@DDU_Mbstatet@@@std@@MEBAHAEAU_Mbstatet@@PEAD1AEAPEAD@Z 000000018002eee0 f i libcpmt:cout.obj
 0001:0002deec       ?do_narrow@?$ctype@D@std@@MEBADDD@Z 000000018002eeec f i libcpmt:cout.obj
 0001:0002deec       ?do_widen@?$ctype@D@std@@MEBADD@Z 000000018002eeec f i libcpmt:cout.obj
 0001:0002def0       ?do_widen@?$ctype@D@std@@MEBAPEBDPEBD0PEAD@Z 000000018002eef0 f i libcpmt:cout.obj
 0001:0002df10       ?getloc@ios_base@std@@QEBA?AVlocale@2@XZ 000000018002ef10 f i libcpmt:cout.obj
 0001:0002df68       ?imbue@?$basic_filebuf@DU?$char_traits@D@std@@@std@@MEAAXAEBVlocale@2@@Z 000000018002ef68 f i libcpmt:cout.obj
 0001:0002df8c       ?overflow@?$basic_filebuf@DU?$char_traits@D@std@@@std@@MEAAHH@Z 000000018002ef8c f i libcpmt:cout.obj
 0001:0002e1ec       ?underflow@?$basic_streambuf@DU?$char_traits@D@std@@@std@@MEAAHXZ 000000018002f1ec f i libcpmt:cout.obj
 0001:0002e1ec       ?overflow@?$basic_streambuf@DU?$char_traits@D@std@@@std@@MEAAHH@Z 000000018002f1ec f i libcpmt:cout.obj
 0001:0002e1ec       ?pbackfail@?$basic_streambuf@DU?$char_traits@D@std@@@std@@MEAAHH@Z 000000018002f1ec f i libcpmt:cout.obj
 0001:0002e1f0       ?pbackfail@?$basic_filebuf@DU?$char_traits@D@std@@@std@@MEAAHH@Z 000000018002f1f0 f i libcpmt:cout.obj
 0001:0002e2c0       ?seekoff@?$basic_filebuf@DU?$char_traits@D@std@@@std@@MEAA?AV?$fpos@U_Mbstatet@@@2@_JHH@Z 000000018002f2c0 f i libcpmt:cout.obj
 0001:0002e3ac       ?seekpos@?$basic_streambuf@DU?$char_traits@D@std@@@std@@MEAA?AV?$fpos@U_Mbstatet@@@2@V32@H@Z 000000018002f3ac f i libcpmt:cout.obj
 0001:0002e3ac       ?seekoff@?$basic_streambuf@DU?$char_traits@D@std@@@std@@MEAA?AV?$fpos@U_Mbstatet@@@2@_JHH@Z 000000018002f3ac f i libcpmt:cout.obj
 0001:0002e3c8       ?seekpos@?$basic_filebuf@DU?$char_traits@D@std@@@std@@MEAA?AV?$fpos@U_Mbstatet@@@2@V32@H@Z 000000018002f3c8 f i libcpmt:cout.obj
 0001:0002e4c8       ?setbuf@?$basic_filebuf@DU?$char_traits@D@std@@@std@@MEAAPEAV?$basic_streambuf@DU?$char_traits@D@std@@@2@PEAD_J@Z 000000018002f4c8 f i libcpmt:cout.obj
 0001:0002e51c       ?setbuf@?$basic_streambuf@DU?$char_traits@D@std@@@std@@MEAAPEAV12@PEAD_J@Z 000000018002f51c f i libcpmt:cout.obj
 0001:0002e520       ?sync@?$basic_filebuf@DU?$char_traits@D@std@@@std@@MEAAHXZ 000000018002f520 f i libcpmt:cout.obj
 0001:0002e580       ?uflow@?$basic_filebuf@DU?$char_traits@D@std@@@std@@MEAAHXZ 000000018002f580 f i libcpmt:cout.obj
 0001:0002e818       ?uflow@?$basic_streambuf@DU?$char_traits@D@std@@@std@@MEAAHXZ 000000018002f818 f i libcpmt:cout.obj
 0001:0002e864       ?underflow@?$basic_filebuf@DU?$char_traits@D@std@@@std@@MEAAHXZ 000000018002f864 f i libcpmt:cout.obj
 0001:0002e8dc       ?widen@?$basic_ios@DU?$char_traits@D@std@@@std@@QEBADD@Z 000000018002f8dc f i libcpmt:cout.obj
 0001:0002e97c       ?xsgetn@?$basic_streambuf@DU?$char_traits@D@std@@@std@@MEAA_JPEAD_J@Z 000000018002f97c f i libcpmt:cout.obj
 0001:0002ea3c       ?xsputn@?$basic_streambuf@DU?$char_traits@D@std@@@std@@MEAA_JPEBD_J@Z 000000018002fa3c f i libcpmt:cout.obj
 0001:0002eb00       ?_Syserror_map@std@@YAPEBDH@Z 000000018002fb00 f   libcpmt:syserror.obj
 0001:0002eb28       ??0_Init_locks@std@@QEAA@XZ 000000018002fb28 f   libcpmt:xlock.obj
 0001:0002eb74       ??0_Lockit@std@@QEAA@H@Z   000000018002fb74 f   libcpmt:xlock.obj
 0001:0002ebb0       ??1_Init_locks@std@@QEAA@XZ 000000018002fbb0 f   libcpmt:xlock.obj
 0001:0002ebf4       ??1_Lockit@std@@QEAA@XZ    000000018002fbf4 f   libcpmt:xlock.obj
 0001:0002ec28       _Getctype                  000000018002fc28 f   libcpmt:_tolower.obj
 0001:0002ece8       _Tolower                   000000018002fce8 f   libcpmt:_tolower.obj
 0001:0002ee10       _Toupper                   000000018002fe10 f   libcpmt:_toupper.obj
 0001:0002ef48       ??4?$_Yarn@D@std@@QEAAAEAV01@PEBD@Z 000000018002ff48 f i libcpmt:locale0.obj
 0001:0002efc0       ??_G_Fac_node@std@@QEAAPEAXI@Z 000000018002ffc0 f i libcpmt:locale0.obj
 0001:0002f04c       ??_E_Locimp@locale@std@@MEAAPEAXI@Z 000000018003004c f i libcpmt:locale0.obj
 0001:0002f04c       ??_G_Locimp@locale@std@@MEAAPEAXI@Z 000000018003004c f i libcpmt:locale0.obj
 0001:0002f0b8       ?_Facet_Register@std@@YAXPEAV_Facet_base@1@@Z 00000001800300b8 f   libcpmt:locale0.obj
 0001:0002f0f0       ?_Getgloballocale@locale@std@@CAPEAV_Locimp@12@XZ 00000001800300f0 f   libcpmt:locale0.obj
 0001:0002f0f8       ?_Init@locale@std@@CAPEAV_Locimp@12@_N@Z 00000001800300f8 f   libcpmt:locale0.obj
 0001:0002f1b4       ?_Locimp_dtor@_Locimp@locale@std@@CAXPEAV123@@Z 00000001800301b4 f   libcpmt:locale0.obj
 0001:0002f25c       ?_Locinfo_ctor@_Locinfo@std@@SAXPEAV12@PEBD@Z 000000018003025c f   libcpmt:locale0.obj
 0001:0002f2c8       ?_Locinfo_dtor@_Locinfo@std@@SAXPEAV12@@Z 00000001800302c8 f   libcpmt:locale0.obj
 0001:0002f2ec       ?_New_Locimp@_Locimp@locale@std@@CAPEAV123@_N@Z 00000001800302ec f   libcpmt:locale0.obj
 0001:0002f35c       ?_Setgloballocale@locale@std@@CAXPEAX@Z 000000018003035c f   libcpmt:locale0.obj
 0001:0002f390       _Deletegloballocale        0000000180030390 f   libcpmt:locale0.obj
 0001:0002f418       ?_Addstd@ios_base@std@@SAXPEAV12@@Z 0000000180030418 f   libcpmt:ios.obj
 0001:0002f488       ?_Ios_base_dtor@ios_base@std@@CAXPEAV12@@Z 0000000180030488 f   libcpmt:ios.obj
 0001:0002f4cc       ?_Tidy@ios_base@std@@AEAAXXZ 00000001800304cc f i libcpmt:ios.obj
 0001:0002f55c       ?_Atexit@@YAXP6AXXZ@Z      000000018003055c f   libcpmt:iosptrs.obj
 0001:0002f59c       _Mtxdst                    000000018003059c f   libcpmt:xmtx.obj
 0001:0002f5a4       _Mtxinit                   00000001800305a4 f   libcpmt:xmtx.obj
 0001:0002f5b4       _Mtxlock                   00000001800305b4 f   libcpmt:xmtx.obj
 0001:0002f5bc       _Mtxunlock                 00000001800305bc f   libcpmt:xmtx.obj
 0001:0002f5c4       __crtLCMapStringA          00000001800305c4 f   libcpmt:StlLCMapStringA.obj
 0001:0002fd80       __crtInitializeCriticalSectionEx 0000000180030d80 f   libcpmt:winapisupp.obj
 0001:0002fde0       GetTableIndexFromLocaleName 0000000180030de0 f   libcpmt:winapinls.obj
 0001:0002fe6c       __crtDownlevelLocaleNameToLCID 0000000180030e6c f   libcpmt:winapinls.obj
 0001:0002fea0       __crtLCMapStringEx         0000000180030ea0 f   libcpmt:winapinls.obj
 0001:0002ff5c       __wcsnicmp_ascii           0000000180030f5c f   libcpmt:winapinls.obj
 0001:0002ffd0       __security_check_cookie    0000000180030fd0 f   LIBCMT:_amdsecgs_.obj
 0001:0002fff4       ??2@YAPEAX_K@Z             0000000180030ff4 f   LIBCMT:new_scalar.obj
 0001:00030030       __scrt_acquire_startup_lock 0000000180031030 f   LIBCMT:utility.obj
 0001:0003006c       __scrt_dllmain_after_initialize_c 000000018003106c f   LIBCMT:utility.obj
 0001:000300a0       __scrt_dllmain_before_initialize_c 00000001800310a0 f   LIBCMT:utility.obj
 0001:000300b8       __scrt_dllmain_crt_thread_attach 00000001800310b8 f   LIBCMT:utility.obj
 0001:000300e0       __scrt_dllmain_crt_thread_detach 00000001800310e0 f   LIBCMT:utility.obj
 0001:000300f8       __scrt_dllmain_exception_filter 00000001800310f8 f   LIBCMT:utility.obj
 0001:0003015c       __scrt_dllmain_uninitialize_c 000000018003115c f   LIBCMT:utility.obj
 0001:0003018c       __scrt_dllmain_uninitialize_critical 000000018003118c f   LIBCMT:utility.obj
 0001:000301a0       __scrt_initialize_crt      00000001800311a0 f   LIBCMT:utility.obj
 0001:000301ec       __scrt_initialize_onexit_tables 00000001800311ec f   LIBCMT:utility.obj
 0001:000302b8       __scrt_is_nonwritable_in_current_image 00000001800312b8 f   LIBCMT:utility.obj
 0001:00030354       __scrt_release_startup_lock 0000000180031354 f   LIBCMT:utility.obj
 0001:00030378       __scrt_uninitialize_crt    0000000180031378 f   LIBCMT:utility.obj
 0001:000303a4       _onexit                    00000001800313a4 f   LIBCMT:utility.obj
 0001:000303f4       atexit                     00000001800313f4 f   LIBCMT:utility.obj
 0001:0003040c       ??3@YAXPEAX@Z              000000018003140c f   LIBCMT:delete_scalar.obj
 0001:00030414       ??3@YAXPEAX_K@Z            0000000180031414 f   LIBCMT:delete_scalar_size.obj
 0001:00030414       ??_V@YAXPEAX@Z             0000000180031414 f   LIBCMT:delete_array.obj
 0001:0003041c       ??_U@YAPEAX_K@Z            000000018003141c f   LIBCMT:new_array.obj
 0001:00030770       _DllMainCRTStartup         0000000180031770 f   LIBCMT:dll_dllmain.obj
 0001:000307b0       __raise_securityfailure    00000001800317b0 f   LIBCMT:gs_report.obj
 0001:000307e4       __report_gsfailure         00000001800317e4 f   LIBCMT:gs_report.obj
 0001:000308b8       __report_rangecheckfailure 00000001800318b8 f   LIBCMT:gs_report.obj
 0001:000308cc       __report_securityfailure   00000001800318cc f   LIBCMT:gs_report.obj
 0001:00030b94       _Init_thread_footer        0000000180031b94 f   LIBCMT:thread_safe_statics.obj
 0001:00030bf4       _Init_thread_header        0000000180031bf4 f   LIBCMT:thread_safe_statics.obj
 0001:00030c5c       _Init_thread_notify        0000000180031c5c f   LIBCMT:thread_safe_statics.obj
 0001:00030cb8       _Init_thread_wait          0000000180031cb8 f   LIBCMT:thread_safe_statics.obj
 0001:00030d50       ??_Etype_info@@UEAAPEAXI@Z 0000000180031d50 f i LIBCMT:std_type_info_static.obj
 0001:00030d50       ??_Gtype_info@@UEAAPEAXI@Z 0000000180031d50 f i LIBCMT:std_type_info_static.obj
 0001:00030d7c       __GSHandlerCheck           0000000180031d7c f   LIBCMT:_gshandler_.obj
 0001:00030d9c       __GSHandlerCheckCommon     0000000180031d9c f   LIBCMT:_gshandler_.obj
 0001:00030df8       __GSHandlerCheck_EH        0000000180031df8 f   LIBCMT:gshandlereh.obj
 0001:00030e78       _guard_check_icall         0000000180031e78 f i LIBCMT:checkcfg.obj
 0001:00030e90       _alloca_probe              0000000180031e90 f   LIBCMT:_chkstk_.obj
 0001:00030e90       __chkstk                   0000000180031e90 f   LIBCMT:_chkstk_.obj
 0001:00030ee4       ??0bad_array_new_length@std@@QEAA@AEBV01@@Z 0000000180031ee4 f i LIBCMT:throw_bad_alloc.obj
 0001:00030f24       ??0bad_array_new_length@std@@QEAA@XZ 0000000180031f24 f i LIBCMT:throw_bad_alloc.obj
 0001:00030f44       ?_Xbad_alloc@std@@YAXXZ    0000000180031f44 f   libcpmt:xthrow.obj
 0001:00030f44       ?__scrt_throw_std_bad_alloc@@YAXXZ 0000000180031f44 f   LIBCMT:throw_bad_alloc.obj
 0001:00030f64       ?__scrt_throw_std_bad_array_new_length@@YAXXZ 0000000180031f64 f   LIBCMT:throw_bad_alloc.obj
 0001:00030f84       __isa_available_init       0000000180031f84 f   LIBCMT:_cpu_disp_.obj
 0001:0003114c       __scrt_is_ucrt_dll_in_use  000000018003214c f   LIBCMT:ucrt_detection.obj
 0001:00031158       __crt_debugger_hook        0000000180032158 f   LIBCMT:utility_desktop.obj
 0001:00031160       __scrt_fastfail            0000000180032160 f   LIBCMT:utility_desktop.obj
 0001:000312a8       __security_init_cookie     00000001800322a8 f   LIBCMT:gs_support.obj
 0001:00031354       ?__scrt_initialize_type_info@@YAXXZ 0000000180032354 f   LIBCMT:tncleanup.obj
 0001:00031364       ?__scrt_uninitialize_type_info@@YAXXZ 0000000180032364 f   LIBCMT:tncleanup.obj
 0001:00031370       __local_stdio_scanf_options 0000000180032370 f i LIBCMT:default_local_stdio_options.obj
 0001:00031378       __scrt_initialize_default_local_stdio_options 0000000180032378 f   LIBCMT:default_local_stdio_options.obj
 0001:00031394       __scrt_get_dyn_tls_init_callback 0000000180032394 f   LIBCMT:dyn_tls_init.obj
 0001:0003139c       _RTC_Initialize            000000018003239c f   LIBCMT:_initsect_.obj
 0001:000313e8       _RTC_Terminate             00000001800323e8 f   LIBCMT:_initsect_.obj
 0001:00031440       strstr                     0000000180032440 f   libvcruntime:strstr.obj
 0001:00031634       strchr                     0000000180032634 f   libvcruntime:strchr.obj
 0001:000316d0       memcpy                     00000001800326d0 f   libvcruntime:memcpy.obj
 0001:000316d0       memmove                    00000001800326d0 f   libvcruntime:memcpy.obj
 0001:00031b08       _purecall                  0000000180032b08 f   libvcruntime:purevirt.obj
 0001:00031b44       __std_exception_copy       0000000180032b44 f   libvcruntime:std_exception.obj
 0001:00031bd4       __std_exception_destroy    0000000180032bd4 f   libvcruntime:std_exception.obj
 0001:00031bfc       _CxxThrowException         0000000180032bfc f   libvcruntime:throw.obj
 0001:00031cd4       __DestructExceptionObject  0000000180032cd4 f   libvcruntime:frame.obj
 0001:00031d5c       ??0bad_exception@std@@QEAA@AEBV01@@Z 0000000180032d5c f i libvcruntime:frame.obj
 0001:00031d9c       ??0bad_exception@std@@QEAA@XZ 0000000180032d9c f i libvcruntime:frame.obj
 0001:00032718       ?_CallMemberFunction0@@YAXPEAXP6AX0@Z@Z 0000000180033718 f i libvcruntime:frame.obj
 0001:0003271c       ?_CallMemberFunction1@@YAXPEAXP6AX0@Z0@Z 000000018003371c f i libvcruntime:frame.obj
 0001:00032728       ?_CallMemberFunction2@@YAXPEAXP6AX0@Z0H@Z 0000000180033728 f i libvcruntime:frame.obj
 0001:00032738       __AdjustPointer            0000000180033738 f   libvcruntime:frame.obj
 0001:0003275c       __BuildCatchObject         000000018003375c f   libvcruntime:frame.obj
 0001:00032820       __BuildCatchObjectHelper   0000000180033820 f   libvcruntime:frame.obj
 0001:00032a00       __CxxCallCatchBlock        0000000180033a00 f   libvcruntime:frame.obj
 0001:00032bec       __FrameUnwindFilter        0000000180033bec f   libvcruntime:frame.obj
 0001:00032c38       __FrameUnwindToState       0000000180033c38 f   libvcruntime:frame.obj
 0001:00032dcc       __InternalCxxFrameHandler  0000000180033dcc f   libvcruntime:frame.obj
 0001:00033024       __TypeMatch                0000000180034024 f   libvcruntime:frame.obj
 0001:00033164       __std_terminate            0000000180034164 f   libvcruntime:frame.obj
 0001:00033170       ?_ExecutionInCatch@@YAHPEAU_xDISPATCHER_CONTEXT@@PEBU_s_FuncInfo@@@Z 0000000180034170 f   libvcruntime:trnsctrl.obj
 0001:000331e4       ?_GetEstablisherFrame@@YAPEA_KPEA_KPEAU_xDISPATCHER_CONTEXT@@PEBU_s_FuncInfo@@0@Z 00000001800341e4 f   libvcruntime:trnsctrl.obj
 0001:000332b0       ?_GetRangeOfTrysToCheck@@YAPEBU_s_TryBlockMapEntry@@PEA_KPEBU_s_FuncInfo@@HHPEAI2PEAU_xDISPATCHER_CONTEXT@@@Z 00000001800342b0 f   libvcruntime:trnsctrl.obj
 0001:000333dc       ?__FrameUnwindToEmptyState@@YAXPEA_KPEAU_xDISPATCHER_CONTEXT@@PEBU_s_FuncInfo@@@Z 00000001800343dc f   libvcruntime:trnsctrl.obj
 0001:00033470       ?__SehTransFilter@@YAHPEAU_EXCEPTION_POINTERS@@PEAUEHExceptionRecord@@PEA_KPEAU_CONTEXT@@PEAU_xDISPATCHER_CONTEXT@@PEBU_s_FuncInfo@@PEAH@Z 0000000180034470 f   libvcruntime:trnsctrl.obj
 0001:00033508       _CallSETranslator          0000000180034508 f   libvcruntime:trnsctrl.obj
 0001:00033560       _CreateFrameInfo           0000000180034560 f   libvcruntime:trnsctrl.obj
 0001:0003359c       _FindAndUnlinkFrame        000000018003459c f   libvcruntime:trnsctrl.obj
 0001:000335f4       _GetImageBase              00000001800345f4 f   libvcruntime:trnsctrl.obj
 0001:00033608       _GetThrowImageBase         0000000180034608 f   libvcruntime:trnsctrl.obj
 0001:0003361c       _IsExceptionObjectToBeDestroyed 000000018003461c f   libvcruntime:trnsctrl.obj
 0001:0003364c       _SetImageBase              000000018003464c f   libvcruntime:trnsctrl.obj
 0001:00033664       _SetThrowImageBase         0000000180034664 f   libvcruntime:trnsctrl.obj
 0001:0003367c       _UnwindNestedFrames        000000018003467c f   libvcruntime:trnsctrl.obj
 0001:000337a0       __CxxFrameHandler3         00000001800347a0 f   libvcruntime:trnsctrl.obj
 0001:00033830       memset                     0000000180034830 f   libvcruntime:memset.obj
 0001:000339e0       memcmp                     00000001800349e0 f   libvcruntime:memcmp.obj
 0001:00033aa8       __vcrt_initialize          0000000180034aa8 f   libvcruntime:initialization.obj
 0001:00033adc       __vcrt_thread_attach       0000000180034adc f   libvcruntime:initialization.obj
 0001:00033af0       __vcrt_thread_detach       0000000180034af0 f   libvcruntime:initialization.obj
 0001:00033b04       __vcrt_uninitialize        0000000180034b04 f   libvcruntime:initialization.obj
 0001:00033b24       __vcrt_uninitialize_critical 0000000180034b24 f   libvcruntime:initialization.obj
 0001:00033b34       __C_specific_handler       0000000180034b34 f   libvcruntime:_chandler_.obj
 0001:00033ef8       __vcrt_FlsAlloc            0000000180034ef8 f   libvcruntime:winapi_downlevel.obj
 0001:00033f4c       __vcrt_FlsFree             0000000180034f4c f   libvcruntime:winapi_downlevel.obj
 0001:00033fa0       __vcrt_FlsGetValue         0000000180034fa0 f   libvcruntime:winapi_downlevel.obj
 0001:00033ff4       __vcrt_FlsSetValue         0000000180034ff4 f   libvcruntime:winapi_downlevel.obj
 0001:0003405c       __vcrt_InitializeCriticalSectionEx 000000018003505c f   libvcruntime:winapi_downlevel.obj
 0001:000340d4       __vcrt_initialize_winapi_thunks 00000001800350d4 f   libvcruntime:winapi_downlevel.obj
 0001:00034120       __vcrt_uninitialize_winapi_thunks 0000000180035120 f   libvcruntime:winapi_downlevel.obj
 0001:00034160       __std_type_info_compare    0000000180035160 f   libvcruntime:std_type_info.obj
 0001:00034188       __std_type_info_destroy_list 0000000180035188 f   libvcruntime:std_type_info.obj
 0001:000341b4       __vcrt_initialize_pure_virtual_call_handler 00000001800351b4 f   libvcruntime:purevirt_data.obj
 0001:000341d8       __vcrt_freefls             00000001800351d8 f   libvcruntime:per_thread_data.obj
 0001:000341f8       __vcrt_freeptd             00000001800351f8 f   libvcruntime:per_thread_data.obj
 0001:00034248       __vcrt_getptd              0000000180035248 f   libvcruntime:per_thread_data.obj
 0001:00034264       __vcrt_getptd_noexit       0000000180035264 f   libvcruntime:per_thread_data.obj
 0001:0003431c       __vcrt_initialize_ptd      000000018003531c f   libvcruntime:per_thread_data.obj
 0001:0003435c       __vcrt_uninitialize_ptd    000000018003535c f   libvcruntime:per_thread_data.obj
 0001:00034380       ?__GetCurrentState@@YAHPEA_KPEAU_xDISPATCHER_CONTEXT@@PEBU_s_FuncInfo@@@Z 0000000180035380 f   libvcruntime:ehstate.obj
 0001:000343a8       ?__GetUnwindTryBlock@@YAHPEA_KPEAU_xDISPATCHER_CONTEXT@@PEBU_s_FuncInfo@@@Z 00000001800353a8 f   libvcruntime:ehstate.obj
 0001:000343d4       ?__SetState@@YAXPEA_KPEAU_xDISPATCHER_CONTEXT@@PEBU_s_FuncInfo@@H@Z 00000001800353d4 f   libvcruntime:ehstate.obj
 0001:000343e0       ?__SetUnwindTryBlock@@YAXPEA_KPEAU_xDISPATCHER_CONTEXT@@PEBU_s_FuncInfo@@H@Z 00000001800353e0 f   libvcruntime:ehstate.obj
 0001:0003441c       ?__StateFromControlPc@@YAHPEBU_s_FuncInfo@@PEAU_xDISPATCHER_CONTEXT@@@Z 000000018003541c f   libvcruntime:ehstate.obj
 0001:00034424       ?__StateFromIp@@YAHPEBU_s_FuncInfo@@PEAU_xDISPATCHER_CONTEXT@@_J@Z 0000000180035424 f   libvcruntime:ehstate.obj
 0001:000344a0       _CallSettingFrame          00000001800354a0 f   libvcruntime:handlers.obj
 0001:000344f0       _local_unwind              00000001800354f0 f   libvcruntime:_jmpuwind_.obj
 0001:00034520       _NLG_Notify                0000000180035520 f   libvcruntime:_jmpuwind_.obj
 0001:00034540       __NLG_Dispatch2            0000000180035540 f   libvcruntime:_jmpuwind_.obj
 0001:00034550       __NLG_Return2              0000000180035550 f   libvcruntime:_jmpuwind_.obj
 0001:00034554       __vcrt_initialize_locks    0000000180035554 f   libvcruntime:locks.obj
 0001:0003459c       __vcrt_uninitialize_locks  000000018003559c f   libvcruntime:locks.obj
 0001:00034fbc       ??$ftprintf@PEAU_iobuf@@PEB_WAEBQEB_WAEBQEB_WAEBI@?$__crt_char_traits@_W@@SAH$$QEAPEAU_iobuf@@$$QEAPEB_WAEBQEB_W2AEBI@Z 0000000180035fbc f i libucrt:assert.obj
 0001:00034fe4       _wassert                   0000000180035fe4 f   libucrt:assert.obj
 0001:00035068       fwprintf                   0000000180036068 f i libucrt:assert.obj
 0001:000350ac       swprintf                   00000001800360ac f i libucrt:assert.obj
 0001:00035100       __acrt_call_reportfault    0000000180036100 f   libucrt:invalid_parameter.obj
 0001:0003525c       __acrt_initialize_invalid_parameter_handler 000000018003625c f   libucrt:invalid_parameter.obj
 0001:00035264       _invalid_parameter         0000000180036264 f   libucrt:invalid_parameter.obj
 0001:0003530c       _invalid_parameter_noinfo  000000018003630c f   libucrt:invalid_parameter.obj
 0001:0003532c       _invalid_parameter_noinfo_noreturn 000000018003632c f   libucrt:invalid_parameter.obj
 0001:0003535c       _invoke_watson             000000018003635c f   libucrt:invalid_parameter.obj
 0001:000353a4       ??0_LocaleUpdate@@QEAA@QEAU__crt_locale_pointers@@@Z 00000001800363a4 f i libucrt:stricmp.obj
 0001:00035434       __ascii_stricmp            0000000180036434 f   libucrt:stricmp.obj
 0001:00035470       _stricmp                   0000000180036470 f   libucrt:stricmp.obj
 0001:000354b8       _stricmp_l                 00000001800364b8 f   libucrt:stricmp.obj
 0001:0003556c       realloc                    000000018003656c f   libucrt:realloc.obj
 0001:00035590       strncpy                    0000000180036590 f   libucrt:strncpy.obj
 0001:00035710       strncmp                    0000000180036710 f   libucrt:strncmp.obj
 0001:00035790       ??$?RV<lambda_7b91131dde12e1c3dfc74ff76b3f2eac>@@AEAV<lambda_dd75445284c072d0bd3768540cc698fa>@@V<lambda_16bc4ecb55b4718497c16bceaea2ceaf>@@@?$__crt_seh_guarded_call@H@@QEAAH$$QEAV<lambda_7b91131dde12e1c3dfc74ff76b3f2eac>@@AEAV<lambda_dd75445284c072d0bd3768540cc698fa>@@$$QEAV<lambda_16bc4ecb55b4718497c16bceaea2ceaf>@@@Z 0000000180036790 f i libucrt:output.obj
 0001:000357d0       ??$?RV<lambda_aa279a7bcb127014629d5b1d62c7325d>@@AEAV<lambda_0a64b6a4deda75c01876f29c44fc5eb3>@@V<lambda_3323e69fbefe9d1a11713e670d47cdfa>@@@?$__crt_seh_guarded_call@H@@QEAAH$$QEAV<lambda_aa279a7bcb127014629d5b1d62c7325d>@@AEAV<lambda_0a64b6a4deda75c01876f29c44fc5eb3>@@$$QEAV<lambda_3323e69fbefe9d1a11713e670d47cdfa>@@@Z 00000001800367d0 f i libucrt:output.obj
 0001:00035810       ??$ensure_buffer_is_big_enough@D@formatting_buffer@__crt_stdio_output@@QEAA_N_K@Z 0000000180036810 f i libucrt:output.obj
 0001:000358bc       ??$is_wide_character_specifier@D@__crt_stdio_output@@YA_N_KDW4length_modifier@0@@Z 00000001800368bc f i libucrt:output.obj
 0001:000358ec       ??$is_wide_character_specifier@_W@__crt_stdio_output@@YA_N_K_WW4length_modifier@0@@Z 00000001800368ec f i libucrt:output.obj
 0001:00035930       ??$type_case_integer_parse_into_buffer@I@?$output_processor@_WV?$stream_output_adapter@_W@__crt_stdio_output@@V?$standard_base@_WV?$stream_output_adapter@_W@__crt_stdio_output@@@2@@__crt_stdio_output@@AEAAXII_N@Z 0000000180036930 f i libucrt:output.obj
 0001:00035930       ??$type_case_integer_parse_into_buffer@I@?$output_processor@DV?$stream_output_adapter@D@__crt_stdio_output@@V?$standard_base@DV?$stream_output_adapter@D@__crt_stdio_output@@@2@@__crt_stdio_output@@AEAAXII_N@Z 0000000180036930 f i libucrt:output.obj
 0001:00035930       ??$type_case_integer_parse_into_buffer@I@?$output_processor@_WV?$string_output_adapter@_W@__crt_stdio_output@@V?$standard_base@_WV?$string_output_adapter@_W@__crt_stdio_output@@@2@@__crt_stdio_output@@AEAAXII_N@Z 0000000180036930 f i libucrt:output.obj
 0001:00035930       ??$type_case_integer_parse_into_buffer@I@?$output_processor@DV?$string_output_adapter@D@__crt_stdio_output@@V?$standard_base@DV?$string_output_adapter@D@__crt_stdio_output@@@2@@__crt_stdio_output@@AEAAXII_N@Z 0000000180036930 f i libucrt:output.obj
 0001:000359cc       ??$type_case_integer_parse_into_buffer@_K@?$output_processor@_WV?$string_output_adapter@_W@__crt_stdio_output@@V?$standard_base@_WV?$string_output_adapter@_W@__crt_stdio_output@@@2@@__crt_stdio_output@@AEAAX_KI_N@Z 00000001800369cc f i libucrt:output.obj
 0001:000359cc       ??$type_case_integer_parse_into_buffer@_K@?$output_processor@_WV?$stream_output_adapter@_W@__crt_stdio_output@@V?$standard_base@_WV?$stream_output_adapter@_W@__crt_stdio_output@@@2@@__crt_stdio_output@@AEAAX_KI_N@Z 00000001800369cc f i libucrt:output.obj
 0001:000359cc       ??$type_case_integer_parse_into_buffer@_K@?$output_processor@DV?$string_output_adapter@D@__crt_stdio_output@@V?$standard_base@DV?$string_output_adapter@D@__crt_stdio_output@@@2@@__crt_stdio_output@@AEAAX_KI_N@Z 00000001800369cc f i libucrt:output.obj
 0001:000359cc       ??$type_case_integer_parse_into_buffer@_K@?$output_processor@DV?$stream_output_adapter@D@__crt_stdio_output@@V?$standard_base@DV?$stream_output_adapter@D@__crt_stdio_output@@@2@@__crt_stdio_output@@AEAAX_KI_N@Z 00000001800369cc f i libucrt:output.obj
 0001:00035a68       ??$write_multiple_characters@V?$stream_output_adapter@D@__crt_stdio_output@@D@__crt_stdio_output@@YAXAEBV?$stream_output_adapter@D@0@DHQEAH@Z 0000000180036a68 f i libucrt:output.obj
 0001:00035aec       ??$write_multiple_characters@V?$stream_output_adapter@_W@__crt_stdio_output@@D@__crt_stdio_output@@YAXAEBV?$stream_output_adapter@_W@0@DHQEAH@Z 0000000180036aec f i libucrt:output.obj
 0001:00035b7c       ??$write_multiple_characters@V?$string_output_adapter@D@__crt_stdio_output@@D@__crt_stdio_output@@YAXAEBV?$string_output_adapter@D@0@DHQEAH@Z 0000000180036b7c f i libucrt:output.obj
 0001:00035bd8       ??$write_multiple_characters@V?$string_output_adapter@_W@__crt_stdio_output@@D@__crt_stdio_output@@YAXAEBV?$string_output_adapter@_W@0@DHQEAH@Z 0000000180036bd8 f i libucrt:output.obj
 0001:00035c48       ??0?$output_processor@DV?$string_output_adapter@D@__crt_stdio_output@@V?$standard_base@DV?$string_output_adapter@D@__crt_stdio_output@@@2@@__crt_stdio_output@@QEAA@AEBV?$string_output_adapter@D@1@_KQEBDQEAU__crt_locale_pointers@@QEAD@Z 0000000180036c48 f i libucrt:output.obj
 0001:00035c48       ??0?$output_processor@DV?$stream_output_adapter@D@__crt_stdio_output@@V?$standard_base@DV?$stream_output_adapter@D@__crt_stdio_output@@@2@@__crt_stdio_output@@QEAA@AEBV?$stream_output_adapter@D@1@_KQEBDQEAU__crt_locale_pointers@@QEAD@Z 0000000180036c48 f i libucrt:output.obj
 0001:00035cc4       ??0?$output_processor@_WV?$stream_output_adapter@_W@__crt_stdio_output@@V?$standard_base@_WV?$stream_output_adapter@_W@__crt_stdio_output@@@2@@__crt_stdio_output@@QEAA@AEBV?$stream_output_adapter@_W@1@_KQEB_WQEAU__crt_locale_pointers@@QEAD@Z 0000000180036cc4 f i libucrt:output.obj
 0001:00035cc4       ??0?$output_processor@_WV?$string_output_adapter@_W@__crt_stdio_output@@V?$standard_base@_WV?$string_output_adapter@_W@__crt_stdio_output@@@2@@__crt_stdio_output@@QEAA@AEBV?$string_output_adapter@_W@1@_KQEB_WQEAU__crt_locale_pointers@@QEAD@Z 0000000180036cc4 f i libucrt:output.obj
 0001:00035f24       ?force_decimal_point@__crt_stdio_output@@YAXPEADQEAU__crt_locale_pointers@@@Z 0000000180036f24 f i libucrt:output.obj
[...]
 0004:00003a98       $pdata$__delayLoadHelper2  0000000180094a98     DelayImp:delayhlp.obj
 0004:00003aa4       $pdata$_IsNonwritableInCurrentImage 0000000180094aa4     LIBCMT:pesect.obj
 0004:00003ab0       $pdata$strrchr             0000000180094ab0     libvcruntime:strrchr.obj
 0004:00003abc       $pdata$wcschr              0000000180094abc     libvcruntime:wcschr.obj
 0004:00003ad4       $pdata$?dtor$0@?0???0?$basic_ostream@DU?$char_traits@D@std@@@std@@QEAA@PEAV?$basic_streambuf@DU?$char_traits@D@std@@@1@_N@Z@4HA 0000000180094ad4     libcpmt:cout.obj
 0004:00003ae0       $pdata$?dtor$0@?0??_Getcat@?$codecvt@DDU_Mbstatet@@@std@@SA_KPEAPEBVfacet@locale@2@PEBV42@@Z@4HA 0000000180094ae0     libcpmt:cout.obj
 0004:00003aec       $pdata$?dtor$0@?0??_Getcat@?$ctype@D@std@@SA_KPEAPEBVfacet@locale@2@PEBV42@@Z@4HA 0000000180094aec     libcpmt:cout.obj
 0004:00003af8       $pdata$__scrt_is_nonwritable_in_current_image$filt$0 0000000180094af8     LIBCMT:utility.obj
 0004:00003b04       $pdata$?fin$0@?0??dllmain_crt_process_attach@@YAHQEAUHINSTANCE__@@QEAX@Z@4HA 0000000180094b04     LIBCMT:dll_dllmain.obj
 0004:00003b10       $pdata$?fin$0@?0??dllmain_crt_process_detach@@YAH_N@Z@4HA 0000000180094b10     LIBCMT:dll_dllmain.obj
 0004:00003b1c       $pdata$?filt$0@?0??dllmain_dispatch@@YAHQEAUHINSTANCE__@@KQEAX@Z@4HA 0000000180094b1c     LIBCMT:dll_dllmain.obj
 0004:00003b28       $pdata$__CxxCallCatchBlock$filt$0 0000000180094b28     libvcruntime:frame.obj
 0004:00003b34       $pdata$__CxxCallCatchBlock$fin$1 0000000180094b34     libvcruntime:frame.obj
 0004:00003b40       $pdata$__DestructExceptionObject$filt$0 0000000180094b40     libvcruntime:frame.obj
 0004:00003b4c       $pdata$__FrameUnwindToState$filt$0 0000000180094b4c     libvcruntime:frame.obj
 0004:00003b58       $pdata$__FrameUnwindToState$fin$1 0000000180094b58     libvcruntime:frame.obj
 0004:00003b64       $pdata$_CallSETranslator$filt$0 0000000180094b64     libvcruntime:trnsctrl.obj
 0004:00003b70       $pdata$?fin$0@?0???$?RV<lambda_aa279a7bcb127014629d5b1d62c7325d>@@AEAV<lambda_0a64b6a4deda75c01876f29c44fc5eb3>@@V<lambda_3323e69fbefe9d1a11713e670d47cdfa>@@@?$__crt_seh_guarded_call@H@@QEAAH$$QEAV<lambda_aa279a7bcb127014629d5b1d62c7325d>@@AEAV<lambda_0a64b6a4deda75c01876f29c44fc5eb3>@@$$QEAV<lambda_3323e69fbefe9d1a11713e670d47cdfa>@@@Z@4HA 0000000180094b70     libucrt:output.obj
 0004:00003b70       $pdata$?fin$0@?0???$?RV<lambda_5d4c3fee44080f75d5d9762853974fe0>@@AEAV<lambda_532e024f4337e6fc7ad266c2bef9f4ed>@@V<lambda_c87bdc10097eb2402edb8ba9bdf0697b>@@@?$__crt_seh_guarded_call@_K@@QEAA_K$$QEAV<lambda_5d4c3fee44080f75d5d9762853974fe0>@@AEAV<lambda_532e024f4337e6fc7ad266c2bef9f4ed>@@$$QEAV<lambda_c87bdc10097eb2402edb8ba9bdf0697b>@@@Z@4HA 0000000180094b70     libucrt:fwrite.obj
 0004:00003b70       $pdata$?fin$0@?0???$?RV<lambda_7b91131dde12e1c3dfc74ff76b3f2eac>@@AEAV<lambda_dd75445284c072d0bd3768540cc698fa>@@V<lambda_16bc4ecb55b4718497c16bceaea2ceaf>@@@?$__crt_seh_guarded_call@H@@QEAAH$$QEAV<lambda_7b91131dde12e1c3dfc74ff76b3f2eac>@@AEAV<lambda_dd75445284c072d0bd3768540cc698fa>@@$$QEAV<lambda_16bc4ecb55b4718497c16bceaea2ceaf>@@@Z@4HA 0000000180094b70     libucrt:output.obj
 0004:00003b70       $pdata$?fin$0@?0???$?RV<lambda_7a5ef57ff966f610505f1d28a3d40618>@@AEAV<lambda_b721fa326cdb32351d23dfa67958c160>@@V<lambda_5e0fb27672408a07956fe59e48ccb2aa>@@@?$__crt_seh_guarded_call@H@@QEAAH$$QEAV<lambda_7a5ef57ff966f610505f1d28a3d40618>@@AEAV<lambda_b721fa326cdb32351d23dfa67958c160>@@$$QEAV<lambda_5e0fb27672408a07956fe59e48ccb2aa>@@@Z@4HA 0000000180094b70     libucrt:setvbuf.obj
 0004:00003b7c       $pdata$?fin$0@?0???$common_fsopen@D@@YAPEAU_iobuf@@QEBD0H@Z@4HA 0000000180094b7c     libucrt:fopen.obj
 0004:00003b88       $pdata$fflush$fin$0        0000000180094b88     libucrt:fflush.obj
 0004:00003b88       $pdata$fclose$fin$0        0000000180094b88     libucrt:fclose.obj
 0004:00003b94       $pdata$?fin$0@?0???$common_fgets@D@@YAPEADQEADHV__crt_stdio_stream@@@Z@4HA 0000000180094b94     libucrt:fgets.obj
 0004:00003ba0       $pdata$fread_s$fin$0       0000000180094ba0     libucrt:fread.obj
 0004:00003bac       $pdata$common_flush_all$fin$0 0000000180094bac     libucrt:fflush.obj
 0004:00003bb8       $pdata$common_flush_all$fin$1 0000000180094bb8     libucrt:fflush.obj
 0004:00003bc4       $pdata$fgetc$fin$0         0000000180094bc4     libucrt:fgetc.obj
 0004:00003bd0       $pdata$fputc$fin$0         0000000180094bd0     libucrt:fputc.obj
 0004:00003bdc       $pdata$ungetc$fin$0        0000000180094bdc     libucrt:ungetc.obj
 0004:00003be8       $pdata$setlocale$fin$0     0000000180094be8     libucrt:setlocale.obj
 0004:00003bf4       $pdata$_query_new_handler$fin$0 0000000180094bf4     libucrt:new_handler.obj
 0004:00003c00       $pdata$?filt$0@?0??common_exit@@YAXHW4_crt_exit_cleanup_mode@@W4_crt_exit_return_mode@@@Z@4HA 0000000180094c00     libucrt:exit.obj
 0004:00003c0c       $pdata$?fin$1@?0??common_exit@@YAXHW4_crt_exit_cleanup_mode@@W4_crt_exit_return_mode@@@Z@4HA 0000000180094c0c     libucrt:exit.obj
 0004:00003c18       $pdata$?fin$0@?0???$?RV<lambda_e24bbb7b643b32fcea6fa61b31d4c984>@@AEAV<lambda_275893d493268fdec8709772e3fcec0e>@@V<lambda_9d71df4d7cf3f480f8d633942495c3b0>@@@?$__crt_seh_guarded_call@H@@QEAAH$$QEAV<lambda_e24bbb7b643b32fcea6fa61b31d4c984>@@AEAV<lambda_275893d493268fdec8709772e3fcec0e>@@$$QEAV<lambda_9d71df4d7cf3f480f8d633942495c3b0>@@@Z@4HA 0000000180094c18     libucrt:onexit.obj
 0004:00003c24       $pdata$?fin$0@?0???$?RV<lambda_d67e8342c384adda8f857579ab50b2ae>@@AEAV<lambda_30712929f77e709619002f448b6a9510>@@V<lambda_4525336fd7e478d965fb7ca7a337cad8>@@@?$__crt_seh_guarded_call@X@@QEAAX$$QEAV<lambda_d67e8342c384adda8f857579ab50b2ae>@@AEAV<lambda_30712929f77e709619002f448b6a9510>@@$$QEAV<lambda_4525336fd7e478d965fb7ca7a337cad8>@@@Z@4HA 0000000180094c24     libucrt:wsetlocale.obj
 0004:00003c24       $pdata$?fin$0@?0???$?RV<lambda_46352004c1216016012b18bd6f87e700>@@AEAV<lambda_3bd07e1a1191394380780325891bf33f>@@V<lambda_334532d3f185bcaa59b5be82d7d22bff>@@@?$__crt_seh_guarded_call@X@@QEAAX$$QEAV<lambda_46352004c1216016012b18bd6f87e700>@@AEAV<lambda_3bd07e1a1191394380780325891bf33f>@@$$QEAV<lambda_334532d3f185bcaa59b5be82d7d22bff>@@@Z@4HA 0000000180094c24     libucrt:per_thread_data.obj
 0004:00003c24       $pdata$?fin$0@?0???$?RV<lambda_fb3a7dec4e47f37f22dae91bb15c9095>@@AEAV<lambda_698284760c8add0bfb0756c19673e34b>@@V<lambda_dfb8eca1e75fef3034a8fb18dd509707>@@@?$__crt_seh_guarded_call@X@@QEAAX$$QEAV<lambda_fb3a7dec4e47f37f22dae91bb15c9095>@@AEAV<lambda_698284760c8add0bfb0756c19673e34b>@@$$QEAV<lambda_dfb8eca1e75fef3034a8fb18dd509707>@@@Z@4HA 0000000180094c24     libucrt:per_thread_data.obj
 0004:00003c24       $pdata$?fin$0@?0???$?RV<lambda_c36588078e9f5dfd39652860aa6b3aaf>@@AEAV<lambda_ec61778202f4f5fc7e7711acc23c3bca>@@V<lambda_dc9d2797ccde5d239b4a0efae8ebd7db>@@@?$__crt_seh_guarded_call@P6AXH@Z@@QEAAP6AXH@Z$$QEAV<lambda_c36588078e9f5dfd39652860aa6b3aaf>@@AEAV<lambda_ec61778202f4f5fc7e7711acc23c3bca>@@$$QEAV<lambda_dc9d2797ccde5d239b4a0efae8ebd7db>@@@Z@4HA 0000000180094c24     libucrt:signal.obj
 0004:00003c24       $pdata$?fin$0@?0???$?RV<lambda_5e887d1dcbef67a5eb4283622ba103bf>@@AEAV<lambda_4466841279450cc726390878d4a41900>@@V<lambda_341c25c0346d94847f1f3c463c57e077>@@@?$__crt_seh_guarded_call@X@@QEAAX$$QEAV<lambda_5e887d1dcbef67a5eb4283622ba103bf>@@AEAV<lambda_4466841279450cc726390878d4a41900>@@$$QEAV<lambda_341c25c0346d94847f1f3c463c57e077>@@@Z@4HA 0000000180094c24     libucrt:per_thread_data.obj
 0004:00003c24       $pdata$?fin$0@?0???$?RV<lambda_99476a1ad63dd22509b5d3e65b0ffc95>@@AEAV<lambda_ad1ced32f4ac17aa236e5ef05d6b3b7c>@@V<lambda_f7424dd8d45958661754dc4f2697e9c3>@@@?$__crt_seh_guarded_call@X@@QEAAX$$QEAV<lambda_99476a1ad63dd22509b5d3e65b0ffc95>@@AEAV<lambda_ad1ced32f4ac17aa236e5ef05d6b3b7c>@@$$QEAV<lambda_f7424dd8d45958661754dc4f2697e9c3>@@@Z@4HA 0000000180094c24     libucrt:mbctype.obj
 0004:00003c24       $pdata$?fin$0@?0???$?RV<lambda_72d1df2b273a38828b1ce30cbf4cdab5>@@AEAV<lambda_876a65b173b8412d3a47c70a915b0cf4>@@V<lambda_41932305e351933ebe8f8be3ed8bb5dc>@@@?$__crt_seh_guarded_call@X@@QEAAX$$QEAV<lambda_72d1df2b273a38828b1ce30cbf4cdab5>@@AEAV<lambda_876a65b173b8412d3a47c70a915b0cf4>@@$$QEAV<lambda_41932305e351933ebe8f8be3ed8bb5dc>@@@Z@4HA 0000000180094c24     libucrt:per_thread_data.obj
 0004:00003c24       $pdata$?fin$0@?0???$?RV<lambda_b8c45f8f788dd370798f47cfe8ac3a86>@@AEAV<lambda_4e60a939b0d047cfe11ddc22648dfba9>@@V<lambda_332c3edc96d0294ec56c57d38c1cdfd5>@@@?$__crt_seh_guarded_call@H@@QEAAH$$QEAV<lambda_b8c45f8f788dd370798f47cfe8ac3a86>@@AEAV<lambda_4e60a939b0d047cfe11ddc22648dfba9>@@$$QEAV<lambda_332c3edc96d0294ec56c57d38c1cdfd5>@@@Z@4HA 0000000180094c24     libucrt:onexit.obj
 0004:00003c24       $pdata$?fin$0@?0???$?RV<lambda_630b2aca97f6d20d5b5ea6529ea6b6af>@@AEAV<lambda_af91936f1d075d609f72d9d8cba980af>@@V<lambda_e82fa975f615b5c7c7b0e4d178fdae67>@@@?$__crt_seh_guarded_call@H@@QEAAH$$QEAV<lambda_630b2aca97f6d20d5b5ea6529ea6b6af>@@AEAV<lambda_af91936f1d075d609f72d9d8cba980af>@@$$QEAV<lambda_e82fa975f615b5c7c7b0e4d178fdae67>@@@Z@4HA 0000000180094c24     libucrt:winapi_thunks.obj
 0004:00003c30       $pdata$raise$fin$0         0000000180094c30     libucrt:signal.obj
 0004:00003c3c       $pdata$?fin$0@?0???$?RV<lambda_5df02c53a8f32f81fd64e5bbb78039f1>@@AEAV<lambda_2af78c5f5901b1372d98f9ab3177dfa6>@@AEAV<lambda_f51fe5fd7c79a33db34fc9310f277369>@@@?$__crt_seh_guarded_call@X@@QEAAX$$QEAV<lambda_5df02c53a8f32f81fd64e5bbb78039f1>@@AEAV<lambda_2af78c5f5901b1372d98f9ab3177dfa6>@@AEAV<lambda_f51fe5fd7c79a33db34fc9310f277369>@@@Z@4HA 0000000180094c3c     libucrt:wsetlocale.obj
 0004:00003c48       $pdata$_alloc_osfhnd$fin$0 0000000180094c48     libucrt:osfinfo.obj
 0004:00003c48       $pdata$__acrt_lowio_ensure_fh_exists$fin$0 0000000180094c48     libucrt:osfinfo.obj
 0004:00003c48       $pdata$__acrt_initialize_lowio$fin$0 0000000180094c48     libucrt:ioinit.obj
 0004:00003c54       $pdata$_fcloseall$fin$0    0000000180094c54     libucrt:closeall.obj
 0004:00003c54       $pdata$?fin$0@?0??__acrt_stdio_allocate_stream@@YA?AV__crt_stdio_stream@@XZ@4HA 0000000180094c54     libucrt:stream.obj
 0004:00003c60       $pdata$?fin$0@?0???$?RV<lambda_b521505b218e5242e90febf6bfebc422>@@AEAV<lambda_6978c1fb23f02e42e1d9e99668cc68aa>@@V<lambda_314360699dd331753a4119843814e9a7>@@@?$__crt_seh_guarded_call@H@@QEAAH$$QEAV<lambda_b521505b218e5242e90febf6bfebc422>@@AEAV<lambda_6978c1fb23f02e42e1d9e99668cc68aa>@@$$QEAV<lambda_314360699dd331753a4119843814e9a7>@@@Z@4HA 0000000180094c60     libucrt:commit.obj
 0004:00003c60       $pdata$?fin$0@?0???$?RV<lambda_bfedae4ebbf01fab1bb6dcc6a9e276e0>@@AEAV<lambda_2fe9b910cf3cbf4a0ab98a02ba45b3ec>@@V<lambda_237c231691f317818eb88cc1d5d642d6>@@@?$__crt_seh_guarded_call@H@@QEAAH$$QEAV<lambda_bfedae4ebbf01fab1bb6dcc6a9e276e0>@@AEAV<lambda_2fe9b910cf3cbf4a0ab98a02ba45b3ec>@@$$QEAV<lambda_237c231691f317818eb88cc1d5d642d6>@@@Z@4HA 0000000180094c60     libucrt:close.obj
 0004:00003c6c       $pdata$_read$fin$0         0000000180094c6c     libucrt:read.obj
 0004:00003c6c       $pdata$_write$fin$0        0000000180094c6c     libucrt:write.obj
 0004:00003c6c       $pdata$?fin$0@?0???$common_lseek@_J@@YA_JH_JH@Z@4HA 0000000180094c6c     libucrt:lseek.obj
 0004:00003c78       $pdata$?fin$0@?0???$common_ftell@_J@@YA_JV__crt_stdio_stream@@@Z@4HA 0000000180094c78     libucrt:ftell.obj
 0004:00003c78       $pdata$?fin$0@?0??common_fseek@@YAHV__crt_stdio_stream@@_JH@Z@4HA 0000000180094c78     libucrt:fseek.obj
 0004:00003c84       $pdata$__acrt_update_thread_multibyte_data$fin$0 0000000180094c84     libucrt:mbctype.obj
 0004:00003c90       $pdata$__acrt_update_thread_locale_data$fin$0 0000000180094c90     libucrt:locale_refcounting.obj
 0004:00003c90       $pdata$__acrt_uninitialize_locale$fin$0 0000000180094c90     libucrt:wsetlocale.obj
 0004:00003c9c       $pdata$?fin$0@?0???$common_sopen_dispatch@D@@YAHQEBDHHHQEAHH@Z@4HA 0000000180094c9c     libucrt:open.obj
 0004:00003ca8       $pdata$common_control87$filt$0 0000000180094ca8     libucrt:ieee.obj
 0004:00003ca8       $pdata$_ctrlfp$filt$0      0000000180094ca8     libucrt:fpctrl.obj
 0004:00003cb4       $pdata$_IsNonwritableInCurrentImage$filt$0 0000000180094cb4     LIBCMT:pesect.obj
 0004:00003cc0       $pdata$??__Fcout@std@@YAXXZ 0000000180094cc0     libcpmt:cout.obj
 0004:00003ccc       $pdata$??__F_Fac_tidy_reg@std@@YAXXZ 0000000180094ccc     libcpmt:locale0.obj
 0004:00003cd8       $pdata$??__Fclassic_locale@std@@YAXXZ 0000000180094cd8     libcpmt:locale0.obj
 0004:00003ce4       $pdata$??__Finit_atexit@@YAXXZ 0000000180094ce4     libcpmt:iosptrs.obj
 0005:00000000       __guard_fids__             0000000180095000     libucrt:initialization.obj
 0005:00000060       __guard_fids___acrt_show_wide_message_box 0000000180095060     libucrt:crtmbox.obj
 0005:00000064       __guard_fids___acrt_initialize_ptd 0000000180095064     libucrt:per_thread_data.obj
 0005:00000068       __guard_fids__             0000000180095068     libucrt:wsetlocale.obj
 0005:00000080       __guard_fids__             0000000180095080     libucrt:stdio_initializer.obj
 0005:00000084       __guard_fids__             0000000180095084     libucrt:stdio_initializer.obj
 0005:00000088       __guard_fids_??$?RV<lambda_630b2aca97f6d20d5b5ea6529ea6b6af>@@AEAV<lambda_af91936f1d075d609f72d9d8cba980af>@@V<lambda_e82fa975f615b5c7c7b0e4d178fdae67>@@@?$__crt_seh_guarded_call@H@@QEAAH$$QEAV<lambda_630b2aca97f6d20d5b5ea6529ea6b6af>@@AEAV<lambda_af91936f1d075d609f72d9d8cba980af>@@$$QEAV<lambda_e82fa975f615b5c7c7b0e4d178fdae67>@@@Z 0000000180095088     libucrt:winapi_thunks.obj
 0005:0000008c       __guard_fids__             000000018009508c     libucrt:clock_initializer.obj
 0005:00000090       __guard_fids_??$expand_argument_wildcards@D@@YAHQEAD0AEAV?$argument_list@D@?A0xca0879c4@@@Z 0000000180095090     libucrt:argv_wildcards.obj
 0005:00000094       __guard_fids__             0000000180095094     libucrt:locale_initializer.obj
 0005:00000098       __guard_fids_GetLocaleNameFromLangCountry 0000000180095098     libucrt:get_qualified_locale.obj
 0005:0000009c       __guard_fids_GetLocaleNameFromLanguage 000000018009509c     libucrt:get_qualified_locale.obj
 0005:000000a0       __guard_fids___acrt_get_qualified_locale_downlevel 00000001800950a0     libucrt:getqloc_downlevel.obj
 0005:000000a4       __guard_fids_GetLcidFromLangCountry 00000001800950a4     libucrt:getqloc_downlevel.obj
 0005:000000a8       __guard_fids_GetLcidFromLanguage 00000001800950a8     libucrt:getqloc_downlevel.obj
 0005:000000ac       __guard_fids__             00000001800950ac     libucrt:fma3_initializer.obj
 0005:000000b0       __guard_fids__             00000001800950b0     libucrt:timeset_initializer.obj
 0005:000000b4       __guard_fids__             00000001800950b4     libucrt:multibyte_initializer.obj
 0005:000000b8       __guard_fids__             00000001800950b8     libucrt:console_output_initializer.obj
 0005:000000bc       __guard_fids__             00000001800950bc     libcpmt:xthrow.obj
 0005:000000c4       __guard_fids__             00000001800950c4     libcpmt:xthrow.obj
 0005:000000cc       __guard_fids__             00000001800950cc     libcpmt:xthrow.obj
 0005:000000d4       __guard_fids__             00000001800950d4     libcpmt:xthrow.obj
 0005:000000dc       __guard_fids__             00000001800950dc     libcpmt:xthrow.obj
 0005:000000e4       __guard_fids__             00000001800950e4     libcpmt:xthrow.obj
 0005:000000ec       __guard_fids_??__Einitlocks@@YAXXZ 00000001800950ec     libcpmt:cout.obj
 0005:000000f0       __guard_fids_??__Efout@std@@YAXXZ 00000001800950f0     libcpmt:cout.obj
 0005:000000f4       __guard_fids_??__Ecout@std@@YAXXZ 00000001800950f4     libcpmt:cout.obj
 0005:000000f8       __guard_fids__             00000001800950f8     libcpmt:cout.obj
 0005:00000100       __guard_fids__             0000000180095100     libcpmt:cout.obj
 0005:0000010c       __guard_fids__             000000018009510c     libcpmt:cout.obj
 0005:00000138       __guard_fids__             0000000180095138     libcpmt:cout.obj
 0005:00000150       __guard_fids__             0000000180095150     libcpmt:cout.obj
 0005:00000158       __guard_fids__             0000000180095158     libcpmt:cout.obj
 0005:00000170       __guard_fids__             0000000180095170     libcpmt:cout.obj
 0005:00000178       __guard_fids__             0000000180095178     libcpmt:cout.obj
 0005:0000017c       __guard_fids__             000000018009517c     libcpmt:cout.obj
 0005:000001b8       __guard_fids__             00000001800951b8     libcpmt:cout.obj
 0005:000001f4       __guard_fids__             00000001800951f4     libcpmt:cout.obj
 0005:000001f8       __guard_fids__             00000001800951f8     libcpmt:cout.obj
 0005:000001fc       __guard_fids__             00000001800951fc     libcpmt:cout.obj
 0005:00000224       __guard_fids__             0000000180095224     libcpmt:cout.obj
 0005:00000228       __guard_fids__             0000000180095228     libcpmt:cout.obj
 0005:0000022c       __guard_fids__             000000018009522c     libcpmt:cout.obj
 0005:00000230       __guard_fids__             0000000180095230     libcpmt:cout.obj
 0005:00000234       __guard_fids_??__Einitlocks@std@@YAXXZ 0000000180095234     libcpmt:xlock.obj
 0005:00000238       __guard_fids__             0000000180095238     libcpmt:xlock.obj
 0005:0000023c       __guard_fids_??__E_Fac_tidy_reg@std@@YAXXZ 000000018009523c     libcpmt:locale0.obj
 0005:00000240       __guard_fids_?_Setgloballocale@locale@std@@CAXPEAX@Z 0000000180095240     libcpmt:locale0.obj
 0005:00000244       __guard_fids_??__Eclassic_locale@std@@YAXXZ 0000000180095244     libcpmt:locale0.obj
 0005:00000248       __guard_fids__             0000000180095248     libcpmt:locale0.obj
 0005:00000254       __guard_fids__             0000000180095254     libcpmt:locale0.obj
 0005:00000258       __guard_fids__             0000000180095258     libcpmt:locale0.obj
 0005:0000025c       __guard_fids_??__Einitlocks@std@@YAXXZ 000000018009525c     libcpmt:iosptrs.obj
 0005:00000260       __guard_fids_??__Einit_atexit@@YAXXZ 0000000180095260     libcpmt:iosptrs.obj
 0005:00000264       __guard_fids__             0000000180095264     libcpmt:iosptrs.obj
 0005:00000268       __guard_fids__             0000000180095268     libcpmt:iosptrs.obj
 0005:0000026c       __guard_fids__             000000018009526c     libcpmt:winapisupp.obj
 0005:00000270       __guard_fids_?dllmain_crt_process_attach@@YAHQEAUHINSTANCE__@@QEAX@Z 0000000180095270     LIBCMT:dll_dllmain.obj
 0005:00000278       __guard_fids_?dllmain_dispatch@@YAHQEAUHINSTANCE__@@KQEAX@Z 0000000180095278     LIBCMT:dll_dllmain.obj
 0005:0000027c       __guard_fids__             000000018009527c     LIBCMT:thread_safe_statics.obj
 0005:00000280       __guard_fids_?__scrt_initialize_thread_safe_statics@@YAHXZ 0000000180095280     LIBCMT:thread_safe_statics.obj
 0005:00000284       __guard_fids__             0000000180095284     LIBCMT:std_type_info_static.obj
 0005:00000288       __guard_fids__             0000000180095288     LIBCMT:throw_bad_alloc.obj
 0005:00000290       __guard_fids__             0000000180095290     LIBCMT:guard_support.obj
 0005:00000294       __guard_fids__             0000000180095294     libvcruntime:frame.obj
 0005:00000298       __guard_fids__             0000000180095298     libvcruntime:frame.obj
 0005:000002a0       __guard_fids__UnwindNestedFrames 00000001800952a0     libvcruntime:trnsctrl.obj
 0005:000002a4       __guard_fids___vcrt_initialize_ptd 00000001800952a4     libvcruntime:per_thread_data.obj
 0007:00000060       $R000000                   0000000180097060     * linker generated manifest res *

 Exports

  ordinal    name

        1    _register_nodehun_
