 nodehun

 Timestamp is 57deca16 (Sun Sep 18 17:08:38 2016)

 Preferred load address is 0000000180000000

 Start         Length     Name                   Class
 0001:00000000 00000130H .text$di                CODE
 0001:00000130 00050ce0H .text$mn                CODE
 0001:00050e10 00000020H .text$mn$00             CODE
 0001:00050e30 00000610H .text$x                 CODE
 0001:00051440 00000184H .text$yd                CODE
 0002:00000000 00000438H .idata$5                DATA
 0002:00000438 00000010H .00cfg                  DATA
 0002:00000448 00000008H .CRT$XCA                DATA
 0002:00000450 00000038H .CRT$XCC                DATA
 0002:00000488 00000010H .CRT$XCL                DATA
 0002:00000498 00000010H .CRT$XCU                DATA
 0002:000004a8 00000008H .CRT$XCZ                DATA
 0002:000004b0 00000008H .CRT$XIA                DATA
 0002:000004b8 00000038H .CRT$XIC                DATA
 0002:000004f0 00000008H .CRT$XIZ                DATA
 0002:000004f8 00000008H .CRT$XLA                DATA
 0002:00000500 00000008H .CRT$XLZ                DATA
 0002:00000508 00000008H .CRT$XPA                DATA
 0002:00000510 00000010H .CRT$XPX                DATA
 0002:00000520 00000008H .CRT$XPXA               DATA
 0002:00000528 00000008H .CRT$XPZ                DATA
 0002:00000530 00000008H .CRT$XTA                DATA
 0002:00000538 00000008H .CRT$XTZ                DATA
 0002:00000540 00010e08H .rdata                  DATA
 0002:00011348 00000028H .rdata$T                DATA
 0002:00011370 00000f44H .rdata$r                DATA
 0002:000122b4 0000040cH .rdata$zzzdbg           DATA
 0002:000126c0 00000008H .rtc$IAA                DATA
 0002:000126c8 00000008H .rtc$IZZ                DATA
 0002:000126d0 00000008H .rtc$TAA                DATA
 0002:000126d8 00000008H .rtc$TZZ                DATA
 0002:000126e0 00004908H .xdata                  DATA
 0002:00016fe8 00000308H .xdata$x                DATA
 0002:000172f0 00000054H .edata                  DATA
 0002:00017344 00000028H .idata$2                DATA
 0002:0001736c 00000014H .idata$3                DATA
 0002:00017380 00000438H .idata$4                DATA
 0002:000177b8 00001170H .idata$6                DATA
 0003:00000000 000211d0H .data                   DATA
 0003:000211d0 00000590H .data$r                 DATA
 0003:00021760 0000197cH .bss                    DATA
 0004:00000000 00003c6cH .pdata                  DATA
 0005:00000000 000000bcH .gfids$x                DATA
 0005:000000bc 000001ecH .gfids$y                DATA
 0006:00000000 00000004H .tls                    DATA
 0006:00000004 00000004H .tls$                   DATA
 0006:00000008 00000001H .tls$ZZZ                DATA
 0007:00000000 00000060H .rsrc$01                DATA
 0007:00000060 00000180H .rsrc$02                DATA

  Address         Publics by Value              Rva+Base               Lib:Object

 0000:00000000       __guard_iat_table          0000000000000000     <absolute>
 0000:00000000       __dynamic_value_reloc_table 0000000000000000     <absolute>
 0000:00000000       __guard_iat_count          0000000000000000     <absolute>
 0000:00000000       __guard_longjmp_table      0000000000000000     <absolute>
 0000:00000000       __guard_longjmp_count      0000000000000000     <absolute>
 0000:00000000       __guard_fids_count         0000000000000000     <absolute>
 0000:00000000       ___safe_se_handler_table   0000000000000000     <absolute>
 0000:00000000       ___safe_se_handler_count   0000000000000000     <absolute>
 0000:00000000       __guard_fids_table         0000000000000000     <absolute>
 0000:00000100       __guard_flags              0000000000000100     <absolute>
 0000:00000000       __ImageBase                0000000180000000     <linker-defined>
 0001:00000130       ?_Deallocate@std@@YAXPEAX_K1@Z 0000000180001130 f i nodehun.obj
 0001:000001a0       ?NODE_SET_METHOD@node@@YAXV?$Local@VTemplate@v8@@@v8@@PEBDP6AXAEBV?$FunctionCallbackInfo@VValue@v8@@@3@@Z@Z 00000001800011a0 f i nodehun.obj
 0001:00000260       ?NODE_SET_PROTOTYPE_METHOD@node@@YAXV?$Local@VFunctionTemplate@v8@@@v8@@PEBDP6AXAEBV?$FunctionCallbackInfo@VValue@v8@@@3@@Z@Z 0000000180001260 f i nodehun.obj
 0001:00000380       ??1ObjectWrap@node@@UEAA@XZ 0000000180001380 f i nodehun.obj
 0001:000003f0       ?Wrap@ObjectWrap@node@@IEAAXV?$Local@VObject@v8@@@v8@@@Z 00000001800013f0 f i nodehun.obj
 0001:000004d0       ?Ref@ObjectWrap@node@@MEAAXXZ 00000001800014d0 f i nodehun.obj
 0001:00000510       ?Unref@ObjectWrap@node@@MEAAXXZ 0000000180001510 f i nodehun.obj
 0001:000005c0       ?WeakCallback@ObjectWrap@node@@CAXAEBV?$WeakCallbackInfo@VObjectWrap@node@@@v8@@@Z 00000001800015c0 f i nodehun.obj
 0001:00000620       ??_GObjectWrap@node@@UEAAPEAXI@Z 0000000180001620 f i nodehun.obj
 0001:00000620       ??_EObjectWrap@node@@UEAAPEAXI@Z 0000000180001620 f i * CIL library *:* CIL module *
 0001:00000660       ??_ESpellDictionary@Nodehun@@UEAAPEAXI@Z 0000000180001660 f i * CIL library *:* CIL module *
 0001:00000660       ??_GSpellDictionary@Nodehun@@UEAAPEAXI@Z 0000000180001660 f i nodehun.obj
 0001:000006e0       ?Init@SpellDictionary@Nodehun@@SAXV?$Local@VObject@v8@@@v8@@0@Z 00000001800016e0 f   nodehun.obj
 0001:000009b0       ?createNewNodehun@SpellDictionary@Nodehun@@KAXAEBV?$FunctionCallbackInfo@VValue@v8@@@v8@@@Z 00000001800019b0 f   nodehun.obj
 0001:00000d30       ?createNewNodehunWork@SpellDictionary@Nodehun@@KAXPEAUuv_work_s@@@Z 0000000180001d30 f   nodehun.obj
 0001:00000da0       ?createNewNodehunFinish@SpellDictionary@Nodehun@@KAXPEAUuv_work_s@@H@Z 0000000180001da0 f   nodehun.obj
 0001:00000f00       ?New@SpellDictionary@Nodehun@@KAXAEBV?$FunctionCallbackInfo@VValue@v8@@@v8@@@Z 0000000180001f00 f   nodehun.obj
 0001:00001200       ?isCorrect@SpellDictionary@Nodehun@@KAXAEBV?$FunctionCallbackInfo@VValue@v8@@@v8@@@Z 0000000180002200 f   nodehun.obj
 0001:00001520       ?isCorrectSync@SpellDictionary@Nodehun@@KAXAEBV?$FunctionCallbackInfo@VValue@v8@@@v8@@@Z 0000000180002520 f   nodehun.obj
 0001:000016a0       ?checkCorrect@SpellDictionary@Nodehun@@KAXPEAUuv_work_s@@@Z 00000001800026a0 f   nodehun.obj
 0001:00001720       ?sendCorrect@SpellDictionary@Nodehun@@KAXPEAUuv_work_s@@H@Z 0000000180002720 f   nodehun.obj
 0001:000018d0       ?spellSuggest@SpellDictionary@Nodehun@@KAXAEBV?$FunctionCallbackInfo@VValue@v8@@@v8@@@Z 00000001800028d0 f   nodehun.obj
 0001:00001bf0       ?spellSuggestSync@SpellDictionary@Nodehun@@KAXAEBV?$FunctionCallbackInfo@VValue@v8@@@v8@@@Z 0000000180002bf0 f   nodehun.obj
 0001:00001e40       ?spellSuggestions@SpellDictionary@Nodehun@@KAXAEBV?$FunctionCallbackInfo@VValue@v8@@@v8@@@Z 0000000180002e40 f   nodehun.obj
 0001:00002160       ?spellSuggestionsSync@SpellDictionary@Nodehun@@KAXAEBV?$FunctionCallbackInfo@VValue@v8@@@v8@@@Z 0000000180003160 f   nodehun.obj
 0001:000023e0       ?spellCheck@SpellDictionary@Nodehun@@IEAAHPEA_NPEAPEAPEADPEBD@Z 00000001800033e0 f   nodehun.obj
 0001:00002460       ?checkSuggestions@SpellDictionary@Nodehun@@KAXPEAUuv_work_s@@@Z 0000000180003460 f   nodehun.obj
 0001:000024a0       ?sendSuggestions@SpellDictionary@Nodehun@@KAXPEAUuv_work_s@@H@Z 00000001800034a0 f   nodehun.obj
 0001:000027b0       ?addDictionary@SpellDictionary@Nodehun@@KAXAEBV?$FunctionCallbackInfo@VValue@v8@@@v8@@@Z 00000001800037b0 f   nodehun.obj
 0001:00002aa0       ?addDictionarySync@SpellDictionary@Nodehun@@KAXAEBV?$FunctionCallbackInfo@VValue@v8@@@v8@@@Z 0000000180003aa0 f   nodehun.obj
 0001:00002be0       ?addDictionaryWork@SpellDictionary@Nodehun@@KAXPEAUuv_work_s@@@Z 0000000180003be0 f   nodehun.obj
 0001:00002c50       ?addDictionaryFinish@SpellDictionary@Nodehun@@KAXPEAUuv_work_s@@H@Z 0000000180003c50 f   nodehun.obj
 0001:00002dc0       ?addWord@SpellDictionary@Nodehun@@KAXAEBV?$FunctionCallbackInfo@VValue@v8@@@v8@@@Z 0000000180003dc0 f   nodehun.obj
 0001:00002dd0       ?addWordSync@SpellDictionary@Nodehun@@KAXAEBV?$FunctionCallbackInfo@VValue@v8@@@v8@@@Z 0000000180003dd0 f   nodehun.obj
 0001:00002de0       ?removeWord@SpellDictionary@Nodehun@@KAXAEBV?$FunctionCallbackInfo@VValue@v8@@@v8@@@Z 0000000180003de0 f   nodehun.obj
 0001:00002df0       ?removeWordSync@SpellDictionary@Nodehun@@KAXAEBV?$FunctionCallbackInfo@VValue@v8@@@v8@@@Z 0000000180003df0 f   nodehun.obj
 0001:00002e00       ?addRemoveWordInit@SpellDictionary@Nodehun@@KAXAEBV?$FunctionCallbackInfo@VValue@v8@@@v8@@_N@Z 0000000180003e00 f   nodehun.obj
 0001:000031e0       ?addRemoveWordInitSync@SpellDictionary@Nodehun@@KAXAEBV?$FunctionCallbackInfo@VValue@v8@@@v8@@_N@Z 00000001800041e0 f   nodehun.obj
 0001:00003330       ?addRemoveWord@SpellDictionary@Nodehun@@IEAA_NPEBD_N@Z 0000000180004330 f   nodehun.obj
 0001:000033b0       ?addRemoveWordWork@SpellDictionary@Nodehun@@KAXPEAUuv_work_s@@@Z 00000001800043b0 f   nodehun.obj
 0001:000033f0       ?addRemoveWordFinish@SpellDictionary@Nodehun@@KAXPEAUuv_work_s@@H@Z 00000001800043f0 f   nodehun.obj
 0001:000035d0       ?stem@SpellDictionary@Nodehun@@KAXAEBV?$FunctionCallbackInfo@VValue@v8@@@v8@@@Z 00000001800045d0 f   nodehun.obj
 0001:000038a0       ?stemSync@SpellDictionary@Nodehun@@KAXAEBV?$FunctionCallbackInfo@VValue@v8@@@v8@@@Z 00000001800048a0 f   nodehun.obj
 0001:00003b50       ?stemWork@SpellDictionary@Nodehun@@KAXPEAUuv_work_s@@@Z 0000000180004b50 f   nodehun.obj
 0001:00003bd0       ?stemFinish@SpellDictionary@Nodehun@@KAXPEAUuv_work_s@@H@Z 0000000180004bd0 f   nodehun.obj
 0001:00003bd0       ?analyzeFinish@SpellDictionary@Nodehun@@KAXPEAUuv_work_s@@H@Z 0000000180004bd0 f   nodehun.obj
 0001:00003e20       ?generate@SpellDictionary@Nodehun@@KAXAEBV?$FunctionCallbackInfo@VValue@v8@@@v8@@@Z 0000000180004e20 f   nodehun.obj
 0001:000041b0       ?generateSync@SpellDictionary@Nodehun@@KAXAEBV?$FunctionCallbackInfo@VValue@v8@@@v8@@@Z 00000001800051b0 f   nodehun.obj
 0001:00004520       ?generateWork@SpellDictionary@Nodehun@@KAXPEAUuv_work_s@@@Z 0000000180005520 f   nodehun.obj
 0001:000045c0       ?generateFinish@SpellDictionary@Nodehun@@KAXPEAUuv_work_s@@H@Z 00000001800055c0 f   nodehun.obj
 0001:00004890       ?analyze@SpellDictionary@Nodehun@@KAXAEBV?$FunctionCallbackInfo@VValue@v8@@@v8@@@Z 0000000180005890 f   nodehun.obj
 0001:00004b60       ?analyzeSync@SpellDictionary@Nodehun@@KAXAEBV?$FunctionCallbackInfo@VValue@v8@@@v8@@@Z 0000000180005b60 f   nodehun.obj
 0001:00004dc0       ?analyzeWork@SpellDictionary@Nodehun@@KAXPEAUuv_work_s@@@Z 0000000180005dc0 f   nodehun.obj
 0001:00004e50       ??1?$basic_string@DU?$char_traits@D@std@@V?$allocator@D@2@@std@@QEAA@XZ 0000000180005e50 f i nodehun.obj
 0001:00004ee0       ?append@?$basic_string@DU?$char_traits@D@std@@V?$allocator@D@2@@std@@QEAAAEAV12@PEBD_K@Z 0000000180005ee0 f i nodehun.obj
 0001:00005030       ?append@?$basic_string@DU?$char_traits@D@std@@V?$allocator@D@2@@std@@QEAAAEAV12@AEBV12@_K1@Z 0000000180006030 f i nodehun.obj
 0001:00005160       ?_Xlen@?$basic_string@DU?$char_traits@D@std@@V?$allocator@D@2@@std@@QEBAXXZ 0000000180006160 f i nodehun.obj
 0001:00005180       ?_Copy@?$basic_string@DU?$char_traits@D@std@@V?$allocator@D@2@@std@@QEAAX_K0@Z 0000000180006180 f i nodehun.obj
 0001:00005300       ??$Unwrap@VSpellDictionary@Nodehun@@@ObjectWrap@node@@SAPEAVSpellDictionary@Nodehun@@V?$Local@VObject@v8@@@v8@@@Z 0000000180006300 f i nodehun.obj
 0001:00005380       __local_stdio_printf_options 0000000180006380 f i hunspell:hunspell.obj
 0001:00005390       sprintf                    0000000180006390 f i hunspell:hunspell.obj
 0001:000053f0       ?Init@Hunspell@@AEAAXPEBD00_N@Z 00000001800063f0 f   hunspell:hunspell.obj
 0001:000055a0       ??1Hunspell@@QEAA@XZ       00000001800065a0 f   hunspell:hunspell.obj
 0001:00005690       ??_GSuggestMgr@@QEAAPEAXI@Z 0000000180006690 f i hunspell:hunspell.obj
 0001:00005710       ?add_dic@Hunspell@@QEAAHPEBD0@Z 0000000180006710 f   hunspell:hunspell.obj
 0001:000057b0       ?cleanword@Hunspell@@AEAAHPEADPEBDPEAH2@Z 00000001800067b0 f   hunspell:hunspell.obj
 0001:00005bb0       ?mkallcap@Hunspell@@AEAAXPEAD@Z 0000000180006bb0 f   hunspell:hunspell.obj
 0001:00005e00       ?mkallsmall2@Hunspell@@AEAAHPEADPEAUw_char@@H@Z 0000000180006e00 f   hunspell:hunspell.obj
 0001:00005f30       ?spellsharps@Hunspell@@AEAAPEAUhentry@@PEAD0HH0PEAHPEAPEAD@Z 0000000180006f30 f   hunspell:hunspell.obj
 0001:000060a0       ?is_keepcase@Hunspell@@AEAAHPEBUhentry@@@Z 00000001800070a0 f   hunspell:hunspell.obj
 0001:00006110       ?insert_sug@Hunspell@@AEAAHPEAPEAPEADPEADH@Z 0000000180007110 f   hunspell:hunspell.obj
 0001:000061a0       ?spell@Hunspell@@QEAAHPEBDPEAHPEAPEAD@Z 00000001800071a0 f   hunspell:hunspell.obj
 0001:00007100       ?checkword@Hunspell@@AEAAPEAUhentry@@PEBDPEAHPEAPEAD@Z 0000000180008100 f   hunspell:hunspell.obj
 0001:00007870       ?suggest@Hunspell@@QEAAHPEAPEAPEADPEBD@Z 0000000180008870 f   hunspell:hunspell.obj
 0001:000090f0       ?stem@Hunspell@@QEAAHPEAPEAPEADPEAPEADH@Z 000000018000a0f0 f   hunspell:hunspell.obj
 0001:00009600       ?stem@Hunspell@@QEAAHPEAPEAPEADPEBD@Z 000000018000a600 f   hunspell:hunspell.obj
 0001:00009690       ?mkinitcap@Hunspell@@AEAAXPEAD@Z 000000018000a690 f   hunspell:hunspell.obj
 0001:00009870       ?mkinitcap2@Hunspell@@AEAAHPEADPEAUw_char@@H@Z 000000018000a870 f   hunspell:hunspell.obj
 0001:00009930       ?cat_result@Hunspell@@AEAAXPEAD0@Z 000000018000a930 f   hunspell:hunspell.obj
 0001:000099e0       ?analyze@Hunspell@@QEAAHPEAPEAPEADPEBD@Z 000000018000a9e0 f   hunspell:hunspell.obj
 0001:0000a6d0       ?generate@Hunspell@@QEAAHPEAPEAPEADPEBDPEAPEADH@Z 000000018000b6d0 f   hunspell:hunspell.obj
 0001:0000a9e0       ?generate@Hunspell@@QEAAHPEAPEAPEADPEBD1@Z 000000018000b9e0 f   hunspell:hunspell.obj
 0001:0000aa90       ?get_xml_par@Hunspell@@AEAAHPEADPEBDH@Z 000000018000ba90 f   hunspell:hunspell.obj
 0001:0000abd0       ?check_xml_par@Hunspell@@AEAAHPEBD00@Z 000000018000bbd0 f   hunspell:hunspell.obj
 0001:0000acb0       ?get_xml_list@Hunspell@@AEAAHPEAPEAPEADPEADPEBD@Z 000000018000bcb0 f   hunspell:hunspell.obj
 0001:0000add0       ?spellml@Hunspell@@AEAAHPEAPEAPEADPEBD@Z 000000018000bdd0 f   hunspell:hunspell.obj
 0001:0000b250       ?u16_u8@@YAPEADPEADHPEBUw_char@@H@Z 000000018000c250 f   hunspell:csutil.obj
 0001:0000b300       ?u8_u16@@YAHPEAUw_char@@HPEBD@Z 000000018000c300 f   hunspell:csutil.obj
 0001:0000b5a0       ?flag_qsort@@YAXQEAGHH@Z   000000018000c5a0 f   hunspell:csutil.obj
 0001:0000b660       ?flag_bsearch@@YAHQEAGGH@Z 000000018000c660 f   hunspell:csutil.obj
 0001:0000b6b0       ?mystrdup@@YAPEADPEBD@Z    000000018000c6b0 f   hunspell:csutil.obj
 0001:0000b740       ?myrevstrdup@@YAPEADPEBD@Z 000000018000c740 f   hunspell:csutil.obj
 0001:0000b7e0       ?line_tok@@YAHPEBDPEAPEAPEADD@Z 000000018000c7e0 f   hunspell:csutil.obj
 0001:0000b910       ?line_uniq@@YAPEADPEADD@Z  000000018000c910 f   hunspell:csutil.obj
 0001:0000ba70       ?line_uniq_app@@YAPEADPEAPEADD@Z 000000018000ca70 f   hunspell:csutil.obj
 0001:0000bcd0       ?morphcmp@@YAHPEBD0@Z      000000018000ccd0 f   hunspell:csutil.obj
 0001:0000bfc0       ?get_sfxcount@@YAHPEBD@Z   000000018000cfc0 f   hunspell:csutil.obj
 0001:0000c080       ?mystrrep@@YAPEADPEADPEBD1@Z 000000018000d080 f   hunspell:csutil.obj
 0001:0000c1e0       ?reverseword@@YAHPEAD@Z    000000018000d1e0 f   hunspell:csutil.obj
 0001:0000c220       ?reverseword_utf@@YAHPEAD@Z 000000018000d220 f   hunspell:csutil.obj
 0001:0000c390       ?uniqlist@@YAHPEAPEADH@Z   000000018000d390 f   hunspell:csutil.obj
 0001:0000c480       ?mkallsmall_utf@@YAXPEAUw_char@@HH@Z 000000018000d480 f   hunspell:csutil.obj
 0001:0000c570       ?mkallcap_utf@@YAXPEAUw_char@@HH@Z 000000018000d570 f   hunspell:csutil.obj
 0001:0000c660       ?get_current_cs@@YAPEAUcs_info@@PEBD@Z 000000018000d660 f   hunspell:csutil.obj
 0001:0000c780       ?get_lang_num@@YAHPEBD@Z   000000018000d780 f   hunspell:csutil.obj
 0001:0000c800       ?initialize_utf_tbl@@YAHXZ 000000018000d800 f   hunspell:csutil.obj
 0001:0000c8c0       ?get_captype@@YAHPEADHPEAUcs_info@@@Z 000000018000d8c0 f   hunspell:csutil.obj
 0001:0000c9a0       ?get_captype_utf8@@YAHPEAUw_char@@HH@Z 000000018000d9a0 f   hunspell:csutil.obj
 0001:0000cb60       ?remove_ignored_chars_utf@@YAXPEADQEAGH@Z 000000018000db60 f   hunspell:csutil.obj
 0001:0000cd40       ?remove_ignored_chars@@YAXPEAD0@Z 000000018000dd40 f   hunspell:csutil.obj
 0001:0000cdb0       ?parse_string@@YAHPEADPEAPEADH@Z 000000018000ddb0 f   hunspell:csutil.obj
 0001:0000ced0       ?parse_array@@YAHPEADPEAPEADPEAPEAGPEAHHH@Z 000000018000ded0 f   hunspell:csutil.obj
 0001:0000cfa0       ?Init@HashMgr@@AEAAXPEBD00_N@Z 000000018000dfa0 f   hunspell:hashmgr.obj
 0001:0000d050       ??1HashMgr@@QEAA@XZ        000000018000e050 f   hunspell:hashmgr.obj
 0001:0000d250       ?lookup@HashMgr@@QEBAPEAUhentry@@PEBD@Z 000000018000e250 f   hunspell:hashmgr.obj
 0001:0000d2c0       ?add_word@HashMgr@@AEAAHPEBDHHPEAGH0_N@Z 000000018000e2c0 f   hunspell:hashmgr.obj
 0001:0000d680       ?add_hidden_capitalized_word@HashMgr@@AEAAHPEADHHPEAGH0H@Z 000000018000e680 f   hunspell:hashmgr.obj
 0001:0000d990       ?get_clen_and_captype@HashMgr@@AEAAHPEBDHPEAH@Z 000000018000e990 f   hunspell:hashmgr.obj
 0001:0000da30       ?remove@HashMgr@@QEAAHPEBD@Z 000000018000ea30 f   hunspell:hashmgr.obj
 0001:0000dba0       ?remove_forbidden_flag@HashMgr@@AEAAHPEBD@Z 000000018000eba0 f   hunspell:hashmgr.obj
 0001:0000dd20       ?add@HashMgr@@QEAAHPEBD@Z  000000018000ed20 f   hunspell:hashmgr.obj
 0001:0000dde0       ?load_tables@HashMgr@@AEAAHPEBD0_N@Z 000000018000ede0 f   hunspell:hashmgr.obj
 0001:0000e2c0       ?hash@HashMgr@@QEBAHPEBD@Z 000000018000f2c0 f   hunspell:hashmgr.obj
 0001:0000e330       ?decode_flags@HashMgr@@QEAAHPEAPEAGPEADPEAVIStrMgr@@@Z 000000018000f330 f   hunspell:hashmgr.obj
 0001:0000e5e0       ?decode_flag@HashMgr@@QEAAGPEBD@Z 000000018000f5e0 f   hunspell:hashmgr.obj
 0001:0000e670       ?encode_flag@HashMgr@@QEAAPEADG@Z 000000018000f670 f   hunspell:hashmgr.obj
 0001:0000e7c0       ?load_config@HashMgr@@AEAAHPEBD0_N@Z 000000018000f7c0 f   hunspell:hashmgr.obj
 0001:0000ece0       ?parse_aliasf@HashMgr@@AEAAHPEADPEAVIStrMgr@@@Z 000000018000fce0 f   hunspell:hashmgr.obj
 0001:0000f0b0       ?get_aliasf@HashMgr@@QEAAHHPEAPEAGPEAVIStrMgr@@@Z 00000001800100b0 f   hunspell:hashmgr.obj
 0001:0000f100       ?parse_aliasm@HashMgr@@AEAAHPEADPEAVIStrMgr@@@Z 0000000180010100 f   hunspell:hashmgr.obj
 0001:0000f460       ?add@RepList@@QEAAHPEAD0@Z 0000000180010460 f   hunspell:replist.obj
 0001:0000f590       ?conv@RepList@@QEAAHPEBDPEAD@Z 0000000180010590 f   hunspell:replist.obj
 0001:0000f730       ?HENTRY_FIND@@YAPEADPEAUhentry@@PEBD@Z 0000000180010730 f i hunspell:suggestmgr.obj
 0001:0000f780       ??0SuggestMgr@@QEAA@PEBDHPEAVAffixMgr@@@Z 0000000180010780 f   hunspell:suggestmgr.obj
 0001:0000f970       ?testsug@SuggestMgr@@AEAAHPEAPEADPEBDHHHPEAHPEAJ@Z 0000000180010970 f   hunspell:suggestmgr.obj
 0001:0000fa70       ?suggest@SuggestMgr@@QEAAHPEAPEAPEADPEBDHPEAH@Z 0000000180010a70 f   hunspell:suggestmgr.obj
 0001:0000ffe0       ?capchars_utf@SuggestMgr@@AEAAHPEAPEADPEBUw_char@@HHH@Z 0000000180010fe0 f   hunspell:suggestmgr.obj
 0001:000101b0       ?capchars@SuggestMgr@@AEAAHPEAPEADPEBDHH@Z 00000001800111b0 f   hunspell:suggestmgr.obj
 0001:00010280       ?mapchars@SuggestMgr@@AEAAHPEAPEADPEBDHH@Z 0000000180011280 f   hunspell:suggestmgr.obj
 0001:00010390       ?map_related@SuggestMgr@@AEAAHPEBDPEADHHPEAPEADHHPEBUmapentry@@HPEAHPEAJ@Z 0000000180011390 f   hunspell:suggestmgr.obj
 0001:00010780       ?replchars@SuggestMgr@@AEAAHPEAPEADPEBDHH@Z 0000000180011780 f   hunspell:suggestmgr.obj
 0001:00010c70       ?doubletwochars@SuggestMgr@@AEAAHPEAPEADPEBDHH@Z 0000000180011c70 f   hunspell:suggestmgr.obj
 0001:00010df0       ?doubletwochars_utf@SuggestMgr@@AEAAHPEAPEADPEBUw_char@@HHH@Z 0000000180011df0 f   hunspell:suggestmgr.obj
 0001:000110d0       ?badcharkey@SuggestMgr@@AEAAHPEAPEADPEBDHH@Z 00000001800120d0 f   hunspell:suggestmgr.obj
 0001:00011590       ?badcharkey_utf@SuggestMgr@@AEAAHPEAPEADPEBUw_char@@HHH@Z 0000000180012590 f   hunspell:suggestmgr.obj
 0001:00011da0       ?badchar@SuggestMgr@@AEAAHPEAPEADPEBDHH@Z 0000000180012da0 f   hunspell:suggestmgr.obj
 0001:00012010       ?badchar_utf@SuggestMgr@@AEAAHPEAPEADPEBUw_char@@HHH@Z 0000000180013010 f   hunspell:suggestmgr.obj
 0001:00012380       ?extrachar_utf@SuggestMgr@@AEAAHPEAPEADPEBUw_char@@HHH@Z 0000000180013380 f   hunspell:suggestmgr.obj
 0001:000126e0       ?extrachar@SuggestMgr@@AEAAHPEAPEADPEBDHH@Z 00000001800136e0 f   hunspell:suggestmgr.obj
 0001:00012900       ?forgotchar@SuggestMgr@@AEAAHPEAPEADPEBDHH@Z 0000000180013900 f   hunspell:suggestmgr.obj
 0001:00012ba0       ?forgotchar_utf@SuggestMgr@@AEAAHPEAPEADPEBUw_char@@HHH@Z 0000000180013ba0 f   hunspell:suggestmgr.obj
 0001:00012f00       ?twowords@SuggestMgr@@AEAAHPEAPEADPEBDHH@Z 0000000180013f00 f   hunspell:suggestmgr.obj
 0001:00013330       ?swapchar@SuggestMgr@@AEAAHPEAPEADPEBDHH@Z 0000000180014330 f   hunspell:suggestmgr.obj
 0001:00013730       ?swapchar_utf@SuggestMgr@@AEAAHPEAPEADPEBUw_char@@HHH@Z 0000000180014730 f   hunspell:suggestmgr.obj
 0001:00013dd0       ?longswapchar@SuggestMgr@@AEAAHPEAPEADPEBDHH@Z 0000000180014dd0 f   hunspell:suggestmgr.obj
 0001:00014030       ?longswapchar_utf@SuggestMgr@@AEAAHPEAPEADPEBUw_char@@HHH@Z 0000000180015030 f   hunspell:suggestmgr.obj
 0001:00014380       ?movechar@SuggestMgr@@AEAAHPEAPEADPEBDHH@Z 0000000180015380 f   hunspell:suggestmgr.obj
 0001:000147f0       ?movechar_utf@SuggestMgr@@AEAAHPEAPEADPEBUw_char@@HHH@Z 00000001800157f0 f   hunspell:suggestmgr.obj
 0001:00014e00       ?ngsuggest@SuggestMgr@@QEAAHPEAPEADPEADHPEAPEAVHashMgr@@H@Z 0000000180015e00 f   hunspell:suggestmgr.obj
 0001:00016e60       ?checkword@SuggestMgr@@AEAAHPEBDHHPEAHPEAJ@Z 0000000180017e60 f   hunspell:suggestmgr.obj
 0001:00017280       ?check_forbidden@SuggestMgr@@AEAAHPEBDH@Z 0000000180018280 f   hunspell:suggestmgr.obj
 0001:000174a0       ?suggest_morph@SuggestMgr@@QEAAPEADPEBD@Z 00000001800184a0 f   hunspell:suggestmgr.obj
 0001:00017ae0       ?suggest_hentry_gen@SuggestMgr@@AEAAPEADPEAUhentry@@PEAD@Z 0000000180018ae0 f   hunspell:suggestmgr.obj
 0001:00017f90       ?suggest_gen@SuggestMgr@@QEAAPEADPEAPEADHPEAD@Z 0000000180018f90 f   hunspell:suggestmgr.obj
 0001:000186c0       ?ngram@SuggestMgr@@AEAAHHPEADPEBDH@Z 00000001800196c0 f   hunspell:suggestmgr.obj
 0001:00018a80       ?leftcommonsubstring@SuggestMgr@@AEAAHPEADPEBD@Z 0000000180019a80 f   hunspell:suggestmgr.obj
 0001:00018cc0       ?commoncharacterpositions@SuggestMgr@@AEAAHPEADPEBDPEAH@Z 0000000180019cc0 f   hunspell:suggestmgr.obj
 0001:00018f10       ?lcs@SuggestMgr@@AEAAXPEBD0PEAH1PEAPEAD@Z 0000000180019f10 f   hunspell:suggestmgr.obj
 0001:000191d0       ?Init@AffixMgr@@AEAAXPEBDPEAPEAVHashMgr@@PEAH0_N@Z 000000018001a1d0 f   hunspell:affixmgr.obj
 0001:00019440       ??1AffixMgr@@QEAA@XZ       000000018001a440 f   hunspell:affixmgr.obj
 0001:00019b30       ??_GRepList@@QEAAPEAXI@Z   000000018001ab30 f i hunspell:affixmgr.obj
 0001:00019bb0       ?parse_file@AffixMgr@@AEAAHPEBD0_N@Z 000000018001abb0 f   hunspell:affixmgr.obj
 0001:0001ae40       ?build_pfxtree@AffixMgr@@AEAAHPEAVPfxEntry@@@Z 000000018001be40 f   hunspell:affixmgr.obj
 0001:0001af20       ?build_sfxtree@AffixMgr@@AEAAHPEAVSfxEntry@@@Z 000000018001bf20 f   hunspell:affixmgr.obj
 0001:0001b010       ?process_pfx_tree_to_list@AffixMgr@@AEAAHXZ 000000018001c010 f   hunspell:affixmgr.obj
 0001:0001b080       ?process_pfx_in_order@AffixMgr@@AEAAPEAVPfxEntry@@PEAV2@0@Z 000000018001c080 f   hunspell:affixmgr.obj
 0001:0001b0d0       ?process_sfx_tree_to_list@AffixMgr@@AEAAHXZ 000000018001c0d0 f   hunspell:affixmgr.obj
 0001:0001b150       ?process_sfx_in_order@AffixMgr@@AEAAPEAVSfxEntry@@PEAV2@0@Z 000000018001c150 f   hunspell:affixmgr.obj
 0001:0001b1a0       ?process_pfx_order@AffixMgr@@AEAAHXZ 000000018001c1a0 f   hunspell:affixmgr.obj
 0001:0001b300       ?process_sfx_order@AffixMgr@@AEAAHXZ 000000018001c300 f   hunspell:affixmgr.obj
 0001:0001b460       ?debugflag@AffixMgr@@AEAAXPEADG@Z 000000018001c460 f   hunspell:affixmgr.obj
 0001:0001b580       ?encodeit@AffixMgr@@AEAAHAEAUaffentry@@PEAD@Z 000000018001c580 f   hunspell:affixmgr.obj
 0001:0001b660       ?prefix_check@AffixMgr@@QEAAPEAUhentry@@PEBDHDG@Z 000000018001c660 f   hunspell:affixmgr.obj
 0001:0001b900       ?prefix_check_twosfx@AffixMgr@@QEAAPEAUhentry@@PEBDHDG@Z 000000018001c900 f   hunspell:affixmgr.obj
 0001:0001ba10       ?prefix_check_morph@AffixMgr@@QEAAPEADPEBDHDG@Z 000000018001ca10 f   hunspell:affixmgr.obj
 0001:0001bcc0       ?prefix_check_twosfx_morph@AffixMgr@@QEAAPEADPEBDHDG@Z 000000018001ccc0 f   hunspell:affixmgr.obj
 0001:0001bf10       ?cpdrep_check@AffixMgr@@QEAAHPEBDH@Z 000000018001cf10 f   hunspell:affixmgr.obj
 0001:0001c350       ?cpdpat_check@AffixMgr@@QEAAHPEBDHPEAUhentry@@1D@Z 000000018001d350 f   hunspell:affixmgr.obj
 0001:0001c540       ?cpdcase_check@AffixMgr@@QEAAHPEBDH@Z 000000018001d540 f   hunspell:affixmgr.obj
 0001:0001c6a0       ?defcpd_check@AffixMgr@@QEAAHPEAPEAPEAUhentry@@FPEAU2@PEAPEAU2@D@Z 000000018001d6a0 f   hunspell:affixmgr.obj
 0001:0001ccf0       ?get_syllable@AffixMgr@@QEAAFPEBDH@Z 000000018001dcf0 f   hunspell:affixmgr.obj
 0001:0001ce40       ?compound_check@AffixMgr@@QEAAPEAUhentry@@PEBDHFFFFPEAPEAU2@DDPEAH@Z 000000018001de40 f   hunspell:affixmgr.obj
 0001:0001f850       ?compound_check_morph@AffixMgr@@QEAAHPEBDHFFFFPEAPEAUhentry@@DPEAPEADPEAD@Z 0000000180020850 f   hunspell:affixmgr.obj
 0001:00021fd0       ?suffix_check@AffixMgr@@QEAAPEAUhentry@@PEBDHHPEAVPfxEntry@@PEAPEADHPEAHGGD@Z 0000000180022fd0 f   hunspell:affixmgr.obj
 0001:00022660       ?suffix_check_twosfx@AffixMgr@@QEAAPEAUhentry@@PEBDHHPEAVPfxEntry@@G@Z 0000000180023660 f   hunspell:affixmgr.obj
 0001:000227c0       ?suffix_check_twosfx_morph@AffixMgr@@QEAAPEADPEBDHHPEAVPfxEntry@@G@Z 00000001800237c0 f   hunspell:affixmgr.obj
 0001:00022e90       ?suffix_check_morph@AffixMgr@@QEAAPEADPEBDHHPEAVPfxEntry@@GGD@Z 0000000180023e90 f   hunspell:affixmgr.obj
 0001:00023dc0       ?affix_check@AffixMgr@@QEAAPEAUhentry@@PEBDHGD@Z 0000000180024dc0 f   hunspell:affixmgr.obj
 0001:00023ea0       ?affix_check_morph@AffixMgr@@QEAAPEADPEBDHGD@Z 0000000180024ea0 f   hunspell:affixmgr.obj
 0001:00024160       ?morphgen@AffixMgr@@QEAAPEADPEADHPEBGG00H@Z 0000000180025160 f   hunspell:affixmgr.obj
 0001:000245b0       ?expand_rootword@AffixMgr@@QEAAHPEAUguessword@@HPEBDHPEBGGPEADH3@Z 00000001800255b0 f   hunspell:affixmgr.obj
 0001:00024e00       ?get_encoding@AffixMgr@@QEAAPEADXZ 0000000180025e00 f   hunspell:affixmgr.obj
 0001:00024e70       ?get_key_string@AffixMgr@@QEAAPEADXZ 0000000180025e70 f   hunspell:affixmgr.obj
 0001:00024ef0       ?lookup@AffixMgr@@QEAAPEAUhentry@@PEBD@Z 0000000180025ef0 f   hunspell:affixmgr.obj
 0001:00025020       ?parse_flag@AffixMgr@@AEAAHPEADPEAGPEAVIStrMgr@@@Z 0000000180026020 f   hunspell:affixmgr.obj
 0001:000250b0       ?parse_cpdsyllable@AffixMgr@@AEAAHPEADPEAVIStrMgr@@@Z 00000001800260b0 f   hunspell:affixmgr.obj
 0001:00025280       ?parse_reptable@AffixMgr@@AEAAHPEADPEAVIStrMgr@@@Z 0000000180026280 f   hunspell:affixmgr.obj
 0001:00025640       ?parse_convtable@AffixMgr@@AEAAHPEADPEAVIStrMgr@@PEAPEAVRepList@@PEBD@Z 0000000180026640 f   hunspell:affixmgr.obj
 0001:000259d0       ?parse_phonetable@AffixMgr@@AEAAHPEADPEAVIStrMgr@@@Z 00000001800269d0 f   hunspell:affixmgr.obj
 0001:00025e00       ?parse_checkcpdtable@AffixMgr@@AEAAHPEADPEAVIStrMgr@@@Z 0000000180026e00 f   hunspell:affixmgr.obj
 0001:00026200       ?parse_defcpdtable@AffixMgr@@AEAAHPEADPEAVIStrMgr@@@Z 0000000180027200 f   hunspell:affixmgr.obj
 0001:00026680       ?parse_maptable@AffixMgr@@AEAAHPEADPEAVIStrMgr@@@Z 0000000180027680 f   hunspell:affixmgr.obj
 0001:00026b10       ?parse_breaktable@AffixMgr@@AEAAHPEADPEAVIStrMgr@@@Z 0000000180027b10 f   hunspell:affixmgr.obj
 0001:00026e00       ?reverse_condition@AffixMgr@@AEAAXPEAD@Z 0000000180027e00 f   hunspell:affixmgr.obj
 0001:00026e80       ?parse_affix@AffixMgr@@AEAAHPEADDPEAVIStrMgr@@0@Z 0000000180027e80 f   hunspell:affixmgr.obj
 0001:000278f0       ?redundant_condition@AffixMgr@@AEAAHDPEADHPEBDH@Z 00000001800288f0 f   hunspell:affixmgr.obj
 0001:00027b40       ?resize@?$vector@Uaffentry@@V?$allocator@Uaffentry@@@std@@@std@@QEAAX_K@Z 0000000180028b40 f i hunspell:affixmgr.obj
 0001:00027c50       ?_Reserve@?$vector@Uaffentry@@V?$allocator@Uaffentry@@@std@@@std@@IEAAX_K@Z 0000000180028c50 f i hunspell:affixmgr.obj
 0001:00027d20       ?deallocate@?$_Wrap_alloc@V?$allocator@Uaffentry@@@std@@@std@@QEAAXPEAUaffentry@@_K@Z 0000000180028d20 f i hunspell:affixmgr.obj
 0001:00027d90       ?_Reallocate@?$vector@Uaffentry@@V?$allocator@Uaffentry@@@std@@@std@@IEAAX_K@Z 0000000180028d90 f i hunspell:affixmgr.obj
 0001:00027eb0       ??_EIStrMgr@@UEAAPEAXI@Z   0000000180028eb0 f i * CIL library *:* CIL module *
 0001:00027eb0       ??_GIStrMgr@@UEAAPEAXI@Z   0000000180028eb0 f i hunspell:strmgr.obj
 0001:00027ee0       ?what@exception@stdext@@UEBAPEBDXZ 0000000180028ee0 f i hunspell:strmgr.obj
 0001:00027f00       ?_Raise@exception@stdext@@QEBAXXZ 0000000180028f00 f i hunspell:strmgr.obj
 0001:00027f60       ?imbue@?$basic_streambuf@DU?$char_traits@D@std@@@std@@MEAAXAEBVlocale@2@@Z 0000000180028f60 f i libcpmt:cout.obj
 0001:00027f60       ?_Unlock@?$basic_streambuf@DU?$char_traits@D@std@@@std@@UEAAXXZ 0000000180028f60 f i libcpmt:cout.obj
 0001:00027f60       __except_validate_context_record 0000000180028f60 f i libvcruntime:jbcxrval.obj
 0001:00027f60       _guard_check_icall_nop     0000000180028f60 f i LIBCMT:guard_support.obj
 0001:00027f60       ?_Lock@?$basic_streambuf@DU?$char_traits@D@std@@@std@@UEAAXXZ 0000000180028f60 f i libcpmt:cout.obj
 0001:00027f60       ?_Doraise@exception@stdext@@MEBAXXZ 0000000180028f60 f i hunspell:strmgr.obj
 0001:00027f70       ??_Gexception@stdext@@UEAAPEAXI@Z 0000000180028f70 f i hunspell:strmgr.obj
 0001:00027f70       ??_Eexception@stdext@@UEAAPEAXI@Z 0000000180028f70 f i * CIL library *:* CIL module *
 0001:00027f70       ??_Gruntime_error@std@@UEAAPEAXI@Z 0000000180028f70 f i hunspell:strmgr.obj
 0001:00027f70       ??_Eruntime_error@std@@UEAAPEAXI@Z 0000000180028f70 f i * CIL library *:* CIL module *
 0001:00027fa0       ??1runtime_error@std@@UEAA@XZ 0000000180028fa0 f i hunspell:strmgr.obj
 0001:00027fb0       ??_Gerror_category@std@@UEAAPEAXI@Z 0000000180028fb0 f i hunspell:strmgr.obj
 0001:00027fb0       ??_G_Iostream_error_category@std@@UEAAPEAXI@Z 0000000180028fb0 f i hunspell:strmgr.obj
 0001:00027fb0       ??_E_Iostream_error_category@std@@UEAAPEAXI@Z 0000000180028fb0 f i * CIL library *:* CIL module *
 0001:00027fb0       ??_Eerror_category@std@@UEAAPEAXI@Z 0000000180028fb0 f i * CIL library *:* CIL module *
 0001:00027fe0       ?default_error_condition@error_category@std@@UEBA?AVerror_condition@2@H@Z 0000000180028fe0 f i hunspell:strmgr.obj
 0001:00027ff0       ?equivalent@error_category@std@@UEBA_NHAEBVerror_condition@2@@Z 0000000180028ff0 f i hunspell:strmgr.obj
 0001:00028050       ?equivalent@error_category@std@@UEBA_NAEBVerror_code@2@H@Z 0000000180029050 f i hunspell:strmgr.obj
 0001:00028070       ?_Makestr@_System_error@std@@CA?AV?$basic_string@DU?$char_traits@D@std@@V?$allocator@D@2@@2@Verror_code@2@V32@@Z 0000000180029070 f i hunspell:strmgr.obj
 0001:00028170       ??_Gfailure@ios_base@std@@UEAAPEAXI@Z 0000000180029170 f i hunspell:strmgr.obj
 0001:00028170       ??_G_System_error@std@@UEAAPEAXI@Z 0000000180029170 f i hunspell:strmgr.obj
 0001:00028170       ??_E_System_error@std@@UEAAPEAXI@Z 0000000180029170 f i * CIL library *:* CIL module *
 0001:00028170       ??_Efailure@ios_base@std@@UEAAPEAXI@Z 0000000180029170 f i * CIL library *:* CIL module *
 0001:000281a0       ?name@_Iostream_error_category@std@@UEBAPEBDXZ 00000001800291a0 f i hunspell:strmgr.obj
 0001:000281b0       ?message@_Iostream_error_category@std@@UEBA?AV?$basic_string@DU?$char_traits@D@std@@V?$allocator@D@2@@2@H@Z 00000001800291b0 f i hunspell:strmgr.obj
 0001:00028230       ?clear@ios_base@std@@QEAAXH_N@Z 0000000180029230 f i hunspell:strmgr.obj
 0001:000287a0       ??0StrMgr@@QEAA@PEBD0@Z    00000001800297a0 f   hunspell:strmgr.obj
 0001:00028820       ??_GStrMgr@@UEAAPEAXI@Z    0000000180029820 f i hunspell:strmgr.obj
 0001:00028820       ??_EStrMgr@@UEAAPEAXI@Z    0000000180029820 f i * CIL library *:* CIL module *
 0001:00028880       ?getline@StrMgr@@UEAAPEADXZ 0000000180029880 f   hunspell:strmgr.obj
 0001:000288f0       ?getlinenum@StrMgr@@UEAAHXZ 00000001800298f0 f   hunspell:strmgr.obj
 0001:00028900       ?assign@?$basic_string@DU?$char_traits@D@std@@V?$allocator@D@2@@std@@QEAAAEAV12@AEBV12@_K1@Z 0000000180029900 f i hunspell:strmgr.obj
 0001:00028a30       ?_Assign_rv@?$basic_string@DU?$char_traits@D@std@@V?$allocator@D@2@@std@@QEAAX$$QEAV12@@Z 0000000180029a30 f i hunspell:strmgr.obj
 0001:00028ab0       ?erase@?$basic_string@DU?$char_traits@D@std@@V?$allocator@D@2@@std@@QEAAAEAV12@_K0@Z 0000000180029ab0 f i hunspell:strmgr.obj
 0001:00028b80       ?assign@?$basic_string@DU?$char_traits@D@std@@V?$allocator@D@2@@std@@QEAAAEAV12@PEBD_K@Z 0000000180029b80 f i hunspell:strmgr.obj
 0001:00028cb0       ??$_Immortalize@V_Iostream_error_category@std@@@std@@YAAEAV_Iostream_error_category@0@XZ 0000000180029cb0 f i hunspell:strmgr.obj
 0001:00028d30       ??$?6U?$char_traits@D@std@@@std@@YAAEAV?$basic_ostream@DU?$char_traits@D@std@@@0@AEAV10@PEBD@Z 0000000180029d30 f i hunspell:strmgr.obj
 0001:00028f80       ??0sentry@?$basic_ostream@DU?$char_traits@D@std@@@std@@QEAA@AEAV12@@Z 0000000180029f80 f i hunspell:strmgr.obj
 0001:00028ff0       ?flush@?$basic_ostream@DU?$char_traits@D@std@@@std@@QEAAAEAV12@XZ 0000000180029ff0 f i hunspell:strmgr.obj
 0001:000290e0       fprintf                    000000018002a0e0 f i hunspell:filemgr.obj
 0001:00029130       ??0FileMgr@@QEAA@PEBD0@Z   000000018002a130 f   hunspell:filemgr.obj
 0001:00029230       ??_GFileMgr@@UEAAPEAXI@Z   000000018002a230 f i hunspell:filemgr.obj
 0001:00029230       ??_EFileMgr@@UEAAPEAXI@Z   000000018002a230 f i * CIL library *:* CIL module *
 0001:00029270       ??1FileMgr@@UEAA@XZ        000000018002a270 f   hunspell:filemgr.obj
 0001:000292f0       ?getline@FileMgr@@UEAAPEADXZ 000000018002a2f0 f   hunspell:filemgr.obj
 0001:00029370       ?getlinenum@FileMgr@@UEAAHXZ 000000018002a370 f   hunspell:filemgr.obj
 0001:00029380       ?init_phonet_hash@@YAXAEAUphonetable@@@Z 000000018002a380 f   hunspell:phonet.obj
 0001:00029430       ?phonet@@YAHPEBDPEADHAEAUphonetable@@@Z 000000018002a430 f   hunspell:phonet.obj
 0001:00029be0       ?add@PfxEntry@@QEAAPEADPEBDH@Z 000000018002abe0 f   hunspell:affentry.obj
 0001:00029d10       ?test_condition@PfxEntry@@QEAAHPEBD@Z 000000018002ad10 f i hunspell:affentry.obj
 0001:0002a0b0       ?checkword@PfxEntry@@QEAAPEAUhentry@@PEBDHDG@Z 000000018002b0b0 f   hunspell:affentry.obj
 0001:0002a370       ?check_twosfx@PfxEntry@@QEAAPEAUhentry@@PEBDHDG@Z 000000018002b370 f   hunspell:affentry.obj
 0001:0002a4a0       ?check_twosfx_morph@PfxEntry@@QEAAPEADPEBDHDG@Z 000000018002b4a0 f   hunspell:affentry.obj
 0001:0002a5c0       ?check_morph@PfxEntry@@QEAAPEADPEBDHDG@Z 000000018002b5c0 f   hunspell:affentry.obj
 0001:0002ad40       ??0SfxEntry@@QEAA@PEAVAffixMgr@@PEAUaffentry@@@Z 000000018002bd40 f   hunspell:affentry.obj
 0001:0002adf0       ?add@SfxEntry@@QEAAPEADPEBDH@Z 000000018002bdf0 f   hunspell:affentry.obj
 0001:0002af40       ?nextchar@SfxEntry@@QEAAPEADPEAD@Z 000000018002bf40 f i hunspell:affentry.obj
 0001:0002af80       ?test_condition@SfxEntry@@QEAAHPEBD0@Z 000000018002bf80 f i hunspell:affentry.obj
 0001:0002b3a0       ?checkword@SfxEntry@@QEAAPEAUhentry@@PEBDHHPEAVPfxEntry@@PEAPEADHPEAHGGG@Z 000000018002c3a0 f   hunspell:affentry.obj
 0001:0002b690       ?check_twosfx@SfxEntry@@QEAAPEAUhentry@@PEBDHHPEAVPfxEntry@@G@Z 000000018002c690 f   hunspell:affentry.obj
 0001:0002b820       ?check_twosfx_morph@SfxEntry@@QEAAPEADPEBDHHPEAVPfxEntry@@G@Z 000000018002c820 f   hunspell:affentry.obj
 0001:0002bc50       ?get_next_homonym@SfxEntry@@QEAAPEAUhentry@@PEAU2@HPEAVPfxEntry@@GG@Z 000000018002cc50 f   hunspell:affentry.obj
 0001:0002bf10       ??0Hunzip@@QEAA@PEBD0@Z    000000018002cf10 f   hunspell:hunzip.obj
 0001:0002bfa0       ?getcode@Hunzip@@IEAAHPEBD@Z 000000018002cfa0 f   hunspell:hunzip.obj
 0001:0002c330       ?getbuf@Hunzip@@IEAAHXZ    000000018002d330 f   hunspell:hunzip.obj
 0001:0002c4c0       ?getline@Hunzip@@QEAAPEBDXZ 000000018002d4c0 f   hunspell:hunzip.obj
 0001:0002c6f0       ??0bad_alloc@std@@QEAA@AEBV01@@Z 000000018002d6f0 f i libcpmt:xthrow.obj
 0001:0002c730       ??0bad_alloc@std@@QEAA@XZ  000000018002d730 f i libcpmt:xthrow.obj
 0001:0002c750       ??0exception@std@@QEAA@AEBV01@@Z 000000018002d750 f i libcpmt:xthrow.obj
 0001:0002c788       ??0length_error@std@@QEAA@AEBV01@@Z 000000018002d788 f i libcpmt:xthrow.obj
 0001:0002c7c8       ??0length_error@std@@QEAA@PEBD@Z 000000018002d7c8 f i libcpmt:xthrow.obj
 0001:0002c814       ??0logic_error@std@@QEAA@AEBV01@@Z 000000018002d814 f i libcpmt:xthrow.obj
 0001:0002c854       ??0out_of_range@std@@QEAA@AEBV01@@Z 000000018002d854 f i libcpmt:xthrow.obj
 0001:0002c894       ??0out_of_range@std@@QEAA@PEBD@Z 000000018002d894 f i libcpmt:xthrow.obj
 0001:0002c8e0       ??0runtime_error@std@@QEAA@AEBV01@@Z 000000018002d8e0 f i libcpmt:xthrow.obj
 0001:0002c920       ??0runtime_error@std@@QEAA@PEBD@Z 000000018002d920 f i libcpmt:xthrow.obj
 0001:0002c96c       ?_Xlength_error@std@@YAXPEBD@Z 000000018002d96c f   libcpmt:xthrow.obj
 0001:0002c990       ?_Xout_of_range@std@@YAXPEBD@Z 000000018002d990 f   libcpmt:xthrow.obj
 0001:0002c9b4       ?what@exception@std@@UEBAPEBDXZ 000000018002d9b4 f i libcpmt:xthrow.obj
 0001:0002c9c8       ??$use_facet@V?$codecvt@DDU_Mbstatet@@@std@@@std@@YAAEBV?$codecvt@DDU_Mbstatet@@@0@AEBVlocale@0@@Z 000000018002d9c8 f i libcpmt:cout.obj
 0001:0002cb00       ??$use_facet@V?$ctype@D@std@@@std@@YAAEBV?$ctype@D@0@AEBVlocale@0@@Z 000000018002db00 f i libcpmt:cout.obj
 0001:0002cc38       ??0?$basic_ostream@DU?$char_traits@D@std@@@std@@QEAA@PEAV?$basic_streambuf@DU?$char_traits@D@std@@@1@_N@Z 000000018002dc38 f i libcpmt:cout.obj
 0001:0002cd00       ??0?$basic_streambuf@DU?$char_traits@D@std@@@std@@IEAA@XZ 000000018002dd00 f i libcpmt:cout.obj
 0001:0002cdb0       ??0_Init_cout@std@@QEAA@XZ 000000018002ddb0 f i libcpmt:cout.obj
 0001:0002ce1c       ??0_Locinfo@std@@QEAA@PEBD@Z 000000018002de1c f i libcpmt:cout.obj
 0001:0002ceb4       ??0bad_cast@std@@QEAA@AEBV01@@Z 000000018002deb4 f i libcpmt:cout.obj
 0001:0002cef4       ??0bad_cast@std@@QEAA@XZ   000000018002def4 f i libcpmt:cout.obj
 0001:0002cf14       ??1?$_Yarn@D@std@@QEAA@XZ  000000018002df14 f i libcpmt:cout.obj
 0001:0002cf14       ??1?$_Yarn@_W@std@@QEAA@XZ 000000018002df14 f i libcpmt:cout.obj
 0001:0002cf34       ??1?$basic_filebuf@DU?$char_traits@D@std@@@std@@UEAA@XZ 000000018002df34 f i libcpmt:cout.obj
 0001:0002cfe0       ??1?$basic_ios@DU?$char_traits@D@std@@@std@@UEAA@XZ 000000018002dfe0 f i libcpmt:cout.obj
 0001:0002d004       ??1_Locinfo@std@@QEAA@XZ   000000018002e004 f i libcpmt:cout.obj
 0001:0002d0a4       ??1locale@std@@QEAA@XZ     000000018002e0a4 f i libcpmt:cout.obj
 0001:0002d104       ??_E?$basic_ostream@DU?$char_traits@D@std@@@std@@$4PPPPPPPM@A@EAAPEAXI@Z 000000018002e104 f i libcpmt:cout.obj
 0001:0002d110       ??_E?$basic_filebuf@DU?$char_traits@D@std@@@std@@UEAAPEAXI@Z 000000018002e110 f i libcpmt:cout.obj
 0001:0002d110       ??_G?$basic_filebuf@DU?$char_traits@D@std@@@std@@UEAAPEAXI@Z 000000018002e110 f i libcpmt:cout.obj
 0001:0002d144       ??_G?$basic_ios@DU?$char_traits@D@std@@@std@@UEAAPEAXI@Z 000000018002e144 f i libcpmt:cout.obj
 0001:0002d144       ??_E?$basic_ios@DU?$char_traits@D@std@@@std@@UEAAPEAXI@Z 000000018002e144 f i libcpmt:cout.obj
 0001:0002d190       ??_E?$basic_ostream@DU?$char_traits@D@std@@@std@@UEAAPEAXI@Z 000000018002e190 f i libcpmt:cout.obj
 0001:0002d190       ??_G?$basic_ostream@DU?$char_traits@D@std@@@std@@UEAAPEAXI@Z 000000018002e190 f i libcpmt:cout.obj
 0001:0002d200       ??_G?$basic_streambuf@DU?$char_traits@D@std@@@std@@UEAAPEAXI@Z 000000018002e200 f i libcpmt:cout.obj
 0001:0002d200       ??_E?$basic_streambuf@DU?$char_traits@D@std@@@std@@UEAAPEAXI@Z 000000018002e200 f i libcpmt:cout.obj
 0001:0002d250       ??_G?$codecvt@DDU_Mbstatet@@@std@@MEAAPEAXI@Z 000000018002e250 f i libcpmt:cout.obj
 0001:0002d250       ??_E?$codecvt@DDU_Mbstatet@@@std@@MEAAPEAXI@Z 000000018002e250 f i libcpmt:cout.obj
 0001:0002d27c       ??_G?$ctype@D@std@@MEAAPEAXI@Z 000000018002e27c f i libcpmt:cout.obj
 0001:0002d27c       ??_E?$ctype@D@std@@MEAAPEAXI@Z 000000018002e27c f i libcpmt:cout.obj
 0001:0002d2e8       ??_E_Facet_base@std@@UEAAPEAXI@Z 000000018002e2e8 f i libcpmt:cout.obj
 0001:0002d2e8       ??_G_Facet_base@std@@UEAAPEAXI@Z 000000018002e2e8 f i libcpmt:cout.obj
 0001:0002d314       ??_Eios_base@std@@UEAAPEAXI@Z 000000018002e314 f i libcpmt:cout.obj
 0001:0002d314       ??_Gios_base@std@@UEAAPEAXI@Z 000000018002e314 f i libcpmt:cout.obj
 0001:0002d360       ??_Glocale@std@@QEAAPEAXI@Z 000000018002e360 f i libcpmt:cout.obj
 0001:0002d3f0       ?_Decref@facet@locale@std@@UEAAPEAV_Facet_base@3@XZ 000000018002e3f0 f i libcpmt:cout.obj
 0001:0002d400       ?_Endwrite@?$basic_filebuf@DU?$char_traits@D@std@@@std@@IEAA_NXZ 000000018002e400 f i libcpmt:cout.obj
 0001:0002d5b4       ?_Getcat@?$codecvt@DDU_Mbstatet@@@std@@SA_KPEAPEBVfacet@locale@2@PEBV42@@Z 000000018002e5b4 f i libcpmt:cout.obj
 0001:0002d678       ?_Getcat@?$ctype@D@std@@SA_KPEAPEBVfacet@locale@2@PEBV42@@Z 000000018002e678 f i libcpmt:cout.obj
 0001:0002d75c       ?_Incref@facet@locale@std@@UEAAXXZ 000000018002e75c f i libcpmt:cout.obj
 0001:0002d764       ?_Init@?$basic_filebuf@DU?$char_traits@D@std@@@std@@IEAAXPEAU_iobuf@@W4_Initfl@12@@Z 000000018002e764 f i libcpmt:cout.obj
 0001:0002d850       ?_Init@ios_base@std@@IEAAXXZ 000000018002e850 f i libcpmt:cout.obj
 0001:0002d8d0       ?_Initcvt@?$basic_filebuf@DU?$char_traits@D@std@@@std@@IEAAXPEBV?$codecvt@DDU_Mbstatet@@@2@@Z 000000018002e8d0 f i libcpmt:cout.obj
 0001:0002d970       ?_Lock@?$basic_filebuf@DU?$char_traits@D@std@@@std@@UEAAXXZ 000000018002e970 f i libcpmt:cout.obj
 0001:0002d98c       ?_Unlock@?$basic_filebuf@DU?$char_traits@D@std@@@std@@UEAAXXZ 000000018002e98c f i libcpmt:cout.obj
 0001:0002d9a8       ?append@?$basic_string@DU?$char_traits@D@std@@V?$allocator@D@2@@std@@QEAAAEAV12@_KD@Z 000000018002e9a8 f i libcpmt:cout.obj
 0001:0002da98       __acrt_uninitialize_command_line 000000018002ea98 f i libucrt:argv_data.obj
 0001:0002da98       ?do_always_noconv@?$codecvt@DDU_Mbstatet@@@std@@MEBA_NXZ 000000018002ea98 f i libcpmt:cout.obj
 0001:0002da9c       ?do_in@?$codecvt@DDU_Mbstatet@@@std@@MEBAHAEAU_Mbstatet@@PEBD1AEAPEBDPEAD3AEAPEAD@Z 000000018002ea9c f i libcpmt:cout.obj
 0001:0002da9c       ?do_out@?$codecvt@DDU_Mbstatet@@@std@@MEBAHAEAU_Mbstatet@@PEBD1AEAPEBDPEAD3AEAPEAD@Z 000000018002ea9c f i libcpmt:cout.obj
 0001:0002dab8       ?do_length@?$codecvt@DDU_Mbstatet@@@std@@MEBAHAEAU_Mbstatet@@PEBD1_K@Z 000000018002eab8 f i libcpmt:cout.obj
 0001:0002dacc       ?do_widen@?$ctype@D@std@@MEBADD@Z 000000018002eacc f i libcpmt:cout.obj
 0001:0002dacc       ?do_narrow@?$ctype@D@std@@MEBADDD@Z 000000018002eacc f i libcpmt:cout.obj
 0001:0002dad0       ?do_narrow@?$ctype@D@std@@MEBAPEBDPEBD0DPEAD@Z 000000018002ead0 f i libcpmt:cout.obj
 0001:0002daf0       ?do_tolower@?$ctype@D@std@@MEBADD@Z 000000018002eaf0 f i libcpmt:cout.obj
 0001:0002db00       ?do_tolower@?$ctype@D@std@@MEBAPEBDPEADPEBD@Z 000000018002eb00 f i libcpmt:cout.obj
 0001:0002db60       ?do_toupper@?$ctype@D@std@@MEBADD@Z 000000018002eb60 f i libcpmt:cout.obj
 0001:0002db70       ?do_toupper@?$ctype@D@std@@MEBAPEBDPEADPEBD@Z 000000018002eb70 f i libcpmt:cout.obj
 0001:0002dbd0       ?do_unshift@?$codecvt@DDU_Mbstatet@@@std@@MEBAHAEAU_Mbstatet@@PEAD1AEAPEAD@Z 000000018002ebd0 f i libcpmt:cout.obj
 0001:0002dbdc       ?do_widen@?$ctype@D@std@@MEBAPEBDPEBD0PEAD@Z 000000018002ebdc f i libcpmt:cout.obj
 0001:0002dbfc       ?getloc@ios_base@std@@QEBA?AVlocale@2@XZ 000000018002ebfc f i libcpmt:cout.obj
 0001:0002dc54       ?imbue@?$basic_filebuf@DU?$char_traits@D@std@@@std@@MEAAXAEBVlocale@2@@Z 000000018002ec54 f i libcpmt:cout.obj
 0001:0002dc78       ?overflow@?$basic_filebuf@DU?$char_traits@D@std@@@std@@MEAAHH@Z 000000018002ec78 f i libcpmt:cout.obj
 0001:0002ded8       ?pbackfail@?$basic_streambuf@DU?$char_traits@D@std@@@std@@MEAAHH@Z 000000018002eed8 f i libcpmt:cout.obj
 0001:0002ded8       ?underflow@?$basic_streambuf@DU?$char_traits@D@std@@@std@@MEAAHXZ 000000018002eed8 f i libcpmt:cout.obj
 0001:0002ded8       ?overflow@?$basic_streambuf@DU?$char_traits@D@std@@@std@@MEAAHH@Z 000000018002eed8 f i libcpmt:cout.obj
 0001:0002dedc       ?pbackfail@?$basic_filebuf@DU?$char_traits@D@std@@@std@@MEAAHH@Z 000000018002eedc f i libcpmt:cout.obj
 0001:0002dfac       ?seekoff@?$basic_filebuf@DU?$char_traits@D@std@@@std@@MEAA?AV?$fpos@U_Mbstatet@@@2@_JHH@Z 000000018002efac f i libcpmt:cout.obj
 0001:0002e098       ?seekpos@?$basic_streambuf@DU?$char_traits@D@std@@@std@@MEAA?AV?$fpos@U_Mbstatet@@@2@V32@H@Z 000000018002f098 f i libcpmt:cout.obj
 0001:0002e098       ?seekoff@?$basic_streambuf@DU?$char_traits@D@std@@@std@@MEAA?AV?$fpos@U_Mbstatet@@@2@_JHH@Z 000000018002f098 f i libcpmt:cout.obj
 0001:0002e0b4       ?seekpos@?$basic_filebuf@DU?$char_traits@D@std@@@std@@MEAA?AV?$fpos@U_Mbstatet@@@2@V32@H@Z 000000018002f0b4 f i libcpmt:cout.obj
 0001:0002e1b4       ?setbuf@?$basic_filebuf@DU?$char_traits@D@std@@@std@@MEAAPEAV?$basic_streambuf@DU?$char_traits@D@std@@@2@PEAD_J@Z 000000018002f1b4 f i libcpmt:cout.obj
 0001:0002e208       ?setbuf@?$basic_streambuf@DU?$char_traits@D@std@@@std@@MEAAPEAV12@PEAD_J@Z 000000018002f208 f i libcpmt:cout.obj
 0001:0002e20c       ?sync@?$basic_filebuf@DU?$char_traits@D@std@@@std@@MEAAHXZ 000000018002f20c f i libcpmt:cout.obj
 0001:0002e26c       ?uflow@?$basic_filebuf@DU?$char_traits@D@std@@@std@@MEAAHXZ 000000018002f26c f i libcpmt:cout.obj
 0001:0002e504       ?uflow@?$basic_streambuf@DU?$char_traits@D@std@@@std@@MEAAHXZ 000000018002f504 f i libcpmt:cout.obj
 0001:0002e550       ?underflow@?$basic_filebuf@DU?$char_traits@D@std@@@std@@MEAAHXZ 000000018002f550 f i libcpmt:cout.obj
 0001:0002e5c8       ?widen@?$basic_ios@DU?$char_traits@D@std@@@std@@QEBADD@Z 000000018002f5c8 f i libcpmt:cout.obj
 0001:0002e668       ?xsgetn@?$basic_streambuf@DU?$char_traits@D@std@@@std@@MEAA_JPEAD_J@Z 000000018002f668 f i libcpmt:cout.obj
 0001:0002e728       ?xsputn@?$basic_streambuf@DU?$char_traits@D@std@@@std@@MEAA_JPEBD_J@Z 000000018002f728 f i libcpmt:cout.obj
 0001:0002e7ec       ?_Syserror_map@std@@YAPEBDH@Z 000000018002f7ec f   libcpmt:syserror.obj
 0001:0002e814       ??0_Init_locks@std@@QEAA@XZ 000000018002f814 f   libcpmt:xlock.obj
 0001:0002e860       ??0_Lockit@std@@QEAA@H@Z   000000018002f860 f   libcpmt:xlock.obj
 0001:0002e89c       ??1_Init_locks@std@@QEAA@XZ 000000018002f89c f   libcpmt:xlock.obj
 0001:0002e8e0       ??1_Lockit@std@@QEAA@XZ    000000018002f8e0 f   libcpmt:xlock.obj
 0001:0002e914       _Getctype                  000000018002f914 f   libcpmt:_tolower.obj
 0001:0002e9d4       _Tolower                   000000018002f9d4 f   libcpmt:_tolower.obj
 0001:0002eafc       _Toupper                   000000018002fafc f   libcpmt:_toupper.obj
 0001:0002ec34       ??4?$_Yarn@D@std@@QEAAAEAV01@PEBD@Z 000000018002fc34 f i libcpmt:locale0.obj
 0001:0002ecac       ??_G_Fac_node@std@@QEAAPEAXI@Z 000000018002fcac f i libcpmt:locale0.obj
 0001:0002ed38       ??_G_Locimp@locale@std@@MEAAPEAXI@Z 000000018002fd38 f i libcpmt:locale0.obj
 0001:0002ed38       ??_E_Locimp@locale@std@@MEAAPEAXI@Z 000000018002fd38 f i libcpmt:locale0.obj
 0001:0002eda4       ?_Facet_Register@std@@YAXPEAV_Facet_base@1@@Z 000000018002fda4 f   libcpmt:locale0.obj
 0001:0002eddc       ?_Getgloballocale@locale@std@@CAPEAV_Locimp@12@XZ 000000018002fddc f   libcpmt:locale0.obj
 0001:0002ede4       ?_Init@locale@std@@CAPEAV_Locimp@12@_N@Z 000000018002fde4 f   libcpmt:locale0.obj
 0001:0002eea0       ?_Locimp_dtor@_Locimp@locale@std@@CAXPEAV123@@Z 000000018002fea0 f   libcpmt:locale0.obj
 0001:0002ef48       ?_Locinfo_ctor@_Locinfo@std@@SAXPEAV12@PEBD@Z 000000018002ff48 f   libcpmt:locale0.obj
 0001:0002efb4       ?_Locinfo_dtor@_Locinfo@std@@SAXPEAV12@@Z 000000018002ffb4 f   libcpmt:locale0.obj
 0001:0002efd8       ?_New_Locimp@_Locimp@locale@std@@CAPEAV123@_N@Z 000000018002ffd8 f   libcpmt:locale0.obj
 0001:0002f048       ?_Setgloballocale@locale@std@@CAXPEAX@Z 0000000180030048 f   libcpmt:locale0.obj
 0001:0002f07c       _Deletegloballocale        000000018003007c f   libcpmt:locale0.obj
 0001:0002f104       ?_Addstd@ios_base@std@@SAXPEAV12@@Z 0000000180030104 f   libcpmt:ios.obj
 0001:0002f174       ?_Ios_base_dtor@ios_base@std@@CAXPEAV12@@Z 0000000180030174 f   libcpmt:ios.obj
 0001:0002f1b8       ?_Tidy@ios_base@std@@AEAAXXZ 00000001800301b8 f i libcpmt:ios.obj
 0001:0002f248       ?_Atexit@@YAXP6AXXZ@Z      0000000180030248 f   libcpmt:iosptrs.obj
 0001:0002f288       _Mtxdst                    0000000180030288 f   libcpmt:xmtx.obj
 0001:0002f290       _Mtxinit                   0000000180030290 f   libcpmt:xmtx.obj
 0001:0002f2a0       _Mtxlock                   00000001800302a0 f   libcpmt:xmtx.obj
 0001:0002f2a8       _Mtxunlock                 00000001800302a8 f   libcpmt:xmtx.obj
 0001:0002f2b0       __crtLCMapStringA          00000001800302b0 f   libcpmt:StlLCMapStringA.obj
 0001:0002fa6c       __crtInitializeCriticalSectionEx 0000000180030a6c f   libcpmt:winapisupp.obj
 0001:0002facc       GetTableIndexFromLocaleName 0000000180030acc f   libcpmt:winapinls.obj
 0001:0002fb58       __crtDownlevelLocaleNameToLCID 0000000180030b58 f   libcpmt:winapinls.obj
 0001:0002fb8c       __crtLCMapStringEx         0000000180030b8c f   libcpmt:winapinls.obj
 0001:0002fc48       __wcsnicmp_ascii           0000000180030c48 f   libcpmt:winapinls.obj
 0001:0002fcb0       __security_check_cookie    0000000180030cb0 f   LIBCMT:_amdsecgs_.obj
 0001:0002fcd4       ??2@YAPEAX_K@Z             0000000180030cd4 f   LIBCMT:new_scalar.obj
 0001:0002fd10       __scrt_acquire_startup_lock 0000000180030d10 f   LIBCMT:utility.obj
 0001:0002fd4c       __scrt_dllmain_after_initialize_c 0000000180030d4c f   LIBCMT:utility.obj
 0001:0002fd80       __scrt_dllmain_before_initialize_c 0000000180030d80 f   LIBCMT:utility.obj
 0001:0002fd98       __scrt_dllmain_crt_thread_attach 0000000180030d98 f   LIBCMT:utility.obj
 0001:0002fdc0       __scrt_dllmain_crt_thread_detach 0000000180030dc0 f   LIBCMT:utility.obj
 0001:0002fdd8       __scrt_dllmain_exception_filter 0000000180030dd8 f   LIBCMT:utility.obj
 0001:0002fe3c       __scrt_dllmain_uninitialize_c 0000000180030e3c f   LIBCMT:utility.obj
 0001:0002fe6c       __scrt_dllmain_uninitialize_critical 0000000180030e6c f   LIBCMT:utility.obj
 0001:0002fe80       __scrt_initialize_crt      0000000180030e80 f   LIBCMT:utility.obj
 0001:0002fecc       __scrt_initialize_onexit_tables 0000000180030ecc f   LIBCMT:utility.obj
 0001:0002ff98       __scrt_is_nonwritable_in_current_image 0000000180030f98 f   LIBCMT:utility.obj
 0001:00030034       __scrt_release_startup_lock 0000000180031034 f   LIBCMT:utility.obj
 0001:00030058       __scrt_uninitialize_crt    0000000180031058 f   LIBCMT:utility.obj
 0001:00030084       _onexit                    0000000180031084 f   LIBCMT:utility.obj
 0001:000300d4       atexit                     00000001800310d4 f   LIBCMT:utility.obj
 0001:000300ec       ??3@YAXPEAX@Z              00000001800310ec f   LIBCMT:delete_scalar.obj
 0001:000300f4       ??3@YAXPEAX_K@Z            00000001800310f4 f   LIBCMT:delete_scalar_size.obj
 0001:000300f4       ??_V@YAXPEAX@Z             00000001800310f4 f   LIBCMT:delete_array.obj
 0001:000300fc       ??_U@YAPEAX_K@Z            00000001800310fc f   LIBCMT:new_array.obj
 0001:00030450       _DllMainCRTStartup         0000000180031450 f   LIBCMT:dll_dllmain.obj
 0001:00030490       __raise_securityfailure    0000000180031490 f   LIBCMT:gs_report.obj
 0001:000304c4       __report_gsfailure         00000001800314c4 f   LIBCMT:gs_report.obj
 0001:00030598       __report_rangecheckfailure 0000000180031598 f   LIBCMT:gs_report.obj
 0001:000305ac       __report_securityfailure   00000001800315ac f   LIBCMT:gs_report.obj
 0001:00030874       _Init_thread_footer        0000000180031874 f   LIBCMT:thread_safe_statics.obj
 0001:000308d4       _Init_thread_header        00000001800318d4 f   LIBCMT:thread_safe_statics.obj
 0001:0003093c       _Init_thread_notify        000000018003193c f   LIBCMT:thread_safe_statics.obj
 0001:00030998       _Init_thread_wait          0000000180031998 f   LIBCMT:thread_safe_statics.obj
 0001:00030a30       ??_Gtype_info@@UEAAPEAXI@Z 0000000180031a30 f i LIBCMT:std_type_info_static.obj
 0001:00030a30       ??_Etype_info@@UEAAPEAXI@Z 0000000180031a30 f i LIBCMT:std_type_info_static.obj
 0001:00030a5c       __GSHandlerCheck           0000000180031a5c f   LIBCMT:_gshandler_.obj
 0001:00030a7c       __GSHandlerCheckCommon     0000000180031a7c f   LIBCMT:_gshandler_.obj
 0001:00030ad8       __GSHandlerCheck_EH        0000000180031ad8 f   LIBCMT:gshandlereh.obj
 0001:00030b58       _guard_check_icall         0000000180031b58 f i LIBCMT:checkcfg.obj
 0001:00030b70       __chkstk                   0000000180031b70 f   LIBCMT:_chkstk_.obj
 0001:00030b70       _alloca_probe              0000000180031b70 f   LIBCMT:_chkstk_.obj
 0001:00030bc4       ??0bad_array_new_length@std@@QEAA@AEBV01@@Z 0000000180031bc4 f i LIBCMT:throw_bad_alloc.obj
 0001:00030c04       ??0bad_array_new_length@std@@QEAA@XZ 0000000180031c04 f i LIBCMT:throw_bad_alloc.obj
 0001:00030c24       ??_Glogic_error@std@@UEAAPEAXI@Z 0000000180031c24 f i libcpmt:xthrow.obj
 0001:00030c24       ??_Ebad_alloc@std@@UEAAPEAXI@Z 0000000180031c24 f i libcpmt:xthrow.obj
 0001:00030c24       ??_Ebad_exception@std@@UEAAPEAXI@Z 0000000180031c24 f i libvcruntime:frame.obj
 0001:00030c24       ??_Ebad_cast@std@@UEAAPEAXI@Z 0000000180031c24 f i libcpmt:cout.obj
 0001:00030c24       ??_Gexception@std@@UEAAPEAXI@Z 0000000180031c24 f i libcpmt:xthrow.obj
 0001:00030c24       ??_Glength_error@std@@UEAAPEAXI@Z 0000000180031c24 f i libcpmt:xthrow.obj
 0001:00030c24       ??_Eexception@std@@UEAAPEAXI@Z 0000000180031c24 f i libcpmt:xthrow.obj
 0001:00030c24       ??_Eout_of_range@std@@UEAAPEAXI@Z 0000000180031c24 f i libcpmt:xthrow.obj
 0001:00030c24       ??_Gbad_array_new_length@std@@UEAAPEAXI@Z 0000000180031c24 f i LIBCMT:throw_bad_alloc.obj
 0001:00030c24       ??_Gbad_alloc@std@@UEAAPEAXI@Z 0000000180031c24 f i libcpmt:xthrow.obj
 0001:00030c24       ??_Ebad_array_new_length@std@@UEAAPEAXI@Z 0000000180031c24 f i LIBCMT:throw_bad_alloc.obj
 0001:00030c24       ??_Elogic_error@std@@UEAAPEAXI@Z 0000000180031c24 f i libcpmt:xthrow.obj
 0001:00030c24       ??_Gout_of_range@std@@UEAAPEAXI@Z 0000000180031c24 f i libcpmt:xthrow.obj
 0001:00030c24       ??_Gbad_exception@std@@UEAAPEAXI@Z 0000000180031c24 f i libvcruntime:frame.obj
 0001:00030c24       ??_Gbad_cast@std@@UEAAPEAXI@Z 0000000180031c24 f i libcpmt:cout.obj
 0001:00030c24       ??_Elength_error@std@@UEAAPEAXI@Z 0000000180031c24 f i libcpmt:xthrow.obj
 0001:00030c68       ?_Xbad_alloc@std@@YAXXZ    0000000180031c68 f   libcpmt:xthrow.obj
 0001:00030c68       ?__scrt_throw_std_bad_alloc@@YAXXZ 0000000180031c68 f   LIBCMT:throw_bad_alloc.obj
 0001:00030c88       ?__scrt_throw_std_bad_array_new_length@@YAXXZ 0000000180031c88 f   LIBCMT:throw_bad_alloc.obj
 0001:00030ca8       __isa_available_init       0000000180031ca8 f   LIBCMT:_cpu_disp_.obj
 0001:00030e70       __scrt_is_ucrt_dll_in_use  0000000180031e70 f   LIBCMT:ucrt_detection.obj
 0001:00030e7c       __crt_debugger_hook        0000000180031e7c f   LIBCMT:utility_desktop.obj
 0001:00030e84       __scrt_fastfail            0000000180031e84 f   LIBCMT:utility_desktop.obj
 0001:00030fcc       __security_init_cookie     0000000180031fcc f   LIBCMT:gs_support.obj
 0001:00031078       _get_startup_argv_mode     0000000180032078 f   LIBCMT:argv_mode.obj
 0001:00031078       ?do_max_length@codecvt_base@std@@MEBAHXZ 0000000180032078 f   libcpmt:cout.obj
 0001:00031078       DllMain                    0000000180032078 f   LIBCMT:dll_dllmain_stub.obj
 0001:00031078       ?do_encoding@codecvt_base@std@@MEBAHXZ 0000000180032078 f   libcpmt:cout.obj
 0001:00031080       ?__scrt_initialize_type_info@@YAXXZ 0000000180032080 f   LIBCMT:tncleanup.obj
 0001:00031090       ?__scrt_uninitialize_type_info@@YAXXZ 0000000180032090 f   LIBCMT:tncleanup.obj
 0001:0003109c       __local_stdio_scanf_options 000000018003209c f i LIBCMT:default_local_stdio_options.obj
 0001:000310a4       __scrt_initialize_default_local_stdio_options 00000001800320a4 f   LIBCMT:default_local_stdio_options.obj
 0001:000310c0       __scrt_get_dyn_tls_init_callback 00000001800320c0 f   LIBCMT:dyn_tls_init.obj
 0001:000310c8       _RTC_Initialize            00000001800320c8 f   LIBCMT:_initsect_.obj
 0001:00031114       _RTC_Terminate             0000000180032114 f   LIBCMT:_initsect_.obj
 0001:00031160       strstr                     0000000180032160 f   libvcruntime:strstr.obj
 0001:00031354       strchr                     0000000180032354 f   libvcruntime:strchr.obj
 0001:000313f0       memcpy                     00000001800323f0 f   libvcruntime:memcpy.obj
 0001:000313f0       memmove                    00000001800323f0 f   libvcruntime:memcpy.obj
 0001:00031828       _purecall                  0000000180032828 f   libvcruntime:purevirt.obj
 0001:00031864       __std_exception_copy       0000000180032864 f   libvcruntime:std_exception.obj
 0001:000318f4       __std_exception_destroy    00000001800328f4 f   libvcruntime:std_exception.obj
 0001:0003191c       _CxxThrowException         000000018003291c f   libvcruntime:throw.obj
 0001:000319f4       __DestructExceptionObject  00000001800329f4 f   libvcruntime:frame.obj
 0001:00031a7c       ??0bad_exception@std@@QEAA@AEBV01@@Z 0000000180032a7c f i libvcruntime:frame.obj
 0001:00031abc       ??0bad_exception@std@@QEAA@XZ 0000000180032abc f i libvcruntime:frame.obj
 0001:00031adc       ??1bad_alloc@std@@UEAA@XZ  0000000180032adc f i libcpmt:xthrow.obj
 0001:00031adc       ??1out_of_range@std@@UEAA@XZ 0000000180032adc f i libcpmt:xthrow.obj
 0001:00031adc       ??1bad_cast@std@@UEAA@XZ   0000000180032adc f i libcpmt:cout.obj
 0001:00031adc       ??1bad_array_new_length@std@@UEAA@XZ 0000000180032adc f i LIBCMT:throw_bad_alloc.obj
 0001:00031adc       ??1bad_exception@std@@UEAA@XZ 0000000180032adc f i libvcruntime:frame.obj
 0001:00031adc       ??1length_error@std@@UEAA@XZ 0000000180032adc f i libcpmt:xthrow.obj
 0001:0003244c       ?_CallMemberFunction0@@YAXPEAXP6AX0@Z@Z 000000018003344c f i libvcruntime:frame.obj
 0001:00032450       ?_CallMemberFunction1@@YAXPEAXP6AX0@Z0@Z 0000000180033450 f i libvcruntime:frame.obj
 0001:0003245c       ?_CallMemberFunction2@@YAXPEAXP6AX0@Z0H@Z 000000018003345c f i libvcruntime:frame.obj
 0001:0003246c       __AdjustPointer            000000018003346c f   libvcruntime:frame.obj
 0001:00032490       __BuildCatchObject         0000000180033490 f   libvcruntime:frame.obj
 0001:00032554       __BuildCatchObjectHelper   0000000180033554 f   libvcruntime:frame.obj
 0001:00032734       __CxxCallCatchBlock        0000000180033734 f   libvcruntime:frame.obj
 0001:00032920       __FrameUnwindFilter        0000000180033920 f   libvcruntime:frame.obj
 0001:0003296c       __FrameUnwindToState       000000018003396c f   libvcruntime:frame.obj
 0001:00032b00       __InternalCxxFrameHandler  0000000180033b00 f   libvcruntime:frame.obj
 0001:00032d58       __TypeMatch                0000000180033d58 f   libvcruntime:frame.obj
 0001:00032e98       __std_terminate            0000000180033e98 f   libvcruntime:frame.obj
 0001:00032ea4       ?_ExecutionInCatch@@YAHPEAU_xDISPATCHER_CONTEXT@@PEBU_s_FuncInfo@@@Z 0000000180033ea4 f   libvcruntime:trnsctrl.obj
 0001:00032f18       ?_GetEstablisherFrame@@YAPEA_KPEA_KPEAU_xDISPATCHER_CONTEXT@@PEBU_s_FuncInfo@@0@Z 0000000180033f18 f   libvcruntime:trnsctrl.obj
 0001:00032fe4       ?_GetRangeOfTrysToCheck@@YAPEBU_s_TryBlockMapEntry@@PEA_KPEBU_s_FuncInfo@@HHPEAI2PEAU_xDISPATCHER_CONTEXT@@@Z 0000000180033fe4 f   libvcruntime:trnsctrl.obj
 0001:00033110       ?__FrameUnwindToEmptyState@@YAXPEA_KPEAU_xDISPATCHER_CONTEXT@@PEBU_s_FuncInfo@@@Z 0000000180034110 f   libvcruntime:trnsctrl.obj
 0001:000331a4       ?__SehTransFilter@@YAHPEAU_EXCEPTION_POINTERS@@PEAUEHExceptionRecord@@PEA_KPEAU_CONTEXT@@PEAU_xDISPATCHER_CONTEXT@@PEBU_s_FuncInfo@@PEAH@Z 00000001800341a4 f   libvcruntime:trnsctrl.obj
 0001:0003323c       _CallSETranslator          000000018003423c f   libvcruntime:trnsctrl.obj
 0001:00033294       _CreateFrameInfo           0000000180034294 f   libvcruntime:trnsctrl.obj
 0001:000332d0       _FindAndUnlinkFrame        00000001800342d0 f   libvcruntime:trnsctrl.obj
 0001:00033328       _GetImageBase              0000000180034328 f   libvcruntime:trnsctrl.obj
 0001:0003333c       _GetThrowImageBase         000000018003433c f   libvcruntime:trnsctrl.obj
 0001:00033350       _IsExceptionObjectToBeDestroyed 0000000180034350 f   libvcruntime:trnsctrl.obj
 0001:00033380       _SetImageBase              0000000180034380 f   libvcruntime:trnsctrl.obj
 0001:00033398       _SetThrowImageBase         0000000180034398 f   libvcruntime:trnsctrl.obj
 0001:000333b0       _UnwindNestedFrames        00000001800343b0 f   libvcruntime:trnsctrl.obj
 0001:000334d4       __CxxFrameHandler3         00000001800344d4 f   libvcruntime:trnsctrl.obj
 0001:00033570       memset                     0000000180034570 f   libvcruntime:memset.obj
 0001:00033720       memcmp                     0000000180034720 f   libvcruntime:memcmp.obj
 0001:000337e8       __vcrt_initialize          00000001800347e8 f   libvcruntime:initialization.obj
 0001:0003381c       __vcrt_thread_attach       000000018003481c f   libvcruntime:initialization.obj
 0001:00033830       __vcrt_thread_detach       0000000180034830 f   libvcruntime:initialization.obj
 0001:00033844       __vcrt_uninitialize        0000000180034844 f   libvcruntime:initialization.obj
 0001:00033864       __vcrt_uninitialize_critical 0000000180034864 f   libvcruntime:initialization.obj
 0001:00033874       __C_specific_handler       0000000180034874 f   libvcruntime:_chandler_.obj
 0001:00033c38       __vcrt_FlsAlloc            0000000180034c38 f   libvcruntime:winapi_downlevel.obj
 0001:00033c8c       __vcrt_FlsFree             0000000180034c8c f   libvcruntime:winapi_downlevel.obj
 0001:00033ce0       __vcrt_FlsGetValue         0000000180034ce0 f   libvcruntime:winapi_downlevel.obj
 0001:00033d34       __vcrt_FlsSetValue         0000000180034d34 f   libvcruntime:winapi_downlevel.obj
 0001:00033d9c       __vcrt_InitializeCriticalSectionEx 0000000180034d9c f   libvcruntime:winapi_downlevel.obj
 0001:00033e14       __vcrt_initialize_winapi_thunks 0000000180034e14 f   libvcruntime:winapi_downlevel.obj
 0001:00033e60       __vcrt_uninitialize_winapi_thunks 0000000180034e60 f   libvcruntime:winapi_downlevel.obj
 0001:00033ea0       __std_type_info_compare    0000000180034ea0 f   libvcruntime:std_type_info.obj
 0001:00033ec8       __std_type_info_destroy_list 0000000180034ec8 f   libvcruntime:std_type_info.obj
 0001:00033ef4       __vcrt_initialize_pure_virtual_call_handler 0000000180034ef4 f   libvcruntime:purevirt_data.obj
 0001:00033f18       __vcrt_freefls             0000000180034f18 f   libvcruntime:per_thread_data.obj
 0001:00033f38       __vcrt_freeptd             0000000180034f38 f   libvcruntime:per_thread_data.obj
 0001:00033f88       __vcrt_getptd              0000000180034f88 f   libvcruntime:per_thread_data.obj
 0001:00033fa4       __vcrt_getptd_noexit       0000000180034fa4 f   libvcruntime:per_thread_data.obj
 0001:0003405c       __vcrt_initialize_ptd      000000018003505c f   libvcruntime:per_thread_data.obj
 0001:0003409c       __vcrt_uninitialize_ptd    000000018003509c f   libvcruntime:per_thread_data.obj
 0001:000340c0       ?__GetCurrentState@@YAHPEA_KPEAU_xDISPATCHER_CONTEXT@@PEBU_s_FuncInfo@@@Z 00000001800350c0 f   libvcruntime:ehstate.obj
 0001:000340e8       ?__GetUnwindTryBlock@@YAHPEA_KPEAU_xDISPATCHER_CONTEXT@@PEBU_s_FuncInfo@@@Z 00000001800350e8 f   libvcruntime:ehstate.obj
 0001:00034114       ?__SetState@@YAXPEA_KPEAU_xDISPATCHER_CONTEXT@@PEBU_s_FuncInfo@@H@Z 0000000180035114 f   libvcruntime:ehstate.obj
 0001:00034120       ?__SetUnwindTryBlock@@YAXPEA_KPEAU_xDISPATCHER_CONTEXT@@PEBU_s_FuncInfo@@H@Z 0000000180035120 f   libvcruntime:ehstate.obj
 0001:0003415c       ?__StateFromControlPc@@YAHPEBU_s_FuncInfo@@PEAU_xDISPATCHER_CONTEXT@@@Z 000000018003515c f   libvcruntime:ehstate.obj
 0001:00034164       ?__StateFromIp@@YAHPEBU_s_FuncInfo@@PEAU_xDISPATCHER_CONTEXT@@_J@Z 0000000180035164 f   libvcruntime:ehstate.obj
 0001:000341e0       _CallSettingFrame          00000001800351e0 f   libvcruntime:handlers.obj
 0001:00034230       _local_unwind              0000000180035230 f   libvcruntime:_jmpuwind_.obj
 0001:00034260       _NLG_Notify                0000000180035260 f   libvcruntime:_jmpuwind_.obj
 0001:00034280       __NLG_Dispatch2            0000000180035280 f   libvcruntime:_jmpuwind_.obj
 0001:00034290       __NLG_Return2              0000000180035290 f   libvcruntime:_jmpuwind_.obj
 0001:00034294       __vcrt_initialize_locks    0000000180035294 f   libvcruntime:locks.obj
 0001:000342dc       __vcrt_uninitialize_locks  00000001800352dc f   libvcruntime:locks.obj
 0001:00034cfc       ??$ftprintf@PEAU_iobuf@@PEB_WAEBQEB_WAEBQEB_WAEBI@?$__crt_char_traits@_W@@SAH$$QEAPEAU_iobuf@@$$QEAPEB_WAEBQEB_W2AEBI@Z 0000000180035cfc f i libucrt:assert.obj
 0001:00034d24       _wassert                   0000000180035d24 f   libucrt:assert.obj
 0001:00034da8       fwprintf                   0000000180035da8 f i libucrt:assert.obj
 0001:00034dec       swprintf                   0000000180035dec f i libucrt:assert.obj
 0001:00034e40       __acrt_call_reportfault    0000000180035e40 f   libucrt:invalid_parameter.obj
 0001:00034f9c       __acrt_initialize_invalid_parameter_handler 0000000180035f9c f   libucrt:invalid_parameter.obj
 0001:00034fa4       _invalid_parameter         0000000180035fa4 f   libucrt:invalid_parameter.obj
 0001:0003504c       _invalid_parameter_noinfo  000000018003604c f   libucrt:invalid_parameter.obj
 0001:0003506c       _invalid_parameter_noinfo_noreturn 000000018003606c f   libucrt:invalid_parameter.obj
 0001:0003509c       _invoke_watson             000000018003609c f   libucrt:invalid_parameter.obj
 0001:000350e4       ??0_LocaleUpdate@@QEAA@QEAU__crt_locale_pointers@@@Z 00000001800360e4 f i libucrt:stricmp.obj
 0001:00035174       realloc                    0000000180036174 f   libucrt:realloc.obj
 0001:00035190       strncpy                    0000000180036190 f   libucrt:strncpy.obj
 0001:00035310       strncmp                    0000000180036310 f   libucrt:strncmp.obj
 0001:00035390       ??$?RV<lambda_7b91131dde12e1c3dfc74ff76b3f2eac>@@AEAV<lambda_dd75445284c072d0bd3768540cc698fa>@@V<lambda_16bc4ecb55b4718497c16bceaea2ceaf>@@@?$__crt_seh_guarded_call@H@@QEAAH$$QEAV<lambda_7b91131dde12e1c3dfc74ff76b3f2eac>@@AEAV<lambda_dd75445284c072d0bd3768540cc698fa>@@$$QEAV<lambda_16bc4ecb55b4718497c16bceaea2ceaf>@@@Z 0000000180036390 f i libucrt:output.obj
 0001:000353d0       ??$?RV<lambda_aa279a7bcb127014629d5b1d62c7325d>@@AEAV<lambda_0a64b6a4deda75c01876f29c44fc5eb3>@@V<lambda_3323e69fbefe9d1a11713e670d47cdfa>@@@?$__crt_seh_guarded_call@H@@QEAAH$$QEAV<lambda_aa279a7bcb127014629d5b1d62c7325d>@@AEAV<lambda_0a64b6a4deda75c01876f29c44fc5eb3>@@$$QEAV<lambda_3323e69fbefe9d1a11713e670d47cdfa>@@@Z 00000001800363d0 f i libucrt:output.obj
 0001:00035410       ??$ensure_buffer_is_big_enough@D@formatting_buffer@__crt_stdio_output@@QEAA_N_K@Z 0000000180036410 f i libucrt:output.obj
 0001:000354bc       ??$is_wide_character_specifier@D@__crt_stdio_output@@YA_N_KDW4length_modifier@0@@Z 00000001800364bc f i libucrt:output.obj
 0001:000354ec       ??$is_wide_character_specifier@_W@__crt_stdio_output@@YA_N_K_WW4length_modifier@0@@Z 00000001800364ec f i libucrt:output.obj
 0001:00035530       ??$type_case_integer_parse_into_buffer@I@?$output_processor@_WV?$string_output_adapter@_W@__crt_stdio_output@@V?$standard_base@_WV?$string_output_adapter@_W@__crt_stdio_output@@@2@@__crt_stdio_output@@AEAAXII_N@Z 0000000180036530 f i libucrt:output.obj
 0001:00035530       ??$type_case_integer_parse_into_buffer@I@?$output_processor@_WV?$stream_output_adapter@_W@__crt_stdio_output@@V?$standard_base@_WV?$stream_output_adapter@_W@__crt_stdio_output@@@2@@__crt_stdio_output@@AEAAXII_N@Z 0000000180036530 f i libucrt:output.obj
 0001:00035530       ??$type_case_integer_parse_into_buffer@I@?$output_processor@DV?$stream_output_adapter@D@__crt_stdio_output@@V?$standard_base@DV?$stream_output_adapter@D@__crt_stdio_output@@@2@@__crt_stdio_output@@AEAAXII_N@Z 0000000180036530 f i libucrt:output.obj
 0001:00035530       ??$type_case_integer_parse_into_buffer@I@?$output_processor@DV?$string_output_adapter@D@__crt_stdio_output@@V?$standard_base@DV?$string_output_adapter@D@__crt_stdio_output@@@2@@__crt_stdio_output@@AEAAXII_N@Z 0000000180036530 f i libucrt:output.obj
 0001:000355cc       ??$type_case_integer_parse_into_buffer@_K@?$output_processor@_WV?$stream_output_adapter@_W@__crt_stdio_output@@V?$standard_base@_WV?$stream_output_adapter@_W@__crt_stdio_output@@@2@@__crt_stdio_output@@AEAAX_KI_N@Z 00000001800365cc f i libucrt:output.obj
 0001:000355cc       ??$type_case_integer_parse_into_buffer@_K@?$output_processor@DV?$stream_output_adapter@D@__crt_stdio_output@@V?$standard_base@DV?$stream_output_adapter@D@__crt_stdio_output@@@2@@__crt_stdio_output@@AEAAX_KI_N@Z 00000001800365cc f i libucrt:output.obj
 0001:000355cc       ??$type_case_integer_parse_into_buffer@_K@?$output_processor@_WV?$string_output_adapter@_W@__crt_stdio_output@@V?$standard_base@_WV?$string_output_adapter@_W@__crt_stdio_output@@@2@@__crt_stdio_output@@AEAAX_KI_N@Z 00000001800365cc f i libucrt:output.obj
 0001:000355cc       ??$type_case_integer_parse_into_buffer@_K@?$output_processor@DV?$string_output_adapter@D@__crt_stdio_output@@V?$standard_base@DV?$string_output_adapter@D@__crt_stdio_output@@@2@@__crt_stdio_output@@AEAAX_KI_N@Z 00000001800365cc f i libucrt:output.obj
 0001:00035668       ??$write_multiple_characters@V?$stream_output_adapter@D@__crt_stdio_output@@D@__crt_stdio_output@@YAXAEBV?$stream_output_adapter@D@0@DHQEAH@Z 0000000180036668 f i libucrt:output.obj
 0001:000356ec       ??$write_multiple_characters@V?$stream_output_adapter@_W@__crt_stdio_output@@D@__crt_stdio_output@@YAXAEBV?$stream_output_adapter@_W@0@DHQEAH@Z 00000001800366ec f i libucrt:output.obj
 0001:0003577c       ??$write_multiple_characters@V?$string_output_adapter@D@__crt_stdio_output@@D@__crt_stdio_output@@YAXAEBV?$string_output_adapter@D@0@DHQEAH@Z 000000018003677c f i libucrt:output.obj
 0001:000357d8       ??$write_multiple_characters@V?$string_output_adapter@_W@__crt_stdio_output@@D@__crt_stdio_output@@YAXAEBV?$string_output_adapter@_W@0@DHQEAH@Z 00000001800367d8 f i libucrt:output.obj
 0001:00035848       ??0?$output_processor@DV?$string_output_adapter@D@__crt_stdio_output@@V?$standard_base@DV?$string_output_adapter@D@__crt_stdio_output@@@2@@__crt_stdio_output@@QEAA@AEBV?$string_output_adapter@D@1@_KQEBDQEAU__crt_locale_pointers@@QEAD@Z 0000000180036848 f i libucrt:output.obj
 0001:00035848       ??0?$output_processor@DV?$stream_output_adapter@D@__crt_stdio_output@@V?$standard_base@DV?$stream_output_adapter@D@__crt_stdio_output@@@2@@__crt_stdio_output@@QEAA@AEBV?$stream_output_adapter@D@1@_KQEBDQEAU__crt_locale_pointers@@QEAD@Z 0000000180036848 f i libucrt:output.obj
 0001:000358c4       ??0?$output_processor@_WV?$string_output_adapter@_W@__crt_stdio_output@@V?$standard_base@_WV?$string_output_adapter@_W@__crt_stdio_output@@@2@@__crt_stdio_output@@QEAA@AEBV?$string_output_adapter@_W@1@_KQEB_WQEAU__crt_locale_pointers@@QEAD@Z 00000001800368c4 f i libucrt:output.obj
 0001:000358c4       ??0?$output_processor@_WV?$stream_output_adapter@_W@__crt_stdio_output@@V?$standard_base@_WV?$stream_output_adapter@_W@__crt_stdio_output@@@2@@__crt_stdio_output@@QEAA@AEBV?$stream_output_adapter@_W@1@_KQEB_WQEAU__crt_locale_pointers@@QEAD@Z 00000001800368c4 f i libucrt:output.obj
 0001:00035b24       ?force_decimal_point@__crt_stdio_output@@YAXPEADQEAU__crt_locale_pointers@@@Z 0000000180036b24 f i libucrt:output.obj
 0001:00035b94       ?parse_int_from_format_string@?$output_processor@DV?$string_output_adapter@D@__crt_stdio_output@@V?$standard_base@DV?$string_output_adapter@D@__crt_stdio_output@@@2@@__crt_stdio_output@@AEAA_NQEAH@Z 0000000180036b94 f i libucrt:output.obj
 0001:00035b94       ?parse_int_from_format_string@?$output_processor@DV?$stream_output_adapter@D@__crt_stdio_output@@V?$standard_base@DV?$stream_output_adapter@D@__crt_stdio_output@@@2@@__crt_stdio_output@@AEAA_NQEAH@Z 0000000180036b94 f i libucrt:output.obj
 0001:00035c18       ?parse_int_from_format_string@?$output_processor@_WV?$string_output_adapter@_W@__crt_stdio_output@@V?$standard_base@_WV?$string_output_adapter@_W@__crt_stdio_output@@@2@@__crt_stdio_output@@AEAA_NQEAH@Z 0000000180036c18 f i libucrt:output.obj
 0001:00035c18       ?parse_int_from_format_string@?$output_processor@_WV?$stream_output_adapter@_W@__crt_stdio_output@@V?$standard_base@_WV?$stream_output_adapter@_W@__crt_stdio_output@@@2@@__crt_stdio_output@@AEAA_NQEAH@Z 0000000180036c18 f i libucrt:output.obj
 0001:00035c98       ?process@?$output_processor@DV?$stream_output_adapter@D@__crt_stdio_output@@V?$standard_base@DV?$stream_output_adapter@D@__crt_stdio_output@@@2@@__crt_stdio_output@@QEAAHXZ 0000000180036c98 f i libucrt:output.obj
 0001:00035ea8       ?process@?$output_processor@DV?$string_output_adapter@D@__crt_stdio_output@@V?$standard_base@DV?$string_output_adapter@D@__crt_stdio_output@@@2@@__crt_stdio_output@@QEAAHXZ 0000000180036ea8 f i libucrt:output.obj
 0001:000360ac       ?process@?$output_processor@_WV?$stream_output_adapter@_W@__crt_stdio_output@@V?$standard_base@_WV?$stream_output_adapter@_W@__crt_stdio_output@@@2@@__crt_stdio_output@@QEAAHXZ 00000001800370ac f i libucrt:output.obj
 0001:00036324       ?process@?$output_processor@_WV?$string_output_adapter@_W@__crt_stdio_output@@V?$standard_base@_WV?$string_output_adapter@_W@__crt_stdio_output@@@2@@__crt_stdio_output@@QEAAHXZ 0000000180037324 f i libucrt:output.obj
 0001:000365a0       ?state_case_normal@?$output_processor@DV?$stream_output_adapter@D@__crt_stdio_output@@V?$standard_base@DV?$stream_output_adapter@D@__crt_stdio_output@@@2@@__crt_stdio_output@@AEAA_NXZ 00000001800375a0 f i libucrt:output.obj
 0001:00036610       ?state_case_normal@?$output_processor@DV?$string_output_adapter@D@__crt_stdio_output@@V?$standard_base@DV?$string_output_adapter@D@__crt_stdio_output@@@2@@__crt_stdio_output@@AEAA_NXZ 0000000180037610 f i libucrt:output.obj
 0001:00036684       ?state_case_normal_tchar@?$output_processor@DV?$stream_output_adapter@D@__crt_stdio_output@@V?$standard_base@DV?$stream_output_adapter@D@__crt_stdio_output@@@2@@__crt_stdio_output@@AEAA_ND@Z 0000000180037684 f i libucrt:output.obj
 0001:00036718       ?state_case_normal_tchar@?$output_processor@DV?$string_output_adapter@D@__crt_stdio_output@@V?$standard_base@DV?$string_output_adapter@D@__crt_stdio_output@@@2@@__crt_stdio_output@@AEAA_ND@Z 0000000180037718 f i libucrt:output.obj
 0001:000367b0       ?state_case_size@?$output_processor@DV?$stream_output_adapter@D@__crt_stdio_output@@V?$standard_base@DV?$stream_output_adapter@D@__crt_stdio_output@@@2@@__crt_stdio_output@@AEAA_NXZ 00000001800377b0 f i libucrt:output.obj
 0001:0003692c       ?state_case_size@?$output_processor@DV?$string_output_adapter@D@__crt_stdio_output@@V?$standard_base@DV?$string_output_adapter@D@__crt_stdio_output@@@2@@__crt_stdio_output@@AEAA_NXZ 000000018003792c f i libucrt:output.obj
 0001:00036aa8       ?state_case_size@?$output_processor@_WV?$stream_output_adapter@_W@__crt_stdio_output@@V?$standard_base@_WV?$stream_output_adapter@_W@__crt_stdio_output@@@2@@__crt_stdio_output@@AEAA_NXZ 0000000180037aa8 f i libucrt:output.obj
 0001:00036c4c       ?state_case_size@?$output_processor@_WV?$string_output_adapter@_W@__crt_stdio_output@@V?$standard_base@_WV?$string_output_adapter@_W@__crt_stdio_output@@@2@@__crt_stdio_output@@AEAA_NXZ 0000000180037c4c f i libucrt:output.obj
 0001:00036df0       ?state_case_type@?$output_processor@DV?$stream_output_adapter@D@__crt_stdio_output@@V?$standard_base@DV?$stream_output_adapter@D@__crt_stdio_output@@@2@@__crt_stdio_output@@AEAA_NXZ 0000000180037df0 f i libucrt:output.obj
 0001:0003706c       ?state_case_type@?$output_processor@DV?$string_output_adapter@D@__crt_stdio_output@@V?$standard_base@DV?$string_output_adapter@D@__crt_stdio_output@@@2@@__crt_stdio_output@@AEAA_NXZ 000000018003806c f i libucrt:output.obj
 0001:000372e8       ?state_case_type@?$output_processor@_WV?$stream_output_adapter@_W@__crt_stdio_output@@V?$standard_base@_WV?$stream_output_adapter@_W@__crt_stdio_output@@@2@@__crt_stdio_output@@AEAA_NXZ 00000001800382e8 f i libucrt:output.obj
 0001:000375b4       ?state_case_type@?$output_processor@_WV?$string_output_adapter@_W@__crt_stdio_output@@V?$standard_base@_WV?$string_output_adapter@_W@__crt_stdio_output@@@2@@__crt_stdio_output@@AEAA_NXZ 00000001800385b4 f i libucrt:output.obj
 0001:00037880       ?type_case_Z@?$output_processor@DV?$stream_output_adapter@D@__crt_stdio_output@@V?$standard_base@DV?$stream_output_adapter@D@__crt_stdio_output@@@2@@__crt_stdio_output@@AEAA_NXZ 0000000180038880 f i libucrt:output.obj
 0001:00037880       ?type_case_Z@?$output_processor@DV?$string_output_adapter@D@__crt_stdio_output@@V?$standard_base@DV?$string_output_adapter@D@__crt_stdio_output@@@2@@__crt_stdio_output@@AEAA_NXZ 0000000180038880 f i libucrt:output.obj
 0001:00037900       ?type_case_Z@?$output_processor@_WV?$string_output_adapter@_W@__crt_stdio_output@@V?$standard_base@_WV?$string_output_adapter@_W@__crt_stdio_output@@@2@@__crt_stdio_output@@AEAA_NXZ 0000000180038900 f i libucrt:output.obj
 0001:00037900       ?type_case_Z@?$output_processor@_WV?$stream_output_adapter@_W@__crt_stdio_output@@V?$standard_base@_WV?$stream_output_adapter@_W@__crt_stdio_output@@@2@@__crt_stdio_output@@AEAA_NXZ 0000000180038900 f i libucrt:output.obj
 0001:00037980       ?type_case_a@?$output_processor@DV?$stream_output_adapter@D@__crt_stdio_output@@V?$standard_base@DV?$stream_output_adapter@D@__crt_stdio_output@@@2@@__crt_stdio_output@@AEAA_NXZ 0000000180038980 f i libucrt:output.obj
 0001:00037980       ?type_case_a@?$output_processor@DV?$string_output_adapter@D@__crt_stdio_output@@V?$standard_base@DV?$string_output_adapter@D@__crt_stdio_output@@@2@@__crt_stdio_output@@AEAA_NXZ 0000000180038980 f i libucrt:output.obj
[...]
 0004:00003a14       $pdata$_log_special_common 0000000180093a14     libucrt:log_special.obj
 0004:00003a20       $pdata$_IsNonwritableInCurrentImage 0000000180093a20     LIBCMT:pesect.obj
 0004:00003a2c       $pdata$strrchr             0000000180093a2c     libvcruntime:strrchr.obj
 0004:00003a38       $pdata$wcschr              0000000180093a38     libvcruntime:wcschr.obj
 0004:00003a50       $pdata$?dtor$0@?0???0?$basic_ostream@DU?$char_traits@D@std@@@std@@QEAA@PEAV?$basic_streambuf@DU?$char_traits@D@std@@@1@_N@Z@4HA 0000000180093a50     libcpmt:cout.obj
 0004:00003a5c       $pdata$?dtor$0@?0??_Getcat@?$codecvt@DDU_Mbstatet@@@std@@SA_KPEAPEBVfacet@locale@2@PEBV42@@Z@4HA 0000000180093a5c     libcpmt:cout.obj
 0004:00003a68       $pdata$?dtor$0@?0??_Getcat@?$ctype@D@std@@SA_KPEAPEBVfacet@locale@2@PEBV42@@Z@4HA 0000000180093a68     libcpmt:cout.obj
 0004:00003a74       $pdata$__scrt_is_nonwritable_in_current_image$filt$0 0000000180093a74     LIBCMT:utility.obj
 0004:00003a80       $pdata$?fin$0@?0??dllmain_crt_process_attach@@YAHQEAUHINSTANCE__@@QEAX@Z@4HA 0000000180093a80     LIBCMT:dll_dllmain.obj
 0004:00003a8c       $pdata$?fin$0@?0??dllmain_crt_process_detach@@YAH_N@Z@4HA 0000000180093a8c     LIBCMT:dll_dllmain.obj
 0004:00003a98       $pdata$?filt$0@?0??dllmain_dispatch@@YAHQEAUHINSTANCE__@@KQEAX@Z@4HA 0000000180093a98     LIBCMT:dll_dllmain.obj
 0004:00003aa4       $pdata$__CxxCallCatchBlock$filt$0 0000000180093aa4     libvcruntime:frame.obj
 0004:00003ab0       $pdata$__CxxCallCatchBlock$fin$1 0000000180093ab0     libvcruntime:frame.obj
 0004:00003abc       $pdata$__DestructExceptionObject$filt$0 0000000180093abc     libvcruntime:frame.obj
 0004:00003ac8       $pdata$__FrameUnwindToState$filt$0 0000000180093ac8     libvcruntime:frame.obj
 0004:00003ad4       $pdata$__FrameUnwindToState$fin$1 0000000180093ad4     libvcruntime:frame.obj
 0004:00003ae0       $pdata$_CallSETranslator$filt$0 0000000180093ae0     libvcruntime:trnsctrl.obj
 0004:00003aec       $pdata$?fin$0@?0???$common_fsopen@D@@YAPEAU_iobuf@@QEBD0H@Z@4HA 0000000180093aec     libucrt:fopen.obj
 0004:00003af8       $pdata$?fin$0@?0???$common_fgets@D@@YAPEADQEADHV__crt_stdio_stream@@@Z@4HA 0000000180093af8     libucrt:fgets.obj
 0004:00003b04       $pdata$fread_s$fin$0       0000000180093b04     libucrt:fread.obj
 0004:00003b10       $pdata$common_flush_all$fin$0 0000000180093b10     libucrt:fflush.obj
 0004:00003b1c       $pdata$common_flush_all$fin$1 0000000180093b1c     libucrt:fflush.obj
 0004:00003b28       $pdata$fflush$fin$0        0000000180093b28     libucrt:fflush.obj
 0004:00003b28       $pdata$fclose$fin$0        0000000180093b28     libucrt:fclose.obj
 0004:00003b34       $pdata$fgetc$fin$0         0000000180093b34     libucrt:fgetc.obj
 0004:00003b40       $pdata$fputc$fin$0         0000000180093b40     libucrt:fputc.obj
 0004:00003b4c       $pdata$?fin$0@?0??common_fseek@@YAHV__crt_stdio_stream@@_JH@Z@4HA 0000000180093b4c     libucrt:fseek.obj
 0004:00003b4c       $pdata$?fin$0@?0???$common_ftell@_J@@YA_JV__crt_stdio_stream@@@Z@4HA 0000000180093b4c     libucrt:ftell.obj
 0004:00003b58       $pdata$?fin$0@?0???$?RV<lambda_7a5ef57ff966f610505f1d28a3d40618>@@AEAV<lambda_b721fa326cdb32351d23dfa67958c160>@@V<lambda_5e0fb27672408a07956fe59e48ccb2aa>@@@?$__crt_seh_guarded_call@H@@QEAAH$$QEAV<lambda_7a5ef57ff966f610505f1d28a3d40618>@@AEAV<lambda_b721fa326cdb32351d23dfa67958c160>@@$$QEAV<lambda_5e0fb27672408a07956fe59e48ccb2aa>@@@Z@4HA 0000000180093b58     libucrt:setvbuf.obj
 0004:00003b58       $pdata$?fin$0@?0???$?RV<lambda_5d4c3fee44080f75d5d9762853974fe0>@@AEAV<lambda_532e024f4337e6fc7ad266c2bef9f4ed>@@V<lambda_c87bdc10097eb2402edb8ba9bdf0697b>@@@?$__crt_seh_guarded_call@_K@@QEAA_K$$QEAV<lambda_5d4c3fee44080f75d5d9762853974fe0>@@AEAV<lambda_532e024f4337e6fc7ad266c2bef9f4ed>@@$$QEAV<lambda_c87bdc10097eb2402edb8ba9bdf0697b>@@@Z@4HA 0000000180093b58     libucrt:fwrite.obj
 0004:00003b58       $pdata$?fin$0@?0???$?RV<lambda_7b91131dde12e1c3dfc74ff76b3f2eac>@@AEAV<lambda_dd75445284c072d0bd3768540cc698fa>@@V<lambda_16bc4ecb55b4718497c16bceaea2ceaf>@@@?$__crt_seh_guarded_call@H@@QEAAH$$QEAV<lambda_7b91131dde12e1c3dfc74ff76b3f2eac>@@AEAV<lambda_dd75445284c072d0bd3768540cc698fa>@@$$QEAV<lambda_16bc4ecb55b4718497c16bceaea2ceaf>@@@Z@4HA 0000000180093b58     libucrt:output.obj
 0004:00003b58       $pdata$?fin$0@?0???$?RV<lambda_aa279a7bcb127014629d5b1d62c7325d>@@AEAV<lambda_0a64b6a4deda75c01876f29c44fc5eb3>@@V<lambda_3323e69fbefe9d1a11713e670d47cdfa>@@@?$__crt_seh_guarded_call@H@@QEAAH$$QEAV<lambda_aa279a7bcb127014629d5b1d62c7325d>@@AEAV<lambda_0a64b6a4deda75c01876f29c44fc5eb3>@@$$QEAV<lambda_3323e69fbefe9d1a11713e670d47cdfa>@@@Z@4HA 0000000180093b58     libucrt:output.obj
 0004:00003b64       $pdata$ungetc$fin$0        0000000180093b64     libucrt:ungetc.obj
 0004:00003b70       $pdata$setlocale$fin$0     0000000180093b70     libucrt:setlocale.obj
 0004:00003b7c       $pdata$_query_new_handler$fin$0 0000000180093b7c     libucrt:new_handler.obj
 0004:00003b88       $pdata$?filt$0@?0??common_exit@@YAXHW4_crt_exit_cleanup_mode@@W4_crt_exit_return_mode@@@Z@4HA 0000000180093b88     libucrt:exit.obj
 0004:00003b94       $pdata$?fin$1@?0??common_exit@@YAXHW4_crt_exit_cleanup_mode@@W4_crt_exit_return_mode@@@Z@4HA 0000000180093b94     libucrt:exit.obj
 0004:00003ba0       $pdata$?fin$0@?0???$?RV<lambda_e24bbb7b643b32fcea6fa61b31d4c984>@@AEAV<lambda_275893d493268fdec8709772e3fcec0e>@@V<lambda_9d71df4d7cf3f480f8d633942495c3b0>@@@?$__crt_seh_guarded_call@H@@QEAAH$$QEAV<lambda_e24bbb7b643b32fcea6fa61b31d4c984>@@AEAV<lambda_275893d493268fdec8709772e3fcec0e>@@$$QEAV<lambda_9d71df4d7cf3f480f8d633942495c3b0>@@@Z@4HA 0000000180093ba0     libucrt:onexit.obj
 0004:00003bac       $pdata$raise$fin$0         0000000180093bac     libucrt:signal.obj
 0004:00003bb8       $pdata$?fin$0@?0???$?RV<lambda_5df02c53a8f32f81fd64e5bbb78039f1>@@AEAV<lambda_2af78c5f5901b1372d98f9ab3177dfa6>@@AEAV<lambda_f51fe5fd7c79a33db34fc9310f277369>@@@?$__crt_seh_guarded_call@X@@QEAAX$$QEAV<lambda_5df02c53a8f32f81fd64e5bbb78039f1>@@AEAV<lambda_2af78c5f5901b1372d98f9ab3177dfa6>@@AEAV<lambda_f51fe5fd7c79a33db34fc9310f277369>@@@Z@4HA 0000000180093bb8     libucrt:wsetlocale.obj
 0004:00003bc4       $pdata$?fin$0@?0???$?RV<lambda_46352004c1216016012b18bd6f87e700>@@AEAV<lambda_3bd07e1a1191394380780325891bf33f>@@V<lambda_334532d3f185bcaa59b5be82d7d22bff>@@@?$__crt_seh_guarded_call@X@@QEAAX$$QEAV<lambda_46352004c1216016012b18bd6f87e700>@@AEAV<lambda_3bd07e1a1191394380780325891bf33f>@@$$QEAV<lambda_334532d3f185bcaa59b5be82d7d22bff>@@@Z@4HA 0000000180093bc4     libucrt:per_thread_data.obj
 0004:00003bc4       $pdata$?fin$0@?0???$?RV<lambda_5e887d1dcbef67a5eb4283622ba103bf>@@AEAV<lambda_4466841279450cc726390878d4a41900>@@V<lambda_341c25c0346d94847f1f3c463c57e077>@@@?$__crt_seh_guarded_call@X@@QEAAX$$QEAV<lambda_5e887d1dcbef67a5eb4283622ba103bf>@@AEAV<lambda_4466841279450cc726390878d4a41900>@@$$QEAV<lambda_341c25c0346d94847f1f3c463c57e077>@@@Z@4HA 0000000180093bc4     libucrt:per_thread_data.obj
 0004:00003bc4       $pdata$?fin$0@?0???$?RV<lambda_fb3a7dec4e47f37f22dae91bb15c9095>@@AEAV<lambda_698284760c8add0bfb0756c19673e34b>@@V<lambda_dfb8eca1e75fef3034a8fb18dd509707>@@@?$__crt_seh_guarded_call@X@@QEAAX$$QEAV<lambda_fb3a7dec4e47f37f22dae91bb15c9095>@@AEAV<lambda_698284760c8add0bfb0756c19673e34b>@@$$QEAV<lambda_dfb8eca1e75fef3034a8fb18dd509707>@@@Z@4HA 0000000180093bc4     libucrt:per_thread_data.obj
 0004:00003bc4       $pdata$?fin$0@?0???$?RV<lambda_72d1df2b273a38828b1ce30cbf4cdab5>@@AEAV<lambda_876a65b173b8412d3a47c70a915b0cf4>@@V<lambda_41932305e351933ebe8f8be3ed8bb5dc>@@@?$__crt_seh_guarded_call@X@@QEAAX$$QEAV<lambda_72d1df2b273a38828b1ce30cbf4cdab5>@@AEAV<lambda_876a65b173b8412d3a47c70a915b0cf4>@@$$QEAV<lambda_41932305e351933ebe8f8be3ed8bb5dc>@@@Z@4HA 0000000180093bc4     libucrt:per_thread_data.obj
 0004:00003bc4       $pdata$?fin$0@?0???$?RV<lambda_c36588078e9f5dfd39652860aa6b3aaf>@@AEAV<lambda_ec61778202f4f5fc7e7711acc23c3bca>@@V<lambda_dc9d2797ccde5d239b4a0efae8ebd7db>@@@?$__crt_seh_guarded_call@P6AXH@Z@@QEAAP6AXH@Z$$QEAV<lambda_c36588078e9f5dfd39652860aa6b3aaf>@@AEAV<lambda_ec61778202f4f5fc7e7711acc23c3bca>@@$$QEAV<lambda_dc9d2797ccde5d239b4a0efae8ebd7db>@@@Z@4HA 0000000180093bc4     libucrt:signal.obj
 0004:00003bc4       $pdata$?fin$0@?0???$?RV<lambda_b8c45f8f788dd370798f47cfe8ac3a86>@@AEAV<lambda_4e60a939b0d047cfe11ddc22648dfba9>@@V<lambda_332c3edc96d0294ec56c57d38c1cdfd5>@@@?$__crt_seh_guarded_call@H@@QEAAH$$QEAV<lambda_b8c45f8f788dd370798f47cfe8ac3a86>@@AEAV<lambda_4e60a939b0d047cfe11ddc22648dfba9>@@$$QEAV<lambda_332c3edc96d0294ec56c57d38c1cdfd5>@@@Z@4HA 0000000180093bc4     libucrt:onexit.obj
 0004:00003bc4       $pdata$?fin$0@?0???$?RV<lambda_630b2aca97f6d20d5b5ea6529ea6b6af>@@AEAV<lambda_af91936f1d075d609f72d9d8cba980af>@@V<lambda_e82fa975f615b5c7c7b0e4d178fdae67>@@@?$__crt_seh_guarded_call@H@@QEAAH$$QEAV<lambda_630b2aca97f6d20d5b5ea6529ea6b6af>@@AEAV<lambda_af91936f1d075d609f72d9d8cba980af>@@$$QEAV<lambda_e82fa975f615b5c7c7b0e4d178fdae67>@@@Z@4HA 0000000180093bc4     libucrt:winapi_thunks.obj
 0004:00003bc4       $pdata$?fin$0@?0???$?RV<lambda_99476a1ad63dd22509b5d3e65b0ffc95>@@AEAV<lambda_ad1ced32f4ac17aa236e5ef05d6b3b7c>@@V<lambda_f7424dd8d45958661754dc4f2697e9c3>@@@?$__crt_seh_guarded_call@X@@QEAAX$$QEAV<lambda_99476a1ad63dd22509b5d3e65b0ffc95>@@AEAV<lambda_ad1ced32f4ac17aa236e5ef05d6b3b7c>@@$$QEAV<lambda_f7424dd8d45958661754dc4f2697e9c3>@@@Z@4HA 0000000180093bc4     libucrt:mbctype.obj
 0004:00003bc4       $pdata$?fin$0@?0???$?RV<lambda_d67e8342c384adda8f857579ab50b2ae>@@AEAV<lambda_30712929f77e709619002f448b6a9510>@@V<lambda_4525336fd7e478d965fb7ca7a337cad8>@@@?$__crt_seh_guarded_call@X@@QEAAX$$QEAV<lambda_d67e8342c384adda8f857579ab50b2ae>@@AEAV<lambda_30712929f77e709619002f448b6a9510>@@$$QEAV<lambda_4525336fd7e478d965fb7ca7a337cad8>@@@Z@4HA 0000000180093bc4     libucrt:wsetlocale.obj
 0004:00003bd0       $pdata$__acrt_lowio_ensure_fh_exists$fin$0 0000000180093bd0     libucrt:osfinfo.obj
 0004:00003bd0       $pdata$_alloc_osfhnd$fin$0 0000000180093bd0     libucrt:osfinfo.obj
 0004:00003bd0       $pdata$__acrt_initialize_lowio$fin$0 0000000180093bd0     libucrt:ioinit.obj
 0004:00003bdc       $pdata$?fin$0@?0??__acrt_stdio_allocate_stream@@YA?AV__crt_stdio_stream@@XZ@4HA 0000000180093bdc     libucrt:stream.obj
 0004:00003bdc       $pdata$_fcloseall$fin$0    0000000180093bdc     libucrt:closeall.obj
 0004:00003be8       $pdata$?fin$0@?0???$?RV<lambda_bfedae4ebbf01fab1bb6dcc6a9e276e0>@@AEAV<lambda_2fe9b910cf3cbf4a0ab98a02ba45b3ec>@@V<lambda_237c231691f317818eb88cc1d5d642d6>@@@?$__crt_seh_guarded_call@H@@QEAAH$$QEAV<lambda_bfedae4ebbf01fab1bb6dcc6a9e276e0>@@AEAV<lambda_2fe9b910cf3cbf4a0ab98a02ba45b3ec>@@$$QEAV<lambda_237c231691f317818eb88cc1d5d642d6>@@@Z@4HA 0000000180093be8     libucrt:close.obj
 0004:00003be8       $pdata$?fin$0@?0???$?RV<lambda_b521505b218e5242e90febf6bfebc422>@@AEAV<lambda_6978c1fb23f02e42e1d9e99668cc68aa>@@V<lambda_314360699dd331753a4119843814e9a7>@@@?$__crt_seh_guarded_call@H@@QEAAH$$QEAV<lambda_b521505b218e5242e90febf6bfebc422>@@AEAV<lambda_6978c1fb23f02e42e1d9e99668cc68aa>@@$$QEAV<lambda_314360699dd331753a4119843814e9a7>@@@Z@4HA 0000000180093be8     libucrt:commit.obj
 0004:00003bf4       $pdata$_write$fin$0        0000000180093bf4     libucrt:write.obj
 0004:00003bf4       $pdata$?fin$0@?0???$common_lseek@_J@@YA_JH_JH@Z@4HA 0000000180093bf4     libucrt:lseek.obj
 0004:00003bf4       $pdata$_read$fin$0         0000000180093bf4     libucrt:read.obj
 0004:00003c00       $pdata$__acrt_update_thread_multibyte_data$fin$0 0000000180093c00     libucrt:mbctype.obj
 0004:00003c0c       $pdata$__acrt_update_thread_locale_data$fin$0 0000000180093c0c     libucrt:locale_refcounting.obj
 0004:00003c0c       $pdata$__acrt_uninitialize_locale$fin$0 0000000180093c0c     libucrt:wsetlocale.obj
 0004:00003c18       $pdata$?fin$0@?0???$common_sopen_dispatch@D@@YAHQEBDHHHQEAHH@Z@4HA 0000000180093c18     libucrt:open.obj
 0004:00003c24       $pdata$common_control87$filt$0 0000000180093c24     libucrt:ieee.obj
 0004:00003c24       $pdata$_ctrlfp$filt$0      0000000180093c24     libucrt:fpctrl.obj
 0004:00003c30       $pdata$_IsNonwritableInCurrentImage$filt$0 0000000180093c30     LIBCMT:pesect.obj
 0004:00003c3c       $pdata$??__Fcout@std@@YAXXZ 0000000180093c3c     libcpmt:cout.obj
 0004:00003c48       $pdata$??__F_Fac_tidy_reg@std@@YAXXZ 0000000180093c48     libcpmt:locale0.obj
 0004:00003c54       $pdata$??__Fclassic_locale@std@@YAXXZ 0000000180093c54     libcpmt:locale0.obj
 0004:00003c60       $pdata$??__Finit_atexit@@YAXXZ 0000000180093c60     libcpmt:iosptrs.obj
 0005:00000000       __guard_fids__             0000000180094000     libucrt:initialization.obj
 0005:00000060       __guard_fids___acrt_show_wide_message_box 0000000180094060     libucrt:crtmbox.obj
 0005:00000064       __guard_fids___acrt_initialize_ptd 0000000180094064     libucrt:per_thread_data.obj
 0005:00000068       __guard_fids__             0000000180094068     libucrt:wsetlocale.obj
 0005:00000080       __guard_fids__             0000000180094080     libucrt:stdio_initializer.obj
 0005:00000084       __guard_fids__             0000000180094084     libucrt:stdio_initializer.obj
 0005:00000088       __guard_fids_??$?RV<lambda_630b2aca97f6d20d5b5ea6529ea6b6af>@@AEAV<lambda_af91936f1d075d609f72d9d8cba980af>@@V<lambda_e82fa975f615b5c7c7b0e4d178fdae67>@@@?$__crt_seh_guarded_call@H@@QEAAH$$QEAV<lambda_630b2aca97f6d20d5b5ea6529ea6b6af>@@AEAV<lambda_af91936f1d075d609f72d9d8cba980af>@@$$QEAV<lambda_e82fa975f615b5c7c7b0e4d178fdae67>@@@Z 0000000180094088     libucrt:winapi_thunks.obj
 0005:0000008c       __guard_fids__             000000018009408c     libucrt:clock_initializer.obj
 0005:00000090       __guard_fids_??$expand_argument_wildcards@D@@YAHQEAD0AEAV?$argument_list@D@?A0xca0879c4@@@Z 0000000180094090     libucrt:argv_wildcards.obj
 0005:00000094       __guard_fids__             0000000180094094     libucrt:locale_initializer.obj
 0005:00000098       __guard_fids_GetLocaleNameFromLangCountry 0000000180094098     libucrt:get_qualified_locale.obj
 0005:0000009c       __guard_fids_GetLocaleNameFromLanguage 000000018009409c     libucrt:get_qualified_locale.obj
 0005:000000a0       __guard_fids___acrt_get_qualified_locale_downlevel 00000001800940a0     libucrt:getqloc_downlevel.obj
 0005:000000a4       __guard_fids_GetLcidFromLangCountry 00000001800940a4     libucrt:getqloc_downlevel.obj
 0005:000000a8       __guard_fids_GetLcidFromLanguage 00000001800940a8     libucrt:getqloc_downlevel.obj
 0005:000000ac       __guard_fids__             00000001800940ac     libucrt:fma3_initializer.obj
 0005:000000b0       __guard_fids__             00000001800940b0     libucrt:timeset_initializer.obj
 0005:000000b4       __guard_fids__             00000001800940b4     libucrt:multibyte_initializer.obj
 0005:000000b8       __guard_fids__             00000001800940b8     libucrt:console_output_initializer.obj
 0005:000000bc       __guard_fids__             00000001800940bc     libcpmt:xthrow.obj
 0005:000000c4       __guard_fids__             00000001800940c4     libcpmt:xthrow.obj
 0005:000000cc       __guard_fids__             00000001800940cc     libcpmt:xthrow.obj
 0005:000000d4       __guard_fids__             00000001800940d4     libcpmt:xthrow.obj
 0005:000000dc       __guard_fids__             00000001800940dc     libcpmt:xthrow.obj
 0005:000000e4       __guard_fids__             00000001800940e4     libcpmt:xthrow.obj
 0005:000000ec       __guard_fids_??__Einitlocks@@YAXXZ 00000001800940ec     libcpmt:cout.obj
 0005:000000f0       __guard_fids_??__Efout@std@@YAXXZ 00000001800940f0     libcpmt:cout.obj
 0005:000000f4       __guard_fids_??__Ecout@std@@YAXXZ 00000001800940f4     libcpmt:cout.obj
 0005:000000f8       __guard_fids__             00000001800940f8     libcpmt:cout.obj
 0005:00000100       __guard_fids__             0000000180094100     libcpmt:cout.obj
 0005:0000010c       __guard_fids__             000000018009410c     libcpmt:cout.obj
 0005:00000138       __guard_fids__             0000000180094138     libcpmt:cout.obj
 0005:00000150       __guard_fids__             0000000180094150     libcpmt:cout.obj
 0005:00000158       __guard_fids__             0000000180094158     libcpmt:cout.obj
 0005:00000170       __guard_fids__             0000000180094170     libcpmt:cout.obj
 0005:00000178       __guard_fids__             0000000180094178     libcpmt:cout.obj
 0005:0000017c       __guard_fids__             000000018009417c     libcpmt:cout.obj
 0005:000001b8       __guard_fids__             00000001800941b8     libcpmt:cout.obj
 0005:000001f4       __guard_fids__             00000001800941f4     libcpmt:cout.obj
 0005:000001f8       __guard_fids__             00000001800941f8     libcpmt:cout.obj
 0005:000001fc       __guard_fids__             00000001800941fc     libcpmt:cout.obj
 0005:00000224       __guard_fids__             0000000180094224     libcpmt:cout.obj
 0005:00000228       __guard_fids__             0000000180094228     libcpmt:cout.obj
 0005:0000022c       __guard_fids__             000000018009422c     libcpmt:cout.obj
 0005:00000230       __guard_fids__             0000000180094230     libcpmt:cout.obj
 0005:00000234       __guard_fids_??__Einitlocks@std@@YAXXZ 0000000180094234     libcpmt:xlock.obj
 0005:00000238       __guard_fids__             0000000180094238     libcpmt:xlock.obj
 0005:0000023c       __guard_fids_??__E_Fac_tidy_reg@std@@YAXXZ 000000018009423c     libcpmt:locale0.obj
 0005:00000240       __guard_fids_?_Setgloballocale@locale@std@@CAXPEAX@Z 0000000180094240     libcpmt:locale0.obj
 0005:00000244       __guard_fids_??__Eclassic_locale@std@@YAXXZ 0000000180094244     libcpmt:locale0.obj
 0005:00000248       __guard_fids__             0000000180094248     libcpmt:locale0.obj
 0005:00000254       __guard_fids__             0000000180094254     libcpmt:locale0.obj
 0005:00000258       __guard_fids__             0000000180094258     libcpmt:locale0.obj
 0005:0000025c       __guard_fids_??__Einitlocks@std@@YAXXZ 000000018009425c     libcpmt:iosptrs.obj
 0005:00000260       __guard_fids_??__Einit_atexit@@YAXXZ 0000000180094260     libcpmt:iosptrs.obj
 0005:00000264       __guard_fids__             0000000180094264     libcpmt:iosptrs.obj
 0005:00000268       __guard_fids__             0000000180094268     libcpmt:iosptrs.obj
 0005:0000026c       __guard_fids__             000000018009426c     libcpmt:winapisupp.obj
 0005:00000270       __guard_fids_?dllmain_crt_process_attach@@YAHQEAUHINSTANCE__@@QEAX@Z 0000000180094270     LIBCMT:dll_dllmain.obj
 0005:00000278       __guard_fids_?dllmain_dispatch@@YAHQEAUHINSTANCE__@@KQEAX@Z 0000000180094278     LIBCMT:dll_dllmain.obj
 0005:0000027c       __guard_fids__             000000018009427c     LIBCMT:thread_safe_statics.obj
 0005:00000280       __guard_fids_?__scrt_initialize_thread_safe_statics@@YAHXZ 0000000180094280     LIBCMT:thread_safe_statics.obj
 0005:00000284       __guard_fids__             0000000180094284     LIBCMT:std_type_info_static.obj
 0005:00000288       __guard_fids__             0000000180094288     LIBCMT:throw_bad_alloc.obj
 0005:00000290       __guard_fids__             0000000180094290     LIBCMT:guard_support.obj
 0005:00000294       __guard_fids__             0000000180094294     libvcruntime:frame.obj
 0005:00000298       __guard_fids__             0000000180094298     libvcruntime:frame.obj
 0005:000002a0       __guard_fids__UnwindNestedFrames 00000001800942a0     libvcruntime:trnsctrl.obj
 0005:000002a4       __guard_fids___vcrt_initialize_ptd 00000001800942a4     libvcruntime:per_thread_data.obj
 0007:00000060       $R000000                   0000000180096060     * linker generated manifest res *

 Exports

  ordinal    name

        1    _register_nodehun_
